Archive member included to satisfy reference by file (symbol)

c:/st/stm32cubeide_1.6.1/stm32cubeide/plugins/com.st.stm32cube.ide.mcu.externaltools.gnu-tools-for-stm32.10.3-2021.10.win32_1.0.200.202301161003/tools/bin/../lib/gcc/arm-none-eabi/10.3.1/../../../../arm-none-eabi/lib/thumb/v7e-m+fp/hard\libstdc++_nano.a(pure.o)
                              ./Core/Src/Ros_communication.o (__cxa_pure_virtual)
c:/st/stm32cubeide_1.6.1/stm32cubeide/plugins/com.st.stm32cube.ide.mcu.externaltools.gnu-tools-for-stm32.10.3-2021.10.win32_1.0.200.202301161003/tools/bin/../lib/gcc/arm-none-eabi/10.3.1/../../../../arm-none-eabi/lib/thumb/v7e-m+fp/hard\libstdc++_nano.a(eh_terminate.o)
                              c:/st/stm32cubeide_1.6.1/stm32cubeide/plugins/com.st.stm32cube.ide.mcu.externaltools.gnu-tools-for-stm32.10.3-2021.10.win32_1.0.200.202301161003/tools/bin/../lib/gcc/arm-none-eabi/10.3.1/../../../../arm-none-eabi/lib/thumb/v7e-m+fp/hard\libstdc++_nano.a(pure.o) (std::terminate())
c:/st/stm32cubeide_1.6.1/stm32cubeide/plugins/com.st.stm32cube.ide.mcu.externaltools.gnu-tools-for-stm32.10.3-2021.10.win32_1.0.200.202301161003/tools/bin/../lib/gcc/arm-none-eabi/10.3.1/../../../../arm-none-eabi/lib/thumb/v7e-m+fp/hard\libstdc++_nano.a(eh_unex_handler.o)
                              c:/st/stm32cubeide_1.6.1/stm32cubeide/plugins/com.st.stm32cube.ide.mcu.externaltools.gnu-tools-for-stm32.10.3-2021.10.win32_1.0.200.202301161003/tools/bin/../lib/gcc/arm-none-eabi/10.3.1/../../../../arm-none-eabi/lib/thumb/v7e-m+fp/hard\libstdc++_nano.a(eh_terminate.o) (__cxxabiv1::__unexpected_handler)
c:/st/stm32cubeide_1.6.1/stm32cubeide/plugins/com.st.stm32cube.ide.mcu.externaltools.gnu-tools-for-stm32.10.3-2021.10.win32_1.0.200.202301161003/tools/bin/../lib/gcc/arm-none-eabi/10.3.1/../../../../arm-none-eabi/lib/thumb/v7e-m+fp/hard\libstdc++_nano.a(eh_term_handler.o)
                              c:/st/stm32cubeide_1.6.1/stm32cubeide/plugins/com.st.stm32cube.ide.mcu.externaltools.gnu-tools-for-stm32.10.3-2021.10.win32_1.0.200.202301161003/tools/bin/../lib/gcc/arm-none-eabi/10.3.1/../../../../arm-none-eabi/lib/thumb/v7e-m+fp/hard\libstdc++_nano.a(eh_terminate.o) (__cxxabiv1::__terminate_handler)
c:/st/stm32cubeide_1.6.1/stm32cubeide/plugins/com.st.stm32cube.ide.mcu.externaltools.gnu-tools-for-stm32.10.3-2021.10.win32_1.0.200.202301161003/tools/bin/../lib/gcc/arm-none-eabi/10.3.1/../../../../arm-none-eabi/lib/thumb/v7e-m+fp/hard\libc_nano.a(lib_a-abort.o)
                              c:/st/stm32cubeide_1.6.1/stm32cubeide/plugins/com.st.stm32cube.ide.mcu.externaltools.gnu-tools-for-stm32.10.3-2021.10.win32_1.0.200.202301161003/tools/bin/../lib/gcc/arm-none-eabi/10.3.1/../../../../arm-none-eabi/lib/thumb/v7e-m+fp/hard\libstdc++_nano.a(eh_terminate.o) (abort)
c:/st/stm32cubeide_1.6.1/stm32cubeide/plugins/com.st.stm32cube.ide.mcu.externaltools.gnu-tools-for-stm32.10.3-2021.10.win32_1.0.200.202301161003/tools/bin/../lib/gcc/arm-none-eabi/10.3.1/../../../../arm-none-eabi/lib/thumb/v7e-m+fp/hard\libc_nano.a(lib_a-errno.o)
                              ./Core/Src/syscalls.o (__errno)
c:/st/stm32cubeide_1.6.1/stm32cubeide/plugins/com.st.stm32cube.ide.mcu.externaltools.gnu-tools-for-stm32.10.3-2021.10.win32_1.0.200.202301161003/tools/bin/../lib/gcc/arm-none-eabi/10.3.1/../../../../arm-none-eabi/lib/thumb/v7e-m+fp/hard\libc_nano.a(lib_a-exit.o)
                              c:/st/stm32cubeide_1.6.1/stm32cubeide/plugins/com.st.stm32cube.ide.mcu.externaltools.gnu-tools-for-stm32.10.3-2021.10.win32_1.0.200.202301161003/tools/bin/../lib/gcc/arm-none-eabi/10.3.1/../../../../arm-none-eabi/lib/thumb/v7e-m+fp/hard/crt0.o (exit)
c:/st/stm32cubeide_1.6.1/stm32cubeide/plugins/com.st.stm32cube.ide.mcu.externaltools.gnu-tools-for-stm32.10.3-2021.10.win32_1.0.200.202301161003/tools/bin/../lib/gcc/arm-none-eabi/10.3.1/../../../../arm-none-eabi/lib/thumb/v7e-m+fp/hard\libc_nano.a(lib_a-impure.o)
                              c:/st/stm32cubeide_1.6.1/stm32cubeide/plugins/com.st.stm32cube.ide.mcu.externaltools.gnu-tools-for-stm32.10.3-2021.10.win32_1.0.200.202301161003/tools/bin/../lib/gcc/arm-none-eabi/10.3.1/../../../../arm-none-eabi/lib/thumb/v7e-m+fp/hard\libc_nano.a(lib_a-exit.o) (_global_impure_ptr)
c:/st/stm32cubeide_1.6.1/stm32cubeide/plugins/com.st.stm32cube.ide.mcu.externaltools.gnu-tools-for-stm32.10.3-2021.10.win32_1.0.200.202301161003/tools/bin/../lib/gcc/arm-none-eabi/10.3.1/../../../../arm-none-eabi/lib/thumb/v7e-m+fp/hard\libc_nano.a(lib_a-init.o)
                              c:/st/stm32cubeide_1.6.1/stm32cubeide/plugins/com.st.stm32cube.ide.mcu.externaltools.gnu-tools-for-stm32.10.3-2021.10.win32_1.0.200.202301161003/tools/bin/../lib/gcc/arm-none-eabi/10.3.1/../../../../arm-none-eabi/lib/thumb/v7e-m+fp/hard/crt0.o (__libc_init_array)
[...]
Memory Configuration

Name             Origin             Length             Attributes
FLASH            0x0000000008100000 0x0000000000100000 xr
RAM              0x0000000010000000 0x0000000000048000 xrw
*default*        0x0000000000000000 0xffffffffffffffff

Linker script and memory map

LOAD c:/st/stm32cubeide_1.6.1/stm32cubeide/plugins/com.st.stm32cube.ide.mcu.externaltools.gnu-tools-for-stm32.10.3-2021.10.win32_1.0.200.202301161003/tools/bin/../lib/gcc/arm-none-eabi/10.3.1/thumb/v7e-m+fp/hard/crti.o
LOAD c:/st/stm32cubeide_1.6.1/stm32cubeide/plugins/com.st.stm32cube.ide.mcu.externaltools.gnu-tools-for-stm32.10.3-2021.10.win32_1.0.200.202301161003/tools/bin/../lib/gcc/arm-none-eabi/10.3.1/thumb/v7e-m+fp/hard/crtbegin.o
LOAD c:/st/stm32cubeide_1.6.1/stm32cubeide/plugins/com.st.stm32cube.ide.mcu.externaltools.gnu-tools-for-stm32.10.3-2021.10.win32_1.0.200.202301161003/tools/bin/../lib/gcc/arm-none-eabi/10.3.1/../../../../arm-none-eabi/lib/thumb/v7e-m+fp/hard/crt0.o
LOAD ./Common/Src/system_stm32h7xx_dualcore_boot_cm4_cm7.o
LOAD ./Core/Src/Ros_communication.o
LOAD ./Core/Src/main.o
LOAD ./Core/Src/ringbuff.o
LOAD ./Core/Src/ringbuffer.o
LOAD ./Core/Src/stm32h7xx_hal_msp.o
LOAD ./Core/Src/stm32h7xx_it.o
LOAD ./Core/Src/syscalls.o
LOAD ./Core/Src/sysmem.o
LOAD ./Core/Startup/startup_stm32h745zitx.o
LOAD ./Drivers/STM32H7xx_HAL_Driver/stm32h7xx_hal.o
LOAD ./Drivers/STM32H7xx_HAL_Driver/stm32h7xx_hal_cortex.o
LOAD ./Drivers/STM32H7xx_HAL_Driver/stm32h7xx_hal_dma.o
LOAD ./Drivers/STM32H7xx_HAL_Driver/stm32h7xx_hal_dma_ex.o
LOAD ./Drivers/STM32H7xx_HAL_Driver/stm32h7xx_hal_exti.o
LOAD ./Drivers/STM32H7xx_HAL_Driver/stm32h7xx_hal_flash.o
LOAD ./Drivers/STM32H7xx_HAL_Driver/stm32h7xx_hal_flash_ex.o
LOAD ./Drivers/STM32H7xx_HAL_Driver/stm32h7xx_hal_gpio.o
LOAD ./Drivers/STM32H7xx_HAL_Driver/stm32h7xx_hal_hsem.o
LOAD ./Drivers/STM32H7xx_HAL_Driver/stm32h7xx_hal_i2c.o
LOAD ./Drivers/STM32H7xx_HAL_Driver/stm32h7xx_hal_i2c_ex.o
LOAD ./Drivers/STM32H7xx_HAL_Driver/stm32h7xx_hal_mdma.o
LOAD ./Drivers/STM32H7xx_HAL_Driver/stm32h7xx_hal_pwr.o
LOAD ./Drivers/STM32H7xx_HAL_Driver/stm32h7xx_hal_pwr_ex.o
LOAD ./Drivers/STM32H7xx_HAL_Driver/stm32h7xx_hal_rcc.o
LOAD ./Drivers/STM32H7xx_HAL_Driver/stm32h7xx_hal_rcc_ex.o
LOAD ./Drivers/STM32H7xx_HAL_Driver/stm32h7xx_hal_tim.o
LOAD ./Drivers/STM32H7xx_HAL_Driver/stm32h7xx_hal_tim_ex.o
LOAD ./Drivers/STM32H7xx_HAL_Driver/stm32h7xx_hal_uart.o
LOAD ./Drivers/STM32H7xx_HAL_Driver/stm32h7xx_hal_uart_ex.o
LOAD ./ros_lib/duration.o
LOAD ./ros_lib/time.o
START GROUP
LOAD c:/st/stm32cubeide_1.6.1/stm32cubeide/plugins/com.st.stm32cube.ide.mcu.externaltools.gnu-tools-for-stm32.10.3-2021.10.win32_1.0.200.202301161003/tools/bin/../lib/gcc/arm-none-eabi/10.3.1/../../../../arm-none-eabi/lib/thumb/v7e-m+fp/hard\libstdc++_nano.a
LOAD c:/st/stm32cubeide_1.6.1/stm32cubeide/plugins/com.st.stm32cube.ide.mcu.externaltools.gnu-tools-for-stm32.10.3-2021.10.win32_1.0.200.202301161003/tools/bin/../lib/gcc/arm-none-eabi/10.3.1/../../../../arm-none-eabi/lib/thumb/v7e-m+fp/hard\libsupc++_nano.a
END GROUP
LOAD c:/st/stm32cubeide_1.6.1/stm32cubeide/plugins/com.st.stm32cube.ide.mcu.externaltools.gnu-tools-for-stm32.10.3-2021.10.win32_1.0.200.202301161003/tools/bin/../lib/gcc/arm-none-eabi/10.3.1/../../../../arm-none-eabi/lib/thumb/v7e-m+fp/hard\libstdc++_nano.a
LOAD c:/st/stm32cubeide_1.6.1/stm32cubeide/plugins/com.st.stm32cube.ide.mcu.externaltools.gnu-tools-for-stm32.10.3-2021.10.win32_1.0.200.202301161003/tools/bin/../lib/gcc/arm-none-eabi/10.3.1/../../../../arm-none-eabi/lib/thumb/v7e-m+fp/hard\libm.a
LOAD c:/st/stm32cubeide_1.6.1/stm32cubeide/plugins/com.st.stm32cube.ide.mcu.externaltools.gnu-tools-for-stm32.10.3-2021.10.win32_1.0.200.202301161003/tools/bin/../lib/gcc/arm-none-eabi/10.3.1/../../../../arm-none-eabi/lib/thumb/v7e-m+fp/hard\libc_nano.a
START GROUP
LOAD c:/st/stm32cubeide_1.6.1/stm32cubeide/plugins/com.st.stm32cube.ide.mcu.externaltools.gnu-tools-for-stm32.10.3-2021.10.win32_1.0.200.202301161003/tools/bin/../lib/gcc/arm-none-eabi/10.3.1/thumb/v7e-m+fp/hard\libgcc.a
LOAD c:/st/stm32cubeide_1.6.1/stm32cubeide/plugins/com.st.stm32cube.ide.mcu.externaltools.gnu-tools-for-stm32.10.3-2021.10.win32_1.0.200.202301161003/tools/bin/../lib/gcc/arm-none-eabi/10.3.1/../../../../arm-none-eabi/lib/thumb/v7e-m+fp/hard\libc_nano.a
END GROUP
START GROUP
LOAD c:/st/stm32cubeide_1.6.1/stm32cubeide/plugins/com.st.stm32cube.ide.mcu.externaltools.gnu-tools-for-stm32.10.3-2021.10.win32_1.0.200.202301161003/tools/bin/../lib/gcc/arm-none-eabi/10.3.1/thumb/v7e-m+fp/hard\libgcc.a
LOAD c:/st/stm32cubeide_1.6.1/stm32cubeide/plugins/com.st.stm32cube.ide.mcu.externaltools.gnu-tools-for-stm32.10.3-2021.10.win32_1.0.200.202301161003/tools/bin/../lib/gcc/arm-none-eabi/10.3.1/../../../../arm-none-eabi/lib/thumb/v7e-m+fp/hard\libc_nano.a
END GROUP
LOAD c:/st/stm32cubeide_1.6.1/stm32cubeide/plugins/com.st.stm32cube.ide.mcu.externaltools.gnu-tools-for-stm32.10.3-2021.10.win32_1.0.200.202301161003/tools/bin/../lib/gcc/arm-none-eabi/10.3.1/thumb/v7e-m+fp/hard/crtend.o
LOAD c:/st/stm32cubeide_1.6.1/stm32cubeide/plugins/com.st.stm32cube.ide.mcu.externaltools.gnu-tools-for-stm32.10.3-2021.10.win32_1.0.200.202301161003/tools/bin/../lib/gcc/arm-none-eabi/10.3.1/thumb/v7e-m+fp/hard/crtn.o
                0x0000000010048000                _estack = (ORIGIN (RAM) + LENGTH (RAM))
                0x0000000000000200                _Min_Heap_Size = 0x200
                0x0000000000000400                _Min_Stack_Size = 0x400

.isr_vector     0x0000000008100000      0x298
                0x0000000008100000                . = ALIGN (0x4)
 *(.isr_vector)
 .isr_vector    0x0000000008100000      0x298 ./Core/Startup/startup_stm32h745zitx.o
                0x0000000008100000                g_pfnVectors
                0x0000000008100298                . = ALIGN (0x4)

.text           0x0000000008100298     0xb8dc
                0x0000000008100298                . = ALIGN (0x4)
 *(.text)
 .text          0x0000000008100298       0x40 c:/st/stm32cubeide_1.6.1/stm32cubeide/plugins/com.st.stm32cube.ide.mcu.externaltools.gnu-tools-for-stm32.10.3-2021.10.win32_1.0.200.202301161003/tools/bin/../lib/gcc/arm-none-eabi/10.3.1/thumb/v7e-m+fp/hard/crtbegin.o
 .text          0x00000000081002d8       0x10 c:/st/stm32cubeide_1.6.1/stm32cubeide/plugins/com.st.stm32cube.ide.mcu.externaltools.gnu-tools-for-stm32.10.3-2021.10.win32_1.0.200.202301161003/tools/bin/../lib/gcc/arm-none-eabi/10.3.1/../../../../arm-none-eabi/lib/thumb/v7e-m+fp/hard\libc_nano.a(lib_a-strlen.o)
                0x00000000081002d8                strlen
 .text          0x00000000081002e8       0x30 c:/st/stm32cubeide_1.6.1/stm32cubeide/plugins/com.st.stm32cube.ide.mcu.externaltools.gnu-tools-for-stm32.10.3-2021.10.win32_1.0.200.202301161003/tools/bin/../lib/gcc/arm-none-eabi/10.3.1/thumb/v7e-m+fp/hard\libgcc.a(_aeabi_uldivmod.o)
                0x00000000081002e8                __aeabi_uldivmod
 .text          0x0000000008100318      0x2d0 c:/st/stm32cubeide_1.6.1/stm32cubeide/plugins/com.st.stm32cube.ide.mcu.externaltools.gnu-tools-for-stm32.10.3-2021.10.win32_1.0.200.202301161003/tools/bin/../lib/gcc/arm-none-eabi/10.3.1/thumb/v7e-m+fp/hard\libgcc.a(_udivmoddi4.o)
                0x0000000008100318                __udivmoddi4
 .text          0x00000000081005e8        0x4 c:/st/stm32cubeide_1.6.1/stm32cubeide/plugins/com.st.stm32cube.ide.mcu.externaltools.gnu-tools-for-stm32.10.3-2021.10.win32_1.0.200.202301161003/tools/bin/../lib/gcc/arm-none-eabi/10.3.1/thumb/v7e-m+fp/hard\libgcc.a(_dvmd_tls.o)
                0x00000000081005e8                __aeabi_idiv0
                0x00000000081005e8                __aeabi_ldiv0
 *(.text*)
 .text.SystemInit
                0x00000000081005ec       0x30 ./Common/Src/system_stm32h7xx_dualcore_boot_cm4_cm7.o
                0x00000000081005ec                SystemInit
 .text._ZN3ros3Msg19serializeAvrFloat64EPhf
                0x000000000810061c       0xd8 ./Core/Src/Ros_communication.o
                0x000000000810061c                ros::Msg::serializeAvrFloat64(unsigned char*, float)
 .text._ZN3ros3Msg21deserializeAvrFloat64EPKhPf
                0x00000000081006f4       0xc4 ./Core/Src/Ros_communication.o
                0x00000000081006f4                ros::Msg::deserializeAvrFloat64(unsigned char const*, float*)
 .text._ZN3ros3MsgC2Ev
                0x00000000081007b8       0x20 ./Core/Src/Ros_communication.o
                0x00000000081007b8                ros::Msg::Msg()
                0x00000000081007b8                ros::Msg::Msg()
 .text._ZN14rosserial_msgs3LogC2Ev
                0x00000000081007d8       0x34 ./Core/Src/Ros_communication.o
                0x00000000081007d8                rosserial_msgs::Log::Log()
                0x00000000081007d8                rosserial_msgs::Log::Log()
 .text._ZNK14rosserial_msgs3Log9serializeEPh
                0x000000000810080c       0x64 ./Core/Src/Ros_communication.o
                0x000000000810080c                rosserial_msgs::Log::serialize(unsigned char*) const
 .text._ZN14rosserial_msgs3Log11deserializeEPh
                0x0000000008100870       0x90 ./Core/Src/Ros_communication.o
                0x0000000008100870                rosserial_msgs::Log::deserialize(unsigned char*)
 .text._ZN14rosserial_msgs3Log7getTypeEv
                0x0000000008100900       0x1c ./Core/Src/Ros_communication.o
                0x0000000008100900                rosserial_msgs::Log::getType()
 .text._ZN14rosserial_msgs3Log6getMD5Ev
                0x000000000810091c       0x1c ./Core/Src/Ros_communication.o
                0x000000000810091c                rosserial_msgs::Log::getMD5()
 .text._ZN14rosserial_msgs20RequestParamResponseC2Ev
                0x0000000008100938       0x48 ./Core/Src/Ros_communication.o
                0x0000000008100938                rosserial_msgs::RequestParamResponse::RequestParamResponse()
                0x0000000008100938                rosserial_msgs::RequestParamResponse::RequestParamResponse()
 .text._ZNK14rosserial_msgs20RequestParamResponse9serializeEPh
                0x0000000008100980      0x222 ./Core/Src/Ros_communication.o
                0x0000000008100980                rosserial_msgs::RequestParamResponse::serialize(unsigned char*) const
 .text._ZN14rosserial_msgs20RequestParamResponse11deserializeEPh
                0x0000000008100ba2      0x2e2 ./Core/Src/Ros_communication.o
                0x0000000008100ba2                rosserial_msgs::RequestParamResponse::deserialize(unsigned char*)
 .text._ZN14rosserial_msgs20RequestParamResponse7getTypeEv
                0x0000000008100e84       0x1c ./Core/Src/Ros_communication.o
                0x0000000008100e84                rosserial_msgs::RequestParamResponse::getType()
 .text._ZN14rosserial_msgs20RequestParamResponse6getMD5Ev
                0x0000000008100ea0       0x1c ./Core/Src/Ros_communication.o
                0x0000000008100ea0                rosserial_msgs::RequestParamResponse::getMD5()
 .text._ZN14rosserial_msgs9TopicInfoC2Ev
                0x0000000008100ebc       0x48 ./Core/Src/Ros_communication.o
                0x0000000008100ebc                rosserial_msgs::TopicInfo::TopicInfo()
                0x0000000008100ebc                rosserial_msgs::TopicInfo::TopicInfo()
 .text._ZNK14rosserial_msgs9TopicInfo9serializeEPh
                0x0000000008100f04      0x136 ./Core/Src/Ros_communication.o
                0x0000000008100f04                rosserial_msgs::TopicInfo::serialize(unsigned char*) const
 .text._ZN14rosserial_msgs9TopicInfo11deserializeEPh
                0x000000000810103a      0x1d0 ./Core/Src/Ros_communication.o
                0x000000000810103a                rosserial_msgs::TopicInfo::deserialize(unsigned char*)
 *fill*         0x000000000810120a        0x2 
 .text._ZN14rosserial_msgs9TopicInfo7getTypeEv
                0x000000000810120c       0x1c ./Core/Src/Ros_communication.o
                0x000000000810120c                rosserial_msgs::TopicInfo::getType()
 .text._ZN14rosserial_msgs9TopicInfo6getMD5Ev
                0x0000000008101228       0x1c ./Core/Src/Ros_communication.o
                0x0000000008101228                rosserial_msgs::TopicInfo::getMD5()
 .text._ZN3ros4TimeC2Ev
                0x0000000008101244       0x22 ./Core/Src/Ros_communication.o
                0x0000000008101244                ros::Time::Time()
                0x0000000008101244                ros::Time::Time()
 *fill*         0x0000000008101266        0x2 
 .text._ZN8std_msgs4TimeC2Ev
                0x0000000008101268       0x30 ./Core/Src/Ros_communication.o
                0x0000000008101268                std_msgs::Time::Time()
                0x0000000008101268                std_msgs::Time::Time()
 .text._ZNK8std_msgs4Time9serializeEPh
                0x0000000008101298       0xb0 ./Core/Src/Ros_communication.o
                0x0000000008101298                std_msgs::Time::serialize(unsigned char*) const
 .text._ZN8std_msgs4Time11deserializeEPh
                0x0000000008101348       0xc8 ./Core/Src/Ros_communication.o
                0x0000000008101348                std_msgs::Time::deserialize(unsigned char*)
 .text._ZN8std_msgs4Time7getTypeEv
                0x0000000008101410       0x1c ./Core/Src/Ros_communication.o
                0x0000000008101410                std_msgs::Time::getType()
 .text._ZN8std_msgs4Time6getMD5Ev
                0x000000000810142c       0x1c ./Core/Src/Ros_communication.o
                0x000000000810142c                std_msgs::Time::getMD5()
 .text._ZN3ros9PublisherC2EPKcPNS_3MsgEi
                0x0000000008101448       0x2e ./Core/Src/Ros_communication.o
                0x0000000008101448                ros::Publisher::Publisher(char const*, ros::Msg*, int)
                0x0000000008101448                ros::Publisher::Publisher(char const*, ros::Msg*, int)
 .text._ZN3ros9Publisher7publishEPKNS_3MsgE
                0x0000000008101476       0x28 ./Core/Src/Ros_communication.o
                0x0000000008101476                ros::Publisher::publish(ros::Msg const*)
 .text._ZN3ros9Publisher15getEndpointTypeEv
                0x000000000810149e       0x18 ./Core/Src/Ros_communication.o
                0x000000000810149e                ros::Publisher::getEndpointType()
 .text._ZN13STM32HardwareC2Ev
                0x00000000081014b6       0x16 ./Core/Src/Ros_communication.o
                0x00000000081014b6                STM32Hardware::STM32Hardware()
                0x00000000081014b6                STM32Hardware::STM32Hardware()
 .text._ZN13STM32Hardware4initEv
                0x00000000081014cc       0x14 ./Core/Src/Ros_communication.o
                0x00000000081014cc                STM32Hardware::init()
 .text._ZN13STM32Hardware4readEv
                0x00000000081014e0       0x58 ./Core/Src/Ros_communication.o
                0x00000000081014e0                STM32Hardware::read()
 .text._ZN13STM32Hardware5writeEPhi
                0x0000000008101538       0x28 ./Core/Src/Ros_communication.o
                0x0000000008101538                STM32Hardware::write(unsigned char*, int)
 .text._ZN13STM32Hardware4timeEv
                0x0000000008101560       0x16 ./Core/Src/Ros_communication.o
                0x0000000008101560                STM32Hardware::time()
 *fill*         0x0000000008101576        0x2 
 .text._ZN13geometry_msgs5PointC2Ev
                0x0000000008101578       0x3c ./Core/Src/Ros_communication.o
                0x0000000008101578                geometry_msgs::Point::Point()
                0x0000000008101578                geometry_msgs::Point::Point()
 .text._ZNK13geometry_msgs5Point9serializeEPh
                0x00000000081015b4       0x72 ./Core/Src/Ros_communication.o
                0x00000000081015b4                geometry_msgs::Point::serialize(unsigned char*) const
 .text._ZN13geometry_msgs5Point11deserializeEPh
                0x0000000008101626       0x66 ./Core/Src/Ros_communication.o
                0x0000000008101626                geometry_msgs::Point::deserialize(unsigned char*)
 .text._ZN13geometry_msgs5Point7getTypeEv
                0x000000000810168c       0x1c ./Core/Src/Ros_communication.o
                0x000000000810168c                geometry_msgs::Point::getType()
 .text._ZN13geometry_msgs5Point6getMD5Ev
                0x00000000081016a8       0x1c ./Core/Src/Ros_communication.o
                0x00000000081016a8                geometry_msgs::Point::getMD5()
 .text._ZN13geometry_msgs10QuaternionC2Ev
                0x00000000081016c4       0x44 ./Core/Src/Ros_communication.o
                0x00000000081016c4                geometry_msgs::Quaternion::Quaternion()
                0x00000000081016c4                geometry_msgs::Quaternion::Quaternion()
 .text._ZNK13geometry_msgs10Quaternion9serializeEPh
                0x0000000008101708       0x90 ./Core/Src/Ros_communication.o
                0x0000000008101708                geometry_msgs::Quaternion::serialize(unsigned char*) const
 .text._ZN13geometry_msgs10Quaternion11deserializeEPh
                0x0000000008101798       0x80 ./Core/Src/Ros_communication.o
                0x0000000008101798                geometry_msgs::Quaternion::deserialize(unsigned char*)
 .text._ZN13geometry_msgs10Quaternion7getTypeEv
                0x0000000008101818       0x1c ./Core/Src/Ros_communication.o
                0x0000000008101818                geometry_msgs::Quaternion::getType()
 .text._ZN13geometry_msgs10Quaternion6getMD5Ev
                0x0000000008101834       0x1c ./Core/Src/Ros_communication.o
                0x0000000008101834                geometry_msgs::Quaternion::getMD5()
 .text._ZN13geometry_msgs4PoseC2Ev
                0x0000000008101850       0x38 ./Core/Src/Ros_communication.o
                0x0000000008101850                geometry_msgs::Pose::Pose()
                0x0000000008101850                geometry_msgs::Pose::Pose()
 .text._ZNK13geometry_msgs4Pose9serializeEPh
                0x0000000008101888       0x4a ./Core/Src/Ros_communication.o
                0x0000000008101888                geometry_msgs::Pose::serialize(unsigned char*) const
 .text._ZN13geometry_msgs4Pose11deserializeEPh
                0x00000000081018d2       0x4a ./Core/Src/Ros_communication.o
                0x00000000081018d2                geometry_msgs::Pose::deserialize(unsigned char*)
 .text._ZN13geometry_msgs4Pose7getTypeEv
                0x000000000810191c       0x1c ./Core/Src/Ros_communication.o
                0x000000000810191c                geometry_msgs::Pose::getType()
 .text._ZN13geometry_msgs4Pose6getMD5Ev
                0x0000000008101938       0x1c ./Core/Src/Ros_communication.o
                0x0000000008101938                geometry_msgs::Pose::getMD5()
 .text._ZN13geometry_msgs18PoseWithCovarianceC2Ev
                0x0000000008101954       0x48 ./Core/Src/Ros_communication.o
                0x0000000008101954                geometry_msgs::PoseWithCovariance::PoseWithCovariance()
                0x0000000008101954                geometry_msgs::PoseWithCovariance::PoseWithCovariance()
 .text._ZNK13geometry_msgs18PoseWithCovariance9serializeEPh
                0x000000000810199c       0x6a ./Core/Src/Ros_communication.o
                0x000000000810199c                geometry_msgs::PoseWithCovariance::serialize(unsigned char*) const
 .text._ZN13geometry_msgs18PoseWithCovariance11deserializeEPh
                0x0000000008101a06       0x62 ./Core/Src/Ros_communication.o
                0x0000000008101a06                geometry_msgs::PoseWithCovariance::deserialize(unsigned char*)
 .text._ZN13geometry_msgs18PoseWithCovariance7getTypeEv
                0x0000000008101a68       0x1c ./Core/Src/Ros_communication.o
                0x0000000008101a68                geometry_msgs::PoseWithCovariance::getType()
 .text._ZN13geometry_msgs18PoseWithCovariance6getMD5Ev
                0x0000000008101a84       0x1c ./Core/Src/Ros_communication.o
                0x0000000008101a84                geometry_msgs::PoseWithCovariance::getMD5()
 .text._ZN13geometry_msgs7Vector3C2Ev
                0x0000000008101aa0       0x3c ./Core/Src/Ros_communication.o
                0x0000000008101aa0                geometry_msgs::Vector3::Vector3()
                0x0000000008101aa0                geometry_msgs::Vector3::Vector3()
 .text._ZNK13geometry_msgs7Vector39serializeEPh
                0x0000000008101adc       0x72 ./Core/Src/Ros_communication.o
                0x0000000008101adc                geometry_msgs::Vector3::serialize(unsigned char*) const
 .text._ZN13geometry_msgs7Vector311deserializeEPh
                0x0000000008101b4e       0x66 ./Core/Src/Ros_communication.o
                0x0000000008101b4e                geometry_msgs::Vector3::deserialize(unsigned char*)
 .text._ZN13geometry_msgs7Vector37getTypeEv
                0x0000000008101bb4       0x1c ./Core/Src/Ros_communication.o
                0x0000000008101bb4                geometry_msgs::Vector3::getType()
 .text._ZN13geometry_msgs7Vector36getMD5Ev
                0x0000000008101bd0       0x1c ./Core/Src/Ros_communication.o
                0x0000000008101bd0                geometry_msgs::Vector3::getMD5()
 .text._ZN13geometry_msgs5TwistC2Ev
                0x0000000008101bec       0x38 ./Core/Src/Ros_communication.o
                0x0000000008101bec                geometry_msgs::Twist::Twist()
                0x0000000008101bec                geometry_msgs::Twist::Twist()
 .text._ZNK13geometry_msgs5Twist9serializeEPh
                0x0000000008101c24       0x4a ./Core/Src/Ros_communication.o
                0x0000000008101c24                geometry_msgs::Twist::serialize(unsigned char*) const
 .text._ZN13geometry_msgs5Twist11deserializeEPh
                0x0000000008101c6e       0x4a ./Core/Src/Ros_communication.o
                0x0000000008101c6e                geometry_msgs::Twist::deserialize(unsigned char*)
 .text._ZN13geometry_msgs5Twist7getTypeEv
                0x0000000008101cb8       0x1c ./Core/Src/Ros_communication.o
                0x0000000008101cb8                geometry_msgs::Twist::getType()
 .text._ZN13geometry_msgs5Twist6getMD5Ev
                0x0000000008101cd4       0x1c ./Core/Src/Ros_communication.o
                0x0000000008101cd4                geometry_msgs::Twist::getMD5()
 .text._ZN13geometry_msgs19TwistWithCovarianceC2Ev
                0x0000000008101cf0       0x48 ./Core/Src/Ros_communication.o
                0x0000000008101cf0                geometry_msgs::TwistWithCovariance::TwistWithCovariance()
                0x0000000008101cf0                geometry_msgs::TwistWithCovariance::TwistWithCovariance()
 .text._ZNK13geometry_msgs19TwistWithCovariance9serializeEPh
                0x0000000008101d38       0x68 ./Core/Src/Ros_communication.o
                0x0000000008101d38                geometry_msgs::TwistWithCovariance::serialize(unsigned char*) const
 .text._ZN13geometry_msgs19TwistWithCovariance11deserializeEPh
                0x0000000008101da0       0x60 ./Core/Src/Ros_communication.o
                0x0000000008101da0                geometry_msgs::TwistWithCovariance::deserialize(unsigned char*)
 .text._ZN13geometry_msgs19TwistWithCovariance7getTypeEv
                0x0000000008101e00       0x1c ./Core/Src/Ros_communication.o
                0x0000000008101e00                geometry_msgs::TwistWithCovariance::getType()
 .text._ZN13geometry_msgs19TwistWithCovariance6getMD5Ev
                0x0000000008101e1c       0x1c ./Core/Src/Ros_communication.o
                0x0000000008101e1c                geometry_msgs::TwistWithCovariance::getMD5()
 .text._ZN8std_msgs6HeaderC2Ev
                0x0000000008101e38       0x40 ./Core/Src/Ros_communication.o
                0x0000000008101e38                std_msgs::Header::Header()
                0x0000000008101e38                std_msgs::Header::Header()
 .text._ZNK8std_msgs6Header9serializeEPh
                0x0000000008101e78      0x130 ./Core/Src/Ros_communication.o
                0x0000000008101e78                std_msgs::Header::serialize(unsigned char*) const
 .text._ZN8std_msgs6Header11deserializeEPh
                0x0000000008101fa8      0x180 ./Core/Src/Ros_communication.o
                0x0000000008101fa8                std_msgs::Header::deserialize(unsigned char*)
 .text._ZN8std_msgs6Header7getTypeEv
                0x0000000008102128       0x1c ./Core/Src/Ros_communication.o
                0x0000000008102128                std_msgs::Header::getType()
 .text._ZN8std_msgs6Header6getMD5Ev
                0x0000000008102144       0x1c ./Core/Src/Ros_communication.o
                0x0000000008102144                std_msgs::Header::getMD5()
 .text._ZN8nav_msgs8OdometryC2Ev
                0x0000000008102160       0x4c ./Core/Src/Ros_communication.o
                0x0000000008102160                nav_msgs::Odometry::Odometry()
                0x0000000008102160                nav_msgs::Odometry::Odometry()
 .text._ZNK8nav_msgs8Odometry9serializeEPh
                0x00000000081021ac       0x9e ./Core/Src/Ros_communication.o
                0x00000000081021ac                nav_msgs::Odometry::serialize(unsigned char*) const
 .text._ZN8nav_msgs8Odometry11deserializeEPh
                0x000000000810224a       0xca ./Core/Src/Ros_communication.o
                0x000000000810224a                nav_msgs::Odometry::deserialize(unsigned char*)
 .text._ZN8nav_msgs8Odometry7getTypeEv
                0x0000000008102314       0x1c ./Core/Src/Ros_communication.o
                0x0000000008102314                nav_msgs::Odometry::getType()
 .text._ZN8nav_msgs8Odometry6getMD5Ev
                0x0000000008102330       0x1c ./Core/Src/Ros_communication.o
                0x0000000008102330                nav_msgs::Odometry::getMD5()
 .text._ZN8std_msgs19MultiArrayDimensionC2Ev
                0x000000000810234c       0x3c ./Core/Src/Ros_communication.o
                0x000000000810234c                std_msgs::MultiArrayDimension::MultiArrayDimension()
                0x000000000810234c                std_msgs::MultiArrayDimension::MultiArrayDimension()
 .text._ZNK8std_msgs19MultiArrayDimension9serializeEPh
                0x0000000008102388       0xe6 ./Core/Src/Ros_communication.o
                0x0000000008102388                std_msgs::MultiArrayDimension::serialize(unsigned char*) const
 .text._ZN8std_msgs19MultiArrayDimension11deserializeEPh
                0x000000000810246e      0x12a ./Core/Src/Ros_communication.o
                0x000000000810246e                std_msgs::MultiArrayDimension::deserialize(unsigned char*)
 .text._ZN8std_msgs19MultiArrayDimension7getTypeEv
                0x0000000008102598       0x1c ./Core/Src/Ros_communication.o
                0x0000000008102598                std_msgs::MultiArrayDimension::getType()
 .text._ZN8std_msgs19MultiArrayDimension6getMD5Ev
                0x00000000081025b4       0x1c ./Core/Src/Ros_communication.o
                0x00000000081025b4                std_msgs::MultiArrayDimension::getMD5()
 .text._ZN8std_msgs16MultiArrayLayoutC2Ev
                0x00000000081025d0       0x40 ./Core/Src/Ros_communication.o
                0x00000000081025d0                std_msgs::MultiArrayLayout::MultiArrayLayout()
                0x00000000081025d0                std_msgs::MultiArrayLayout::MultiArrayLayout()
 .text._ZNK8std_msgs16MultiArrayLayout9serializeEPh
                0x0000000008102610       0xec ./Core/Src/Ros_communication.o
                0x0000000008102610                std_msgs::MultiArrayLayout::serialize(unsigned char*) const
 .text._ZN8std_msgs16MultiArrayLayout11deserializeEPh
                0x00000000081026fc      0x120 ./Core/Src/Ros_communication.o
                0x00000000081026fc                std_msgs::MultiArrayLayout::deserialize(unsigned char*)
 .text._ZN8std_msgs16MultiArrayLayout7getTypeEv
                0x000000000810281c       0x1c ./Core/Src/Ros_communication.o
                0x000000000810281c                std_msgs::MultiArrayLayout::getType()
 .text._ZN8std_msgs16MultiArrayLayout6getMD5Ev
                0x0000000008102838       0x1c ./Core/Src/Ros_communication.o
                0x0000000008102838                std_msgs::MultiArrayLayout::getMD5()
 .text._ZN8std_msgs17Float32MultiArrayC2Ev
                0x0000000008102854       0x3c ./Core/Src/Ros_communication.o
                0x0000000008102854                std_msgs::Float32MultiArray::Float32MultiArray()
                0x0000000008102854                std_msgs::Float32MultiArray::Float32MultiArray()
 .text._ZNK8std_msgs17Float32MultiArray9serializeEPh
                0x0000000008102890       0xe0 ./Core/Src/Ros_communication.o
                0x0000000008102890                std_msgs::Float32MultiArray::serialize(unsigned char*) const
 .text._ZN8std_msgs17Float32MultiArray11deserializeEPh
                0x0000000008102970      0x118 ./Core/Src/Ros_communication.o
                0x0000000008102970                std_msgs::Float32MultiArray::deserialize(unsigned char*)
 .text._ZN8std_msgs17Float32MultiArray7getTypeEv
                0x0000000008102a88       0x1c ./Core/Src/Ros_communication.o
                0x0000000008102a88                std_msgs::Float32MultiArray::getType()
 .text._ZN8std_msgs17Float32MultiArray6getMD5Ev
                0x0000000008102aa4       0x1c ./Core/Src/Ros_communication.o
                0x0000000008102aa4                std_msgs::Float32MultiArray::getMD5()
 .text._ZN8std_msgs4Int8C2Ev
                0x0000000008102ac0       0x2c ./Core/Src/Ros_communication.o
                0x0000000008102ac0                std_msgs::Int8::Int8()
                0x0000000008102ac0                std_msgs::Int8::Int8()
 .text._ZNK8std_msgs4Int89serializeEPh
                0x0000000008102aec       0x34 ./Core/Src/Ros_communication.o
                0x0000000008102aec                std_msgs::Int8::serialize(unsigned char*) const
 .text._ZN8std_msgs4Int811deserializeEPh
                0x0000000008102b20       0x3e ./Core/Src/Ros_communication.o
                0x0000000008102b20                std_msgs::Int8::deserialize(unsigned char*)
 *fill*         0x0000000008102b5e        0x2 
 .text._ZN8std_msgs4Int87getTypeEv
                0x0000000008102b60       0x1c ./Core/Src/Ros_communication.o
                0x0000000008102b60                std_msgs::Int8::getType()
 .text._ZN8std_msgs4Int86getMD5Ev
                0x0000000008102b7c       0x1c ./Core/Src/Ros_communication.o
                0x0000000008102b7c                std_msgs::Int8::getMD5()
 .text._Z12ROS_SpinOncev
                0x0000000008102b98       0x14 ./Core/Src/Ros_communication.o
                0x0000000008102b98                ROS_SpinOnce()
 .text._Z34Nav_Orders_MessageRecievedCallbackRKN8std_msgs17Float32MultiArrayE
                0x0000000008102bac      0x124 ./Core/Src/Ros_communication.o
                0x0000000008102bac                Nav_Orders_MessageRecievedCallback(std_msgs::Float32MultiArray const&)
 .text.USART_RX_Callback
                0x0000000008102cd0       0x20 ./Core/Src/Ros_communication.o
                0x0000000008102cd0                USART_RX_Callback
 .text._Z10vROS_Setupv
                0x0000000008102cf0       0x64 ./Core/Src/Ros_communication.o
                0x0000000008102cf0                vROS_Setup()
 .text._Z28vNav_CurrentStatus_Publisherv
                0x0000000008102d54       0x50 ./Core/Src/Ros_communication.o
                0x0000000008102d54                vNav_CurrentStatus_Publisher()
 .text._Z29vNav_CurrentXYTheta_Publisherv
                0x0000000008102da4       0x54 ./Core/Src/Ros_communication.o
                0x0000000008102da4                vNav_CurrentXYTheta_Publisher()
 .text._ZN3ros3Msg8varToArrIPhmEEvT_T0_
                0x0000000008102df8       0x3c ./Core/Src/Ros_communication.o
                0x0000000008102df8                void ros::Msg::varToArr<unsigned char*, unsigned long>(unsigned char*, unsigned long)
 .text._ZN3ros3Msg8arrToVarImPhEEvRT_T0_
                0x0000000008102e34       0x4a ./Core/Src/Ros_communication.o
                0x0000000008102e34                void ros::Msg::arrToVar<unsigned long, unsigned char*>(unsigned long&, unsigned char*)
 *fill*         0x0000000008102e7e        0x2 
 .text._ZN3ros15NodeHandleBase_C2Ev
                0x0000000008102e80       0x20 ./Core/Src/Ros_communication.o
                0x0000000008102e80                ros::NodeHandleBase_::NodeHandleBase_()
                0x0000000008102e80                ros::NodeHandleBase_::NodeHandleBase_()
 .text._ZN3ros11NodeHandle_I13STM32HardwareLi25ELi25ELi4096ELi4096EEC2Ev
                0x0000000008102ea0      0x128 ./Core/Src/Ros_communication.o
                0x0000000008102ea0                ros::NodeHandle_<STM32Hardware, 25, 25, 4096, 4096>::NodeHandle_()
                0x0000000008102ea0                ros::NodeHandle_<STM32Hardware, 25, 25, 4096, 4096>::NodeHandle_()
 .text._ZN3ros11Subscriber_C2Ev
                0x0000000008102fc8       0x20 ./Core/Src/Ros_communication.o
                0x0000000008102fc8                ros::Subscriber_::Subscriber_()
                0x0000000008102fc8                ros::Subscriber_::Subscriber_()
 .text._ZN3ros10SubscriberIN8std_msgs17Float32MultiArrayEvEC2EPKcPFvRKS2_Ei
                0x0000000008102fe8       0x48 ./Core/Src/Ros_communication.o
                0x0000000008102fe8                ros::Subscriber<std_msgs::Float32MultiArray, void>::Subscriber(char const*, void (*)(std_msgs::Float32MultiArray const&), int)
                0x0000000008102fe8                ros::Subscriber<std_msgs::Float32MultiArray, void>::Subscriber(char const*, void (*)(std_msgs::Float32MultiArray const&), int)
 .text._ZN3ros11NodeHandle_I13STM32HardwareLi25ELi25ELi4096ELi4096EE8spinOnceEv
                0x0000000008103030      0x4d6 ./Core/Src/Ros_communication.o
                0x0000000008103030                ros::NodeHandle_<STM32Hardware, 25, 25, 4096, 4096>::spinOnce()
 .text._ZN3ros11NodeHandle_I13STM32HardwareLi25ELi25ELi4096ELi4096EE7loginfoEPKc
                0x0000000008103506       0x1c ./Core/Src/Ros_communication.o
                0x0000000008103506                ros::NodeHandle_<STM32Hardware, 25, 25, 4096, 4096>::loginfo(char const*)
 .text._ZN3ros11NodeHandle_I13STM32HardwareLi25ELi25ELi4096ELi4096EE8initNodeEv
                0x0000000008103522       0x52 ./Core/Src/Ros_communication.o
                0x0000000008103522                ros::NodeHandle_<STM32Hardware, 25, 25, 4096, 4096>::initNode()
 .text._ZN3ros11NodeHandle_I13STM32HardwareLi25ELi25ELi4096ELi4096EE9subscribeINS_10SubscriberIN8std_msgs17Float32MultiArrayEvEEEEbRT_
                0x0000000008103574       0x5a ./Core/Src/Ros_communication.o
                0x0000000008103574                bool ros::NodeHandle_<STM32Hardware, 25, 25, 4096, 4096>::subscribe<ros::Subscriber<std_msgs::Float32MultiArray, void> >(ros::Subscriber<std_msgs::Float32MultiArray, void>&)
 .text._ZN3ros11NodeHandle_I13STM32HardwareLi25ELi25ELi4096ELi4096EE9advertiseERNS_9PublisherE
                0x00000000081035ce       0x5c ./Core/Src/Ros_communication.o
                0x00000000081035ce                ros::NodeHandle_<STM32Hardware, 25, 25, 4096, 4096>::advertise(ros::Publisher&)
 .text._ZN3ros11NodeHandle_I13STM32HardwareLi25ELi25ELi4096ELi4096EE15requestSyncTimeEv
                0x000000000810362a       0x3a ./Core/Src/Ros_communication.o
                0x000000000810362a                ros::NodeHandle_<STM32Hardware, 25, 25, 4096, 4096>::requestSyncTime()
 .text._ZN3ros11NodeHandle_I13STM32HardwareLi25ELi25ELi4096ELi4096EE15negotiateTopicsEv
                0x0000000008103664      0x1c4 ./Core/Src/Ros_communication.o
                0x0000000008103664                ros::NodeHandle_<STM32Hardware, 25, 25, 4096, 4096>::negotiateTopics()
 .text._ZN3ros11NodeHandle_I13STM32HardwareLi25ELi25ELi4096ELi4096EE8syncTimeEPh
                0x0000000008103828       0x98 ./Core/Src/Ros_communication.o
                0x0000000008103828                ros::NodeHandle_<STM32Hardware, 25, 25, 4096, 4096>::syncTime(unsigned char*)
 .text._ZN3ros11NodeHandle_I13STM32HardwareLi25ELi25ELi4096ELi4096EE3logEcPKc
                0x00000000081038c0       0x38 ./Core/Src/Ros_communication.o
                0x00000000081038c0                ros::NodeHandle_<STM32Hardware, 25, 25, 4096, 4096>::log(char, char const*)
 .text._ZN3ros11NodeHandle_I13STM32HardwareLi25ELi25ELi4096ELi4096EE7publishEiPKNS_3MsgE
                0x00000000081038f8      0x148 ./Core/Src/Ros_communication.o
                0x00000000081038f8                ros::NodeHandle_<STM32Hardware, 25, 25, 4096, 4096>::publish(int, ros::Msg const*)
 .text._ZN3ros11NodeHandle_I13STM32HardwareLi25ELi25ELi4096ELi4096EE6setNowERNS_4TimeE
                0x0000000008103a40       0x7c ./Core/Src/Ros_communication.o
                0x0000000008103a40                ros::NodeHandle_<STM32Hardware, 25, 25, 4096, 4096>::setNow(ros::Time&)
 .text._ZN3ros11NodeHandle_I13STM32HardwareLi25ELi25ELi4096ELi4096EE8logerrorEPKc
                0x0000000008103abc       0x1c ./Core/Src/Ros_communication.o
                0x0000000008103abc                ros::NodeHandle_<STM32Hardware, 25, 25, 4096, 4096>::logerror(char const*)
 .text._Z41__static_initialization_and_destruction_0ii
                0x0000000008103ad8       0x8c ./Core/Src/Ros_communication.o
 .text._ZN3ros10SubscriberIN8std_msgs17Float32MultiArrayEvE8callbackEPh
                0x0000000008103b64       0x2a ./Core/Src/Ros_communication.o
                0x0000000008103b64                ros::Subscriber<std_msgs::Float32MultiArray, void>::callback(unsigned char*)
 .text._ZN3ros10SubscriberIN8std_msgs17Float32MultiArrayEvE15getEndpointTypeEv
                0x0000000008103b8e       0x18 ./Core/Src/Ros_communication.o
                0x0000000008103b8e                ros::Subscriber<std_msgs::Float32MultiArray, void>::getEndpointType()
 .text._ZN3ros10SubscriberIN8std_msgs17Float32MultiArrayEvE10getMsgTypeEv
                0x0000000008103ba6       0x1c ./Core/Src/Ros_communication.o
                0x0000000008103ba6                ros::Subscriber<std_msgs::Float32MultiArray, void>::getMsgType()
 .text._ZN3ros10SubscriberIN8std_msgs17Float32MultiArrayEvE9getMsgMD5Ev
                0x0000000008103bc2       0x1c ./Core/Src/Ros_communication.o
                0x0000000008103bc2                ros::Subscriber<std_msgs::Float32MultiArray, void>::getMsgMD5()
 .text._ZN3ros11NodeHandle_I13STM32HardwareLi25ELi25ELi4096ELi4096EE9connectedEv
                0x0000000008103bde       0x1e ./Core/Src/Ros_communication.o
                0x0000000008103bde                ros::NodeHandle_<STM32Hardware, 25, 25, 4096, 4096>::connected()
 .text._GLOBAL__sub_I_ROS_DelayCounter
                0x0000000008103bfc       0x10 ./Core/Src/Ros_communication.o
 .text.HAL_TIM_PeriodElapsedCallback
                0x0000000008103c0c      0x14c ./Core/Src/main.o
                0x0000000008103c0c                HAL_TIM_PeriodElapsedCallback
 .text.main     0x0000000008103d58       0xa0 ./Core/Src/main.o
                0x0000000008103d58                main
 .text._ZL13MX_TIM17_Initv
                0x0000000008103df8       0x58 ./Core/Src/main.o
 .text._ZL19MX_USART3_UART_Initv
                0x0000000008103e50       0xc0 ./Core/Src/main.o
 .text._ZL11MX_DMA_Initv
                0x0000000008103f10       0x50 ./Core/Src/main.o
 .text._ZL12MX_GPIO_Initv
                0x0000000008103f60       0x34 ./Core/Src/main.o
 .text._ZL8led_initv
                0x0000000008103f94       0x60 ./Core/Src/main.o
 .text.Error_Handler
                0x0000000008103ff4        0xa ./Core/Src/main.o
                0x0000000008103ff4                Error_Handler
 *fill*         0x0000000008103ffe        0x2 
 .text.ringbuff_write
                0x0000000008104000      0x110 ./Core/Src/ringbuff.o
                0x0000000008104000                ringbuff_write
 .text.ringbuff_read
                0x0000000008104110      0x110 ./Core/Src/ringbuff.o
                0x0000000008104110                ringbuff_read
 .text.ringbuff_get_free
                0x0000000008104220       0x8c ./Core/Src/ringbuff.o
                0x0000000008104220                ringbuff_get_free
 .text.ringbuff_get_full
                0x00000000081042ac       0x88 ./Core/Src/ringbuff.o
                0x00000000081042ac                ringbuff_get_full
 .text._Z17ringbuffer_statusP10ringbuffer
                0x0000000008104334       0x4e ./Core/Src/ringbuffer.o
                0x0000000008104334                ringbuffer_status(ringbuffer*)
 .text._Z19ringbuffer_data_lenP10ringbuffer
                0x0000000008104382       0x8a ./Core/Src/ringbuffer.o
                0x0000000008104382                ringbuffer_data_len(ringbuffer*)
 .text._Z18ringbuffer_putcharP10ringbufferh
                0x000000000810440c       0xaa ./Core/Src/ringbuffer.o
                0x000000000810440c                ringbuffer_putchar(ringbuffer*, unsigned char)
 .text._Z18ringbuffer_getcharP10ringbufferPh
                0x00000000081044b6       0xa2 ./Core/Src/ringbuffer.o
                0x00000000081044b6                ringbuffer_getchar(ringbuffer*, unsigned char*)
 .text._Z15ringbuffer_initP10ringbufferPhs
                0x0000000008104558       0x6e ./Core/Src/ringbuffer.o
                0x0000000008104558                ringbuffer_init(ringbuffer*, unsigned char*, short)
 *fill*         0x00000000081045c6        0x2 
 .text.HAL_MspInit
                0x00000000081045c8       0x34 ./Core/Src/stm32h7xx_hal_msp.o
                0x00000000081045c8                HAL_MspInit
 .text.HAL_TIM_Base_MspInit
                0x00000000081045fc       0x50 ./Core/Src/stm32h7xx_hal_msp.o
                0x00000000081045fc                HAL_TIM_Base_MspInit
 .text.HAL_UART_MspInit
                0x000000000810464c      0x1b0 ./Core/Src/stm32h7xx_hal_msp.o
                0x000000000810464c                HAL_UART_MspInit
 .text.NMI_Handler
                0x00000000081047fc        0x6 ./Core/Src/stm32h7xx_it.o
                0x00000000081047fc                NMI_Handler
 .text.HardFault_Handler
                0x0000000008104802        0x6 ./Core/Src/stm32h7xx_it.o
                0x0000000008104802                HardFault_Handler
 .text.MemManage_Handler
                0x0000000008104808        0x6 ./Core/Src/stm32h7xx_it.o
                0x0000000008104808                MemManage_Handler
 .text.BusFault_Handler
                0x000000000810480e        0x6 ./Core/Src/stm32h7xx_it.o
                0x000000000810480e                BusFault_Handler
 .text.UsageFault_Handler
                0x0000000008104814        0x6 ./Core/Src/stm32h7xx_it.o
                0x0000000008104814                UsageFault_Handler
 .text.SVC_Handler
                0x000000000810481a        0xe ./Core/Src/stm32h7xx_it.o
                0x000000000810481a                SVC_Handler
 .text.DebugMon_Handler
                0x0000000008104828        0xe ./Core/Src/stm32h7xx_it.o
                0x0000000008104828                DebugMon_Handler
 .text.PendSV_Handler
                0x0000000008104836        0xe ./Core/Src/stm32h7xx_it.o
                0x0000000008104836                PendSV_Handler
 .text.SysTick_Handler
                0x0000000008104844        0xc ./Core/Src/stm32h7xx_it.o
                0x0000000008104844                SysTick_Handler
 .text.DMA1_Stream0_IRQHandler
                0x0000000008104850       0x14 ./Core/Src/stm32h7xx_it.o
                0x0000000008104850                DMA1_Stream0_IRQHandler
 .text.DMA1_Stream1_IRQHandler
                0x0000000008104864       0x14 ./Core/Src/stm32h7xx_it.o
                0x0000000008104864                DMA1_Stream1_IRQHandler
 .text.USART3_IRQHandler
                0x0000000008104878       0x18 ./Core/Src/stm32h7xx_it.o
                0x0000000008104878                USART3_IRQHandler
 .text.TIM17_IRQHandler
                0x0000000008104890       0x14 ./Core/Src/stm32h7xx_it.o
                0x0000000008104890                TIM17_IRQHandler
 .text._getpid  0x00000000081048a4       0x10 ./Core/Src/syscalls.o
                0x00000000081048a4                _getpid
 .text._kill    0x00000000081048b4       0x20 ./Core/Src/syscalls.o
                0x00000000081048b4                _kill
 .text._exit    0x00000000081048d4       0x14 ./Core/Src/syscalls.o
                0x00000000081048d4                _exit
 .text._sbrk    0x00000000081048e8       0x6c ./Core/Src/sysmem.o
                0x00000000081048e8                _sbrk
 .text.Reset_Handler
                0x0000000008104954       0x50 ./Core/Startup/startup_stm32h745zitx.o
                0x0000000008104954                Reset_Handler
 .text.Default_Handler
                0x00000000081049a4        0x2 ./Core/Startup/startup_stm32h745zitx.o
                0x00000000081049a4                RTC_Alarm_IRQHandler
                0x00000000081049a4                EXTI2_IRQHandler
                0x00000000081049a4                TIM8_CC_IRQHandler
                0x00000000081049a4                HRTIM1_Master_IRQHandler
                0x00000000081049a4                UART8_IRQHandler
                0x00000000081049a4                SPI4_IRQHandler
                0x00000000081049a4                TIM1_CC_IRQHandler
                0x00000000081049a4                BDMA_Channel6_IRQHandler
                0x00000000081049a4                DMA2_Stream5_IRQHandler
                0x00000000081049a4                HRTIM1_FLT_IRQHandler
                0x00000000081049a4                JPEG_IRQHandler
                0x00000000081049a4                DMA1_Stream5_IRQHandler
                0x00000000081049a4                BDMA_Channel1_IRQHandler
                0x00000000081049a4                HRTIM1_TIMD_IRQHandler
                0x00000000081049a4                TAMP_STAMP_IRQHandler
                0x00000000081049a4                EXTI3_IRQHandler
                0x00000000081049a4                LPTIM4_IRQHandler
                0x00000000081049a4                TIM8_TRG_COM_TIM14_IRQHandler
                0x00000000081049a4                LPTIM2_IRQHandler
                0x00000000081049a4                DFSDM1_FLT1_IRQHandler
                0x00000000081049a4                DMAMUX2_OVR_IRQHandler
                0x00000000081049a4                TIM8_UP_TIM13_IRQHandler
                0x00000000081049a4                I2C3_ER_IRQHandler
                0x00000000081049a4                DFSDM1_FLT2_IRQHandler
                0x00000000081049a4                MDMA_IRQHandler
                0x00000000081049a4                LPTIM3_IRQHandler
                0x00000000081049a4                HSEM1_IRQHandler
                0x00000000081049a4                EXTI0_IRQHandler
                0x00000000081049a4                I2C2_EV_IRQHandler
                0x00000000081049a4                DMA1_Stream2_IRQHandler
                0x00000000081049a4                FPU_IRQHandler
                0x00000000081049a4                OTG_HS_WKUP_IRQHandler
                0x00000000081049a4                FDCAN1_IT1_IRQHandler
                0x00000000081049a4                LTDC_ER_IRQHandler
                0x00000000081049a4                DMA2_Stream2_IRQHandler
                0x00000000081049a4                HRTIM1_TIME_IRQHandler
                0x00000000081049a4                SPI1_IRQHandler
                0x00000000081049a4                TIM6_DAC_IRQHandler
                0x00000000081049a4                DCMI_IRQHandler
                0x00000000081049a4                HRTIM1_TIMC_IRQHandler
                0x00000000081049a4                DMA2_Stream3_IRQHandler
                0x00000000081049a4                SAI2_IRQHandler
                0x00000000081049a4                DFSDM1_FLT3_IRQHandler
                0x00000000081049a4                USART6_IRQHandler
                0x00000000081049a4                BDMA_Channel7_IRQHandler
                0x00000000081049a4                LPTIM5_IRQHandler
                0x00000000081049a4                UART5_IRQHandler
                0x00000000081049a4                ADC3_IRQHandler
                0x00000000081049a4                DMA2_Stream0_IRQHandler
                0x00000000081049a4                TIM4_IRQHandler
                0x00000000081049a4                BDMA_Channel2_IRQHandler
                0x00000000081049a4                QUADSPI_IRQHandler
                0x00000000081049a4                I2C1_EV_IRQHandler
                0x00000000081049a4                DMA1_Stream6_IRQHandler
                0x00000000081049a4                DMAMUX1_OVR_IRQHandler
                0x00000000081049a4                TIM16_IRQHandler
                0x00000000081049a4                UART4_IRQHandler
                0x00000000081049a4                BDMA_Channel5_IRQHandler
                0x00000000081049a4                TIM3_IRQHandler
                0x00000000081049a4                RCC_IRQHandler
                0x00000000081049a4                TIM8_BRK_TIM12_IRQHandler
                0x00000000081049a4                TIM1_TRG_COM_IRQHandler
                0x00000000081049a4                Default_Handler
                0x00000000081049a4                ECC_IRQHandler
                0x00000000081049a4                CEC_IRQHandler
                0x00000000081049a4                EXTI15_10_IRQHandler
                0x00000000081049a4                BDMA_Channel0_IRQHandler
                0x00000000081049a4                ADC_IRQHandler
                0x00000000081049a4                DMA1_Stream7_IRQHandler
                0x00000000081049a4                HRTIM1_TIMA_IRQHandler
                0x00000000081049a4                SPI5_IRQHandler
                0x00000000081049a4                TIM7_IRQHandler
                0x00000000081049a4                SDMMC1_IRQHandler
                0x00000000081049a4                TIM5_IRQHandler
                0x00000000081049a4                DMA2_Stream7_IRQHandler
                0x00000000081049a4                TIM15_IRQHandler
                0x00000000081049a4                PVD_AVD_IRQHandler
                0x00000000081049a4                I2C3_EV_IRQHandler
                0x00000000081049a4                EXTI9_5_IRQHandler
                0x00000000081049a4                RTC_WKUP_IRQHandler
                0x00000000081049a4                LTDC_IRQHandler
                0x00000000081049a4                SAI3_IRQHandler
                0x00000000081049a4                ETH_WKUP_IRQHandler
                0x00000000081049a4                SPDIF_RX_IRQHandler
                0x00000000081049a4                SPI2_IRQHandler
                0x00000000081049a4                OTG_HS_EP1_IN_IRQHandler
                0x00000000081049a4                CRS_IRQHandler
                0x00000000081049a4                CM7_SEV_IRQHandler
                0x00000000081049a4                EXTI4_IRQHandler
                0x00000000081049a4                RNG_IRQHandler
                0x00000000081049a4                CM4_SEV_IRQHandler
                0x00000000081049a4                HRTIM1_TIMB_IRQHandler
                0x00000000081049a4                FDCAN2_IT1_IRQHandler
                0x00000000081049a4                ETH_IRQHandler
                0x00000000081049a4                TIM1_UP_IRQHandler
                0x00000000081049a4                WWDG_RST_IRQHandler
                0x00000000081049a4                BDMA_Channel4_IRQHandler
                0x00000000081049a4                OTG_HS_EP1_OUT_IRQHandler
                0x00000000081049a4                WWDG_IRQHandler
                0x00000000081049a4                SPI6_IRQHandler
                0x00000000081049a4                MDIOS_IRQHandler
                0x00000000081049a4                I2C4_EV_IRQHandler
                0x00000000081049a4                FDCAN2_IT0_IRQHandler
                0x00000000081049a4                LPUART1_IRQHandler
                0x00000000081049a4                FDCAN1_IT0_IRQHandler
                0x00000000081049a4                TIM2_IRQHandler
                0x00000000081049a4                OTG_FS_WKUP_IRQHandler
                0x00000000081049a4                OTG_HS_IRQHandler
                0x00000000081049a4                HSEM2_IRQHandler
                0x00000000081049a4                DMA2D_IRQHandler
                0x00000000081049a4                TIM1_BRK_IRQHandler
                0x00000000081049a4                EXTI1_IRQHandler
                0x00000000081049a4                SDMMC2_IRQHandler
                0x00000000081049a4                OTG_FS_EP1_OUT_IRQHandler
                0x00000000081049a4                BDMA_Channel3_IRQHandler
                0x00000000081049a4                HOLD_CORE_IRQHandler
                0x00000000081049a4                UART7_IRQHandler
                0x00000000081049a4                MDIOS_WKUP_IRQHandler
                0x00000000081049a4                USART2_IRQHandler
                0x00000000081049a4                DFSDM1_FLT0_IRQHandler
                0x00000000081049a4                SAI4_IRQHandler
                0x00000000081049a4                I2C2_ER_IRQHandler
                0x00000000081049a4                DMA2_Stream1_IRQHandler
                0x00000000081049a4                FLASH_IRQHandler
                0x00000000081049a4                DMA2_Stream4_IRQHandler
                0x00000000081049a4                USART1_IRQHandler
                0x00000000081049a4                OTG_FS_IRQHandler
                0x00000000081049a4                SPI3_IRQHandler
                0x00000000081049a4                WAKEUP_PIN_IRQHandler
                0x00000000081049a4                DMA1_Stream4_IRQHandler
                0x00000000081049a4                OTG_FS_EP1_IN_IRQHandler
                0x00000000081049a4                I2C1_ER_IRQHandler
                0x00000000081049a4                FMC_IRQHandler
                0x00000000081049a4                FDCAN_CAL_IRQHandler
                0x00000000081049a4                SWPMI1_IRQHandler
                0x00000000081049a4                COMP1_IRQHandler
                0x00000000081049a4                LPTIM1_IRQHandler
                0x00000000081049a4                I2C4_ER_IRQHandler
                0x00000000081049a4                DMA2_Stream6_IRQHandler
                0x00000000081049a4                SAI1_IRQHandler
                0x00000000081049a4                DMA1_Stream3_IRQHandler
 *fill*         0x00000000081049a6        0x2 
 .text.HAL_Init
                0x00000000081049a8       0xbc ./Drivers/STM32H7xx_HAL_Driver/stm32h7xx_hal.o
                0x00000000081049a8                HAL_Init
 .text.HAL_InitTick
                0x0000000008104a64       0x6c ./Drivers/STM32H7xx_HAL_Driver/stm32h7xx_hal.o
                0x0000000008104a64                HAL_InitTick
 .text.HAL_IncTick
                0x0000000008104ad0       0x28 ./Drivers/STM32H7xx_HAL_Driver/stm32h7xx_hal.o
                0x0000000008104ad0                HAL_IncTick
 .text.HAL_GetTick
                0x0000000008104af8       0x18 ./Drivers/STM32H7xx_HAL_Driver/stm32h7xx_hal.o
                0x0000000008104af8                HAL_GetTick
 .text.__NVIC_SetPriorityGrouping
                0x0000000008104b10       0x48 ./Drivers/STM32H7xx_HAL_Driver/stm32h7xx_hal_cortex.o
 .text.__NVIC_GetPriorityGrouping
                0x0000000008104b58       0x1c ./Drivers/STM32H7xx_HAL_Driver/stm32h7xx_hal_cortex.o
 .text.__NVIC_EnableIRQ
                0x0000000008104b74       0x3c ./Drivers/STM32H7xx_HAL_Driver/stm32h7xx_hal_cortex.o
 .text.__NVIC_SetPriority
                0x0000000008104bb0       0x54 ./Drivers/STM32H7xx_HAL_Driver/stm32h7xx_hal_cortex.o
 .text.NVIC_EncodePriority
                0x0000000008104c04       0x66 ./Drivers/STM32H7xx_HAL_Driver/stm32h7xx_hal_cortex.o
 *fill*         0x0000000008104c6a        0x2 
 .text.SysTick_Config
                0x0000000008104c6c       0x44 ./Drivers/STM32H7xx_HAL_Driver/stm32h7xx_hal_cortex.o
 .text.HAL_NVIC_SetPriorityGrouping
                0x0000000008104cb0       0x16 ./Drivers/STM32H7xx_HAL_Driver/stm32h7xx_hal_cortex.o
                0x0000000008104cb0                HAL_NVIC_SetPriorityGrouping
 .text.HAL_NVIC_SetPriority
                0x0000000008104cc6       0x34 ./Drivers/STM32H7xx_HAL_Driver/stm32h7xx_hal_cortex.o
                0x0000000008104cc6                HAL_NVIC_SetPriority
 .text.HAL_NVIC_EnableIRQ
                0x0000000008104cfa       0x1c ./Drivers/STM32H7xx_HAL_Driver/stm32h7xx_hal_cortex.o
                0x0000000008104cfa                HAL_NVIC_EnableIRQ
 .text.HAL_SYSTICK_Config
                0x0000000008104d16       0x18 ./Drivers/STM32H7xx_HAL_Driver/stm32h7xx_hal_cortex.o
                0x0000000008104d16                HAL_SYSTICK_Config
 *fill*         0x0000000008104d2e        0x2 
 .text.HAL_GetCurrentCPUID
                0x0000000008104d30       0x28 ./Drivers/STM32H7xx_HAL_Driver/stm32h7xx_hal_cortex.o
                0x0000000008104d30                HAL_GetCurrentCPUID
 .text.HAL_DMA_Init
                0x0000000008104d58      0x6b4 ./Drivers/STM32H7xx_HAL_Driver/stm32h7xx_hal_dma.o
                0x0000000008104d58                HAL_DMA_Init
 .text.HAL_DMA_Abort
                0x000000000810540c      0x63c ./Drivers/STM32H7xx_HAL_Driver/stm32h7xx_hal_dma.o
                0x000000000810540c                HAL_DMA_Abort
 .text.HAL_DMA_Abort_IT
                0x0000000008105a48      0x48c ./Drivers/STM32H7xx_HAL_Driver/stm32h7xx_hal_dma.o
                0x0000000008105a48                HAL_DMA_Abort_IT
 .text.HAL_DMA_IRQHandler
                0x0000000008105ed4      0xe54 ./Drivers/STM32H7xx_HAL_Driver/stm32h7xx_hal_dma.o
                0x0000000008105ed4                HAL_DMA_IRQHandler
 .text.DMA_CalcBaseAndBitshift
                0x0000000008106d28      0x164 ./Drivers/STM32H7xx_HAL_Driver/stm32h7xx_hal_dma.o
 .text.DMA_CheckFifoParam
                0x0000000008106e8c       0xf8 ./Drivers/STM32H7xx_HAL_Driver/stm32h7xx_hal_dma.o
 .text.DMA_CalcDMAMUXChannelBaseAndMask
                0x0000000008106f84      0x134 ./Drivers/STM32H7xx_HAL_Driver/stm32h7xx_hal_dma.o
 .text.DMA_CalcDMAMUXRequestGenBaseAndMask
                0x00000000081070b8       0xe8 ./Drivers/STM32H7xx_HAL_Driver/stm32h7xx_hal_dma.o
 .text.HAL_GPIO_Init
                0x00000000081071a0      0x360 ./Drivers/STM32H7xx_HAL_Driver/stm32h7xx_hal_gpio.o
                0x00000000081071a0                HAL_GPIO_Init
 .text.HAL_GPIO_TogglePin
                0x0000000008107500       0x34 ./Drivers/STM32H7xx_HAL_Driver/stm32h7xx_hal_gpio.o
                0x0000000008107500                HAL_GPIO_TogglePin
 .text.HAL_HSEM_ActivateNotification
                0x0000000008107534       0x24 ./Drivers/STM32H7xx_HAL_Driver/stm32h7xx_hal_hsem.o
                0x0000000008107534                HAL_HSEM_ActivateNotification
 .text.HAL_PWREx_EnterSTOPMode
                0x0000000008107558       0xf4 ./Drivers/STM32H7xx_HAL_Driver/stm32h7xx_hal_pwr_ex.o
                0x0000000008107558                HAL_PWREx_EnterSTOPMode
 .text.HAL_PWREx_ClearPendingEvent
                0x000000000810764c       0x1a ./Drivers/STM32H7xx_HAL_Driver/stm32h7xx_hal_pwr_ex.o
                0x000000000810764c                HAL_PWREx_ClearPendingEvent
 *fill*         0x0000000008107666        0x2 
 .text.HAL_RCC_GetSysClockFreq
                0x0000000008107668      0x2f4 ./Drivers/STM32H7xx_HAL_Driver/stm32h7xx_hal_rcc.o
                0x0000000008107668                HAL_RCC_GetSysClockFreq
 .text.HAL_RCC_GetHCLKFreq
                0x000000000810795c       0x64 ./Drivers/STM32H7xx_HAL_Driver/stm32h7xx_hal_rcc.o
                0x000000000810795c                HAL_RCC_GetHCLKFreq
 .text.HAL_RCC_GetPCLK1Freq
                0x00000000081079c0       0x2c ./Drivers/STM32H7xx_HAL_Driver/stm32h7xx_hal_rcc.o
                0x00000000081079c0                HAL_RCC_GetPCLK1Freq
 .text.HAL_RCC_GetPCLK2Freq
                0x00000000081079ec       0x2c ./Drivers/STM32H7xx_HAL_Driver/stm32h7xx_hal_rcc.o
                0x00000000081079ec                HAL_RCC_GetPCLK2Freq
 .text.HAL_RCCEx_PeriphCLKConfig
                0x0000000008107a18     0x1414 ./Drivers/STM32H7xx_HAL_Driver/stm32h7xx_hal_rcc_ex.o
                0x0000000008107a18                HAL_RCCEx_PeriphCLKConfig
 .text.HAL_RCCEx_GetD3PCLK1Freq
                0x0000000008108e2c       0x2c ./Drivers/STM32H7xx_HAL_Driver/stm32h7xx_hal_rcc_ex.o
                0x0000000008108e2c                HAL_RCCEx_GetD3PCLK1Freq
 .text.HAL_RCCEx_GetPLL2ClockFreq
                0x0000000008108e58      0x2a8 ./Drivers/STM32H7xx_HAL_Driver/stm32h7xx_hal_rcc_ex.o
                0x0000000008108e58                HAL_RCCEx_GetPLL2ClockFreq
 .text.HAL_RCCEx_GetPLL3ClockFreq
                0x0000000008109100      0x2a8 ./Drivers/STM32H7xx_HAL_Driver/stm32h7xx_hal_rcc_ex.o
                0x0000000008109100                HAL_RCCEx_GetPLL3ClockFreq
 .text.RCCEx_PLL2_Config
                0x00000000081093a8      0x164 ./Drivers/STM32H7xx_HAL_Driver/stm32h7xx_hal_rcc_ex.o
 .text.RCCEx_PLL3_Config
                0x000000000810950c      0x164 ./Drivers/STM32H7xx_HAL_Driver/stm32h7xx_hal_rcc_ex.o
 .text.HAL_TIM_Base_Init
                0x0000000008109670       0xae ./Drivers/STM32H7xx_HAL_Driver/stm32h7xx_hal_tim.o
                0x0000000008109670                HAL_TIM_Base_Init
 *fill*         0x000000000810971e        0x2 
 .text.HAL_TIM_Base_Start_IT
                0x0000000008109720       0xf0 ./Drivers/STM32H7xx_HAL_Driver/stm32h7xx_hal_tim.o
                0x0000000008109720                HAL_TIM_Base_Start_IT
 .text.HAL_TIM_IRQHandler
                0x0000000008109810      0x23e ./Drivers/STM32H7xx_HAL_Driver/stm32h7xx_hal_tim.o
                0x0000000008109810                HAL_TIM_IRQHandler
 .text.HAL_TIM_OC_DelayElapsedCallback
                0x0000000008109a4e       0x14 ./Drivers/STM32H7xx_HAL_Driver/stm32h7xx_hal_tim.o
                0x0000000008109a4e                HAL_TIM_OC_DelayElapsedCallback
 .text.HAL_TIM_IC_CaptureCallback
                0x0000000008109a62       0x14 ./Drivers/STM32H7xx_HAL_Driver/stm32h7xx_hal_tim.o
                0x0000000008109a62                HAL_TIM_IC_CaptureCallback
 .text.HAL_TIM_PWM_PulseFinishedCallback
                0x0000000008109a76       0x14 ./Drivers/STM32H7xx_HAL_Driver/stm32h7xx_hal_tim.o
                0x0000000008109a76                HAL_TIM_PWM_PulseFinishedCallback
 .text.HAL_TIM_TriggerCallback
                0x0000000008109a8a       0x14 ./Drivers/STM32H7xx_HAL_Driver/stm32h7xx_hal_tim.o
                0x0000000008109a8a                HAL_TIM_TriggerCallback
 *fill*         0x0000000008109a9e        0x2 
 .text.TIM_Base_SetConfig
                0x0000000008109aa0      0x134 ./Drivers/STM32H7xx_HAL_Driver/stm32h7xx_hal_tim.o
                0x0000000008109aa0                TIM_Base_SetConfig
 .text.HAL_TIMEx_CommutCallback
                0x0000000008109bd4       0x14 ./Drivers/STM32H7xx_HAL_Driver/stm32h7xx_hal_tim_ex.o
                0x0000000008109bd4                HAL_TIMEx_CommutCallback
 .text.HAL_TIMEx_BreakCallback
                0x0000000008109be8       0x14 ./Drivers/STM32H7xx_HAL_Driver/stm32h7xx_hal_tim_ex.o
                0x0000000008109be8                HAL_TIMEx_BreakCallback
 .text.HAL_TIMEx_Break2Callback
                0x0000000008109bfc       0x14 ./Drivers/STM32H7xx_HAL_Driver/stm32h7xx_hal_tim_ex.o
                0x0000000008109bfc                HAL_TIMEx_Break2Callback
 .text.HAL_UART_Init
                0x0000000008109c10       0xa0 ./Drivers/STM32H7xx_HAL_Driver/stm32h7xx_hal_uart.o
                0x0000000008109c10                HAL_UART_Init
 .text.HAL_UART_Transmit
                0x0000000008109cb0      0x11c ./Drivers/STM32H7xx_HAL_Driver/stm32h7xx_hal_uart.o
                0x0000000008109cb0                HAL_UART_Transmit
 .text.HAL_UART_IRQHandler
                0x0000000008109dcc      0x774 ./Drivers/STM32H7xx_HAL_Driver/stm32h7xx_hal_uart.o
                0x0000000008109dcc                HAL_UART_IRQHandler
 .text.HAL_UART_TxCpltCallback
                0x000000000810a540       0x14 ./Drivers/STM32H7xx_HAL_Driver/stm32h7xx_hal_uart.o
                0x000000000810a540                HAL_UART_TxCpltCallback
 .text.HAL_UART_ErrorCallback
                0x000000000810a554       0x14 ./Drivers/STM32H7xx_HAL_Driver/stm32h7xx_hal_uart.o
                0x000000000810a554                HAL_UART_ErrorCallback
 .text.HAL_UARTEx_RxEventCallback
                0x000000000810a568       0x18 ./Drivers/STM32H7xx_HAL_Driver/stm32h7xx_hal_uart.o
                0x000000000810a568                HAL_UARTEx_RxEventCallback
 .text.UART_SetConfig
                0x000000000810a580      0xad0 ./Drivers/STM32H7xx_HAL_Driver/stm32h7xx_hal_uart.o
                0x000000000810a580                UART_SetConfig
 .text.UART_AdvFeatureConfig
                0x000000000810b050      0x144 ./Drivers/STM32H7xx_HAL_Driver/stm32h7xx_hal_uart.o
                0x000000000810b050                UART_AdvFeatureConfig
 .text.UART_CheckIdleState
                0x000000000810b194      0x154 ./Drivers/STM32H7xx_HAL_Driver/stm32h7xx_hal_uart.o
                0x000000000810b194                UART_CheckIdleState
 .text.UART_WaitOnFlagUntilTimeout
                0x000000000810b2e8       0xce ./Drivers/STM32H7xx_HAL_Driver/stm32h7xx_hal_uart.o
                0x000000000810b2e8                UART_WaitOnFlagUntilTimeout
 .text.UART_EndRxTransfer
                0x000000000810b3b6       0xcc ./Drivers/STM32H7xx_HAL_Driver/stm32h7xx_hal_uart.o
 .text.UART_DMAAbortOnError
                0x000000000810b482       0x2c ./Drivers/STM32H7xx_HAL_Driver/stm32h7xx_hal_uart.o
 .text.UART_EndTransmit_IT
                0x000000000810b4ae       0x56 ./Drivers/STM32H7xx_HAL_Driver/stm32h7xx_hal_uart.o
 .text.HAL_UARTEx_WakeupCallback
                0x000000000810b504       0x14 ./Drivers/STM32H7xx_HAL_Driver/stm32h7xx_hal_uart_ex.o
                0x000000000810b504                HAL_UARTEx_WakeupCallback
 .text.HAL_UARTEx_RxFifoFullCallback
                0x000000000810b518       0x14 ./Drivers/STM32H7xx_HAL_Driver/stm32h7xx_hal_uart_ex.o
                0x000000000810b518                HAL_UARTEx_RxFifoFullCallback
 .text.HAL_UARTEx_TxFifoEmptyCallback
                0x000000000810b52c       0x14 ./Drivers/STM32H7xx_HAL_Driver/stm32h7xx_hal_uart_ex.o
                0x000000000810b52c                HAL_UARTEx_TxFifoEmptyCallback
 .text.HAL_UARTEx_DisableFifoMode
                0x000000000810b540       0x72 ./Drivers/STM32H7xx_HAL_Driver/stm32h7xx_hal_uart_ex.o
                0x000000000810b540                HAL_UARTEx_DisableFifoMode
 .text.HAL_UARTEx_SetTxFifoThreshold
                0x000000000810b5b2       0x7c ./Drivers/STM32H7xx_HAL_Driver/stm32h7xx_hal_uart_ex.o
                0x000000000810b5b2                HAL_UARTEx_SetTxFifoThreshold
 .text.HAL_UARTEx_SetRxFifoThreshold
                0x000000000810b62e       0x7c ./Drivers/STM32H7xx_HAL_Driver/stm32h7xx_hal_uart_ex.o
                0x000000000810b62e                HAL_UARTEx_SetRxFifoThreshold
 *fill*         0x000000000810b6aa        0x2 
 .text.UARTEx_SetNbDataToProcess
                0x000000000810b6ac       0x9c ./Drivers/STM32H7xx_HAL_Driver/stm32h7xx_hal_uart_ex.o
 .text._ZN3ros16normalizeSecNSecERmS0_
                0x000000000810b748       0x58 ./ros_lib/time.o
                0x000000000810b748                ros::normalizeSecNSec(unsigned long&, unsigned long&)
 .text.__cxa_pure_virtual
                0x000000000810b7a0        0x6 c:/st/stm32cubeide_1.6.1/stm32cubeide/plugins/com.st.stm32cube.ide.mcu.externaltools.gnu-tools-for-stm32.10.3-2021.10.win32_1.0.200.202301161003/tools/bin/../lib/gcc/arm-none-eabi/10.3.1/../../../../arm-none-eabi/lib/thumb/v7e-m+fp/hard\libstdc++_nano.a(pure.o)
                0x000000000810b7a0                __cxa_pure_virtual
 .text._ZN10__cxxabiv111__terminateEPFvvE
                0x000000000810b7a6        0x8 c:/st/stm32cubeide_1.6.1/stm32cubeide/plugins/com.st.stm32cube.ide.mcu.externaltools.gnu-tools-for-stm32.10.3-2021.10.win32_1.0.200.202301161003/tools/bin/../lib/gcc/arm-none-eabi/10.3.1/../../../../arm-none-eabi/lib/thumb/v7e-m+fp/hard\libstdc++_nano.a(eh_terminate.o)
                0x000000000810b7a6                __cxxabiv1::__terminate(void (*)())
 *fill*         0x000000000810b7ae        0x2 
 .text._ZSt13get_terminatev
                0x000000000810b7b0       0x10 c:/st/stm32cubeide_1.6.1/stm32cubeide/plugins/com.st.stm32cube.ide.mcu.externaltools.gnu-tools-for-stm32.10.3-2021.10.win32_1.0.200.202301161003/tools/bin/../lib/gcc/arm-none-eabi/10.3.1/../../../../arm-none-eabi/lib/thumb/v7e-m+fp/hard\libstdc++_nano.a(eh_terminate.o)
                0x000000000810b7b0                std::get_terminate()
 .text._ZSt9terminatev
                0x000000000810b7c0        0xa c:/st/stm32cubeide_1.6.1/stm32cubeide/plugins/com.st.stm32cube.ide.mcu.externaltools.gnu-tools-for-stm32.10.3-2021.10.win32_1.0.200.202301161003/tools/bin/../lib/gcc/arm-none-eabi/10.3.1/../../../../arm-none-eabi/lib/thumb/v7e-m+fp/hard\libstdc++_nano.a(eh_terminate.o)
                0x000000000810b7c0                std::terminate()
 .text.abort    0x000000000810b7ca        0xe c:/st/stm32cubeide_1.6.1/stm32cubeide/plugins/com.st.stm32cube.ide.mcu.externaltools.gnu-tools-for-stm32.10.3-2021.10.win32_1.0.200.202301161003/tools/bin/../lib/gcc/arm-none-eabi/10.3.1/../../../../arm-none-eabi/lib/thumb/v7e-m+fp/hard\libc_nano.a(lib_a-abort.o)
                0x000000000810b7ca                abort
 .text.__errno  0x000000000810b7d8        0xc c:/st/stm32cubeide_1.6.1/stm32cubeide/plugins/com.st.stm32cube.ide.mcu.externaltools.gnu-tools-for-stm32.10.3-2021.10.win32_1.0.200.202301161003/tools/bin/../lib/gcc/arm-none-eabi/10.3.1/../../../../arm-none-eabi/lib/thumb/v7e-m+fp/hard\libc_nano.a(lib_a-errno.o)
                0x000000000810b7d8                __errno
 .text.__libc_init_array
                0x000000000810b7e4       0x48 c:/st/stm32cubeide_1.6.1/stm32cubeide/plugins/com.st.stm32cube.ide.mcu.externaltools.gnu-tools-for-stm32.10.3-2021.10.win32_1.0.200.202301161003/tools/bin/../lib/gcc/arm-none-eabi/10.3.1/../../../../arm-none-eabi/lib/thumb/v7e-m+fp/hard\libc_nano.a(lib_a-init.o)
                0x000000000810b7e4                __libc_init_array
 .text.memcpy   0x000000000810b82c       0x1c c:/st/stm32cubeide_1.6.1/stm32cubeide/plugins/com.st.stm32cube.ide.mcu.externaltools.gnu-tools-for-stm32.10.3-2021.10.win32_1.0.200.202301161003/tools/bin/../lib/gcc/arm-none-eabi/10.3.1/../../../../arm-none-eabi/lib/thumb/v7e-m+fp/hard\libc_nano.a(lib_a-memcpy-stub.o)
                0x000000000810b82c                memcpy
 .text.memset   0x000000000810b848       0x10 c:/st/stm32cubeide_1.6.1/stm32cubeide/plugins/com.st.stm32cube.ide.mcu.externaltools.gnu-tools-for-stm32.10.3-2021.10.win32_1.0.200.202301161003/tools/bin/../lib/gcc/arm-none-eabi/10.3.1/../../../../arm-none-eabi/lib/thumb/v7e-m+fp/hard\libc_nano.a(lib_a-memset.o)
                0x000000000810b848                memset
 .text.realloc  0x000000000810b858       0x10 c:/st/stm32cubeide_1.6.1/stm32cubeide/plugins/com.st.stm32cube.ide.mcu.externaltools.gnu-tools-for-stm32.10.3-2021.10.win32_1.0.200.202301161003/tools/bin/../lib/gcc/arm-none-eabi/10.3.1/../../../../arm-none-eabi/lib/thumb/v7e-m+fp/hard\libc_nano.a(lib_a-realloc.o)
                0x000000000810b858                realloc
 .text._raise_r
                0x000000000810b868       0x50 c:/st/stm32cubeide_1.6.1/stm32cubeide/plugins/com.st.stm32cube.ide.mcu.externaltools.gnu-tools-for-stm32.10.3-2021.10.win32_1.0.200.202301161003/tools/bin/../lib/gcc/arm-none-eabi/10.3.1/../../../../arm-none-eabi/lib/thumb/v7e-m+fp/hard\libc_nano.a(lib_a-signal.o)
                0x000000000810b868                _raise_r
 .text.raise    0x000000000810b8b8       0x10 c:/st/stm32cubeide_1.6.1/stm32cubeide/plugins/com.st.stm32cube.ide.mcu.externaltools.gnu-tools-for-stm32.10.3-2021.10.win32_1.0.200.202301161003/tools/bin/../lib/gcc/arm-none-eabi/10.3.1/../../../../arm-none-eabi/lib/thumb/v7e-m+fp/hard\libc_nano.a(lib_a-signal.o)
                0x000000000810b8b8                raise
 .text._kill_r  0x000000000810b8c8       0x24 c:/st/stm32cubeide_1.6.1/stm32cubeide/plugins/com.st.stm32cube.ide.mcu.externaltools.gnu-tools-for-stm32.10.3-2021.10.win32_1.0.200.202301161003/tools/bin/../lib/gcc/arm-none-eabi/10.3.1/../../../../arm-none-eabi/lib/thumb/v7e-m+fp/hard\libc_nano.a(lib_a-signalr.o)
                0x000000000810b8c8                _kill_r
 .text._getpid_r
                0x000000000810b8ec        0x4 c:/st/stm32cubeide_1.6.1/stm32cubeide/plugins/com.st.stm32cube.ide.mcu.externaltools.gnu-tools-for-stm32.10.3-2021.10.win32_1.0.200.202301161003/tools/bin/../lib/gcc/arm-none-eabi/10.3.1/../../../../arm-none-eabi/lib/thumb/v7e-m+fp/hard\libc_nano.a(lib_a-signalr.o)
                0x000000000810b8ec                _getpid_r
 .text.sbrk_aligned
                0x000000000810b8f0       0x40 c:/st/stm32cubeide_1.6.1/stm32cubeide/plugins/com.st.stm32cube.ide.mcu.externaltools.gnu-tools-for-stm32.10.3-2021.10.win32_1.0.200.202301161003/tools/bin/../lib/gcc/arm-none-eabi/10.3.1/../../../../arm-none-eabi/lib/thumb/v7e-m+fp/hard\libc_nano.a(lib_a-nano-mallocr.o)
 .text._malloc_r
                0x000000000810b930       0xe8 c:/st/stm32cubeide_1.6.1/stm32cubeide/plugins/com.st.stm32cube.ide.mcu.externaltools.gnu-tools-for-stm32.10.3-2021.10.win32_1.0.200.202301161003/tools/bin/../lib/gcc/arm-none-eabi/10.3.1/../../../../arm-none-eabi/lib/thumb/v7e-m+fp/hard\libc_nano.a(lib_a-nano-mallocr.o)
                0x000000000810b930                _malloc_r
 .text._realloc_r
                0x000000000810ba18       0x5e c:/st/stm32cubeide_1.6.1/stm32cubeide/plugins/com.st.stm32cube.ide.mcu.externaltools.gnu-tools-for-stm32.10.3-2021.10.win32_1.0.200.202301161003/tools/bin/../lib/gcc/arm-none-eabi/10.3.1/../../../../arm-none-eabi/lib/thumb/v7e-m+fp/hard\libc_nano.a(lib_a-nano-reallocr.o)
                0x000000000810ba18                _realloc_r
 *fill*         0x000000000810ba76        0x2 
 .text._sbrk_r  0x000000000810ba78       0x20 c:/st/stm32cubeide_1.6.1/stm32cubeide/plugins/com.st.stm32cube.ide.mcu.externaltools.gnu-tools-for-stm32.10.3-2021.10.win32_1.0.200.202301161003/tools/bin/../lib/gcc/arm-none-eabi/10.3.1/../../../../arm-none-eabi/lib/thumb/v7e-m+fp/hard\libc_nano.a(lib_a-sbrkr.o)
                0x000000000810ba78                _sbrk_r
 .text.__malloc_lock
                0x000000000810ba98        0xc c:/st/stm32cubeide_1.6.1/stm32cubeide/plugins/com.st.stm32cube.ide.mcu.externaltools.gnu-tools-for-stm32.10.3-2021.10.win32_1.0.200.202301161003/tools/bin/../lib/gcc/arm-none-eabi/10.3.1/../../../../arm-none-eabi/lib/thumb/v7e-m+fp/hard\libc_nano.a(lib_a-mlock.o)
                0x000000000810ba98                __malloc_lock
 .text.__malloc_unlock
                0x000000000810baa4        0xc c:/st/stm32cubeide_1.6.1/stm32cubeide/plugins/com.st.stm32cube.ide.mcu.externaltools.gnu-tools-for-stm32.10.3-2021.10.win32_1.0.200.202301161003/tools/bin/../lib/gcc/arm-none-eabi/10.3.1/../../../../arm-none-eabi/lib/thumb/v7e-m+fp/hard\libc_nano.a(lib_a-mlock.o)
                0x000000000810baa4                __malloc_unlock
 .text._free_r  0x000000000810bab0       0x98 c:/st/stm32cubeide_1.6.1/stm32cubeide/plugins/com.st.stm32cube.ide.mcu.externaltools.gnu-tools-for-stm32.10.3-2021.10.win32_1.0.200.202301161003/tools/bin/../lib/gcc/arm-none-eabi/10.3.1/../../../../arm-none-eabi/lib/thumb/v7e-m+fp/hard\libc_nano.a(lib_a-nano-freer.o)
                0x000000000810bab0                _free_r
 .text._malloc_usable_size_r
                0x000000000810bb48       0x10 c:/st/stm32cubeide_1.6.1/stm32cubeide/plugins/com.st.stm32cube.ide.mcu.externaltools.gnu-tools-for-stm32.10.3-2021.10.win32_1.0.200.202301161003/tools/bin/../lib/gcc/arm-none-eabi/10.3.1/../../../../arm-none-eabi/lib/thumb/v7e-m+fp/hard\libc_nano.a(lib_a-nano-msizer.o)
                0x000000000810bb48                _malloc_usable_size_r
 .text.__retarget_lock_acquire_recursive
                0x000000000810bb58        0x2 c:/st/stm32cubeide_1.6.1/stm32cubeide/plugins/com.st.stm32cube.ide.mcu.externaltools.gnu-tools-for-stm32.10.3-2021.10.win32_1.0.200.202301161003/tools/bin/../lib/gcc/arm-none-eabi/10.3.1/../../../../arm-none-eabi/lib/thumb/v7e-m+fp/hard\libc_nano.a(lib_a-lock.o)
                0x000000000810bb58                __retarget_lock_acquire_recursive
 .text.__retarget_lock_release_recursive
                0x000000000810bb5a        0x2 c:/st/stm32cubeide_1.6.1/stm32cubeide/plugins/com.st.stm32cube.ide.mcu.externaltools.gnu-tools-for-stm32.10.3-2021.10.win32_1.0.200.202301161003/tools/bin/../lib/gcc/arm-none-eabi/10.3.1/../../../../arm-none-eabi/lib/thumb/v7e-m+fp/hard\libc_nano.a(lib_a-lock.o)
                0x000000000810bb5a                __retarget_lock_release_recursive
 *(.glue_7)
 .glue_7        0x000000000810bb5c        0x0 linker stubs
 *(.glue_7t)
 .glue_7t       0x000000000810bb5c        0x0 linker stubs
 *(.eh_frame)
 .eh_frame      0x000000000810bb5c        0x0 c:/st/stm32cubeide_1.6.1/stm32cubeide/plugins/com.st.stm32cube.ide.mcu.externaltools.gnu-tools-for-stm32.10.3-2021.10.win32_1.0.200.202301161003/tools/bin/../lib/gcc/arm-none-eabi/10.3.1/thumb/v7e-m+fp/hard/crtbegin.o
 *(.init)
 .init          0x000000000810bb5c        0x4 c:/st/stm32cubeide_1.6.1/stm32cubeide/plugins/com.st.stm32cube.ide.mcu.externaltools.gnu-tools-for-stm32.10.3-2021.10.win32_1.0.200.202301161003/tools/bin/../lib/gcc/arm-none-eabi/10.3.1/thumb/v7e-m+fp/hard/crti.o
                0x000000000810bb5c                _init
 .init          0x000000000810bb60        0x8 c:/st/stm32cubeide_1.6.1/stm32cubeide/plugins/com.st.stm32cube.ide.mcu.externaltools.gnu-tools-for-stm32.10.3-2021.10.win32_1.0.200.202301161003/tools/bin/../lib/gcc/arm-none-eabi/10.3.1/thumb/v7e-m+fp/hard/crtn.o
 *(.fini)
 .fini          0x000000000810bb68        0x4 c:/st/stm32cubeide_1.6.1/stm32cubeide/plugins/com.st.stm32cube.ide.mcu.externaltools.gnu-tools-for-stm32.10.3-2021.10.win32_1.0.200.202301161003/tools/bin/../lib/gcc/arm-none-eabi/10.3.1/thumb/v7e-m+fp/hard/crti.o
                0x000000000810bb68                _fini
 .fini          0x000000000810bb6c        0x8 c:/st/stm32cubeide_1.6.1/stm32cubeide/plugins/com.st.stm32cube.ide.mcu.externaltools.gnu-tools-for-stm32.10.3-2021.10.win32_1.0.200.202301161003/tools/bin/../lib/gcc/arm-none-eabi/10.3.1/thumb/v7e-m+fp/hard/crtn.o
                0x000000000810bb74                . = ALIGN (0x4)
                0x000000000810bb74                _etext = .

.vfp11_veneer   0x000000000810bb74        0x0
 .vfp11_veneer  0x000000000810bb74        0x0 linker stubs

.v4_bx          0x000000000810bb74        0x0
 .v4_bx         0x000000000810bb74        0x0 linker stubs

.iplt           0x000000000810bb74        0x0
 .iplt          0x000000000810bb74        0x0 c:/st/stm32cubeide_1.6.1/stm32cubeide/plugins/com.st.stm32cube.ide.mcu.externaltools.gnu-tools-for-stm32.10.3-2021.10.win32_1.0.200.202301161003/tools/bin/../lib/gcc/arm-none-eabi/10.3.1/thumb/v7e-m+fp/hard/crtbegin.o

.rodata         0x000000000810bb74      0x6e0
                0x000000000810bb74                . = ALIGN (0x4)
 *(.rodata)
 .rodata        0x000000000810bb74      0x47a ./Core/Src/Ros_communication.o
 *(.rodata*)
 *fill*         0x000000000810bfee        0x2 
 .rodata.D1CorePrescTable
                0x000000000810bff0       0x10 ./Common/Src/system_stm32h7xx_dualcore_boot_cm4_cm7.o
                0x000000000810bff0                D1CorePrescTable
 .rodata._ZN14rosserial_msgsL12REQUESTPARAME
                0x000000000810c000       0x1c ./Core/Src/Ros_communication.o
 .rodata._ZTVN3ros10SubscriberIN8std_msgs17Float32MultiArrayEvEE
                0x000000000810c01c       0x18 ./Core/Src/Ros_communication.o
                0x000000000810c01c                vtable for ros::Subscriber<std_msgs::Float32MultiArray, void>
 .rodata._ZTVN3ros11NodeHandle_I13STM32HardwareLi25ELi25ELi4096ELi4096EEE
                0x000000000810c034       0x14 ./Core/Src/Ros_communication.o
                0x000000000810c034                vtable for ros::NodeHandle_<STM32Hardware, 25, 25, 4096, 4096>
 .rodata._ZTVN8std_msgs4Int8E
                0x000000000810c048       0x18 ./Core/Src/Ros_communication.o
                0x000000000810c048                vtable for std_msgs::Int8
 .rodata._ZTVN8std_msgs17Float32MultiArrayE
                0x000000000810c060       0x18 ./Core/Src/Ros_communication.o
                0x000000000810c060                vtable for std_msgs::Float32MultiArray
 .rodata._ZTVN8std_msgs16MultiArrayLayoutE
                0x000000000810c078       0x18 ./Core/Src/Ros_communication.o
                0x000000000810c078                vtable for std_msgs::MultiArrayLayout
 .rodata._ZTVN8std_msgs19MultiArrayDimensionE
                0x000000000810c090       0x18 ./Core/Src/Ros_communication.o
                0x000000000810c090                vtable for std_msgs::MultiArrayDimension
 .rodata._ZTVN8nav_msgs8OdometryE
                0x000000000810c0a8       0x18 ./Core/Src/Ros_communication.o
                0x000000000810c0a8                vtable for nav_msgs::Odometry
 .rodata._ZTVN8std_msgs6HeaderE
                0x000000000810c0c0       0x18 ./Core/Src/Ros_communication.o
                0x000000000810c0c0                vtable for std_msgs::Header
 .rodata._ZTVN13geometry_msgs19TwistWithCovarianceE
                0x000000000810c0d8       0x18 ./Core/Src/Ros_communication.o
                0x000000000810c0d8                vtable for geometry_msgs::TwistWithCovariance
 .rodata._ZTVN13geometry_msgs5TwistE
                0x000000000810c0f0       0x18 ./Core/Src/Ros_communication.o
                0x000000000810c0f0                vtable for geometry_msgs::Twist
 .rodata._ZTVN13geometry_msgs7Vector3E
                0x000000000810c108       0x18 ./Core/Src/Ros_communication.o
                0x000000000810c108                vtable for geometry_msgs::Vector3
 .rodata._ZTVN13geometry_msgs18PoseWithCovarianceE
                0x000000000810c120       0x18 ./Core/Src/Ros_communication.o
                0x000000000810c120                vtable for geometry_msgs::PoseWithCovariance
 .rodata._ZTVN13geometry_msgs4PoseE
                0x000000000810c138       0x18 ./Core/Src/Ros_communication.o
                0x000000000810c138                vtable for geometry_msgs::Pose
 .rodata._ZTVN13geometry_msgs10QuaternionE
                0x000000000810c150       0x18 ./Core/Src/Ros_communication.o
                0x000000000810c150                vtable for geometry_msgs::Quaternion
 .rodata._ZTVN13geometry_msgs5PointE
                0x000000000810c168       0x18 ./Core/Src/Ros_communication.o
                0x000000000810c168                vtable for geometry_msgs::Point
 .rodata._ZTVN3ros11Subscriber_E
                0x000000000810c180       0x18 ./Core/Src/Ros_communication.o
                0x000000000810c180                vtable for ros::Subscriber_
 .rodata._ZTVN3ros15NodeHandleBase_E
                0x000000000810c198       0x14 ./Core/Src/Ros_communication.o
                0x000000000810c198                vtable for ros::NodeHandleBase_
 .rodata._ZTVN8std_msgs4TimeE
                0x000000000810c1ac       0x18 ./Core/Src/Ros_communication.o
                0x000000000810c1ac                vtable for std_msgs::Time
 .rodata._ZTVN14rosserial_msgs9TopicInfoE
                0x000000000810c1c4       0x18 ./Core/Src/Ros_communication.o
                0x000000000810c1c4                vtable for rosserial_msgs::TopicInfo
 .rodata._ZTVN14rosserial_msgs20RequestParamResponseE
                0x000000000810c1dc       0x18 ./Core/Src/Ros_communication.o
                0x000000000810c1dc                vtable for rosserial_msgs::RequestParamResponse
 .rodata._ZTVN14rosserial_msgs3LogE
                0x000000000810c1f4       0x18 ./Core/Src/Ros_communication.o
                0x000000000810c1f4                vtable for rosserial_msgs::Log
 .rodata._ZTVN3ros3MsgE
                0x000000000810c20c       0x18 ./Core/Src/Ros_communication.o
                0x000000000810c20c                vtable for ros::Msg
 .rodata.flagBitshiftOffset.0
                0x000000000810c224        0x8 ./Drivers/STM32H7xx_HAL_Driver/stm32h7xx_hal_dma.o
 .rodata.UARTPrescTable
                0x000000000810c22c       0x18 ./Drivers/STM32H7xx_HAL_Driver/stm32h7xx_hal_uart.o
                0x000000000810c22c                UARTPrescTable
 .rodata.numerator.1
                0x000000000810c244        0x8 ./Drivers/STM32H7xx_HAL_Driver/stm32h7xx_hal_uart_ex.o
 .rodata.denominator.0
                0x000000000810c24c        0x8 ./Drivers/STM32H7xx_HAL_Driver/stm32h7xx_hal_uart_ex.o
                0x000000000810c254                . = ALIGN (0x4)

.ARM.extab
 *(.ARM.extab* .gnu.linkonce.armextab.*)

.ARM            0x000000000810c254        0x8
                0x000000000810c254                __exidx_start = .
 *(.ARM.exidx*)
 .ARM.exidx     0x000000000810c254        0x8 c:/st/stm32cubeide_1.6.1/stm32cubeide/plugins/com.st.stm32cube.ide.mcu.externaltools.gnu-tools-for-stm32.10.3-2021.10.win32_1.0.200.202301161003/tools/bin/../lib/gcc/arm-none-eabi/10.3.1/thumb/v7e-m+fp/hard\libgcc.a(_udivmoddi4.o)
                0x000000000810c25c                __exidx_end = .

.rel.dyn        0x000000000810c25c        0x0
 .rel.iplt      0x000000000810c25c        0x0 c:/st/stm32cubeide_1.6.1/stm32cubeide/plugins/com.st.stm32cube.ide.mcu.externaltools.gnu-tools-for-stm32.10.3-2021.10.win32_1.0.200.202301161003/tools/bin/../lib/gcc/arm-none-eabi/10.3.1/thumb/v7e-m+fp/hard/crtbegin.o

.preinit_array  0x000000000810c25c        0x0
                0x000000000810c25c                PROVIDE (__preinit_array_start = .)
 *(.preinit_array*)
                0x000000000810c25c                PROVIDE (__preinit_array_end = .)

.init_array     0x000000000810c25c        0x8
                0x000000000810c25c                PROVIDE (__init_array_start = .)
 *(SORT_BY_NAME(.init_array.*))
 *(.init_array*)
 .init_array    0x000000000810c25c        0x4 c:/st/stm32cubeide_1.6.1/stm32cubeide/plugins/com.st.stm32cube.ide.mcu.externaltools.gnu-tools-for-stm32.10.3-2021.10.win32_1.0.200.202301161003/tools/bin/../lib/gcc/arm-none-eabi/10.3.1/thumb/v7e-m+fp/hard/crtbegin.o
 .init_array    0x000000000810c260        0x4 ./Core/Src/Ros_communication.o
                0x000000000810c264                PROVIDE (__init_array_end = .)

.fini_array     0x000000000810c264        0x4
                [!provide]                        PROVIDE (__fini_array_start = .)
 *(SORT_BY_NAME(.fini_array.*))
 *(.fini_array*)
 .fini_array    0x000000000810c264        0x4 c:/st/stm32cubeide_1.6.1/stm32cubeide/plugins/com.st.stm32cube.ide.mcu.externaltools.gnu-tools-for-stm32.10.3-2021.10.win32_1.0.200.202301161003/tools/bin/../lib/gcc/arm-none-eabi/10.3.1/thumb/v7e-m+fp/hard/crtbegin.o
                [!provide]                        PROVIDE (__fini_array_end = .)
                0x000000000810c268                _sidata = LOADADDR (.data)

.data           0x0000000010000000       0x84 load address 0x000000000810c268
                0x0000000010000000                . = ALIGN (0x4)
                0x0000000010000000                _sdata = .
 *(.data)
 *(.data*)
 .data.SystemCoreClock
                0x0000000010000000        0x4 ./Common/Src/system_stm32h7xx_dualcore_boot_cm4_cm7.o
                0x0000000010000000                SystemCoreClock
 .data.SystemD2Clock
                0x0000000010000004        0x4 ./Common/Src/system_stm32h7xx_dualcore_boot_cm4_cm7.o
                0x0000000010000004                SystemD2Clock
 .data.MASTER_Navigator_Stop_Flag
                0x0000000010000008        0x1 ./Core/Src/Ros_communication.o
                0x0000000010000008                MASTER_Navigator_Stop_Flag
 .data.MASTER_Navigator_Still_IDLE
                0x0000000010000009        0x1 ./Core/Src/Ros_communication.o
                0x0000000010000009                MASTER_Navigator_Still_IDLE
 *fill*         0x000000001000000a        0x2 
 .data.rb_cm4_to_cm7
                0x000000001000000c        0x4 ./Core/Src/main.o
                0x000000001000000c                rb_cm4_to_cm7
 .data.rb_cm7_to_cm4
                0x0000000010000010        0x4 ./Core/Src/main.o
                0x0000000010000010                rb_cm7_to_cm4
 .data.uwTickPrio
                0x0000000010000014        0x4 ./Drivers/STM32H7xx_HAL_Driver/stm32h7xx_hal.o
                0x0000000010000014                uwTickPrio
 .data.uwTickFreq
                0x0000000010000018        0x1 ./Drivers/STM32H7xx_HAL_Driver/stm32h7xx_hal.o
                0x0000000010000018                uwTickFreq
 *fill*         0x0000000010000019        0x3 
 .data._ZN10__cxxabiv119__terminate_handlerE
                0x000000001000001c        0x4 c:/st/stm32cubeide_1.6.1/stm32cubeide/plugins/com.st.stm32cube.ide.mcu.externaltools.gnu-tools-for-stm32.10.3-2021.10.win32_1.0.200.202301161003/tools/bin/../lib/gcc/arm-none-eabi/10.3.1/../../../../arm-none-eabi/lib/thumb/v7e-m+fp/hard\libstdc++_nano.a(eh_term_handler.o)
                0x000000001000001c                __cxxabiv1::__terminate_handler
 .data._impure_ptr
                0x0000000010000020        0x4 c:/st/stm32cubeide_1.6.1/stm32cubeide/plugins/com.st.stm32cube.ide.mcu.externaltools.gnu-tools-for-stm32.10.3-2021.10.win32_1.0.200.202301161003/tools/bin/../lib/gcc/arm-none-eabi/10.3.1/../../../../arm-none-eabi/lib/thumb/v7e-m+fp/hard\libc_nano.a(lib_a-impure.o)
                0x0000000010000020                _impure_ptr
 .data.impure_data
                0x0000000010000024       0x60 c:/st/stm32cubeide_1.6.1/stm32cubeide/plugins/com.st.stm32cube.ide.mcu.externaltools.gnu-tools-for-stm32.10.3-2021.10.win32_1.0.200.202301161003/tools/bin/../lib/gcc/arm-none-eabi/10.3.1/../../../../arm-none-eabi/lib/thumb/v7e-m+fp/hard\libc_nano.a(lib_a-impure.o)
 *(.RamFunc)
 *(.RamFunc*)
                0x0000000010000084                . = ALIGN (0x4)
                0x0000000010000084                _edata = .

.igot.plt       0x0000000010000084        0x0 load address 0x000000000810c2ec
 .igot.plt      0x0000000010000084        0x0 c:/st/stm32cubeide_1.6.1/stm32cubeide/plugins/com.st.stm32cube.ide.mcu.externaltools.gnu-tools-for-stm32.10.3-2021.10.win32_1.0.200.202301161003/tools/bin/../lib/gcc/arm-none-eabi/10.3.1/thumb/v7e-m+fp/hard/crtbegin.o
                0x0000000010000084                . = ALIGN (0x4)

.bss            0x0000000010000084     0x2a38 load address 0x000000000810c2ec
                0x0000000010000084                _sbss = .
                0x0000000010000084                __bss_start__ = _sbss
 *(.bss)
 .bss           0x0000000010000084       0x1c c:/st/stm32cubeide_1.6.1/stm32cubeide/plugins/com.st.stm32cube.ide.mcu.externaltools.gnu-tools-for-stm32.10.3-2021.10.win32_1.0.200.202301161003/tools/bin/../lib/gcc/arm-none-eabi/10.3.1/thumb/v7e-m+fp/hard/crtbegin.o
 *(.bss*)
 .bss.ROBOT_CurrentStatuts_i8
                0x00000000100000a0        0x4 ./Core/Src/Ros_communication.o
                0x00000000100000a0                ROBOT_CurrentStatuts_i8
 .bss.ROS_Node_CurrentState_en
                0x00000000100000a4        0x1 ./Core/Src/Ros_communication.o
                0x00000000100000a4                ROS_Node_CurrentState_en
 *fill*         0x00000000100000a5        0x3 
 .bss.RxBuffer  0x00000000100000a8      0x400 ./Core/Src/Ros_communication.o
                0x00000000100000a8                RxBuffer
 .bss.rb        0x00000000100004a8        0xc ./Core/Src/Ros_communication.o
                0x00000000100004a8                rb
 .bss.nh        0x00000000100004b4     0x2130 ./Core/Src/Ros_communication.o
                0x00000000100004b4                nh
 .bss.MASTER_Navigator_MessageRecieved
                0x00000000100025e4        0x1 ./Core/Src/Ros_communication.o
                0x00000000100025e4                MASTER_Navigator_MessageRecieved
 *fill*         0x00000000100025e5        0x3 
 .bss.Nav_Orders_fromROS_arr
                0x00000000100025e8       0x50 ./Core/Src/Ros_communication.o
                0x00000000100025e8                Nav_Orders_fromROS_arr
 .bss.ROBOT_CurrentXYTheta_toROS_arr
                0x0000000010002638      0x190 ./Core/Src/Ros_communication.o
                0x0000000010002638                ROBOT_CurrentXYTheta_toROS_arr
 .bss.Nav_XYTargets_RecievedFromMaster
                0x00000000100027c8       0x30 ./Core/Src/Ros_communication.o
                0x00000000100027c8                Nav_XYTargets_RecievedFromMaster
 .bss.Nav_Robot_Current_Status_i8
                0x00000000100027f8        0x8 ./Core/Src/Ros_communication.o
                0x00000000100027f8                Nav_Robot_Current_Status_i8
 .bss.Nav_CurrentXYThetaPublisher
                0x0000000010002800       0x14 ./Core/Src/Ros_communication.o
                0x0000000010002800                Nav_CurrentXYThetaPublisher
 .bss.Nav_CurrentStatutsPublisher
                0x0000000010002814       0x14 ./Core/Src/Ros_communication.o
                0x0000000010002814                Nav_CurrentStatutsPublisher
 .bss.Nav_Orders_Subscriber
                0x0000000010002828       0x44 ./Core/Src/Ros_communication.o
                0x0000000010002828                Nav_Orders_Subscriber
 .bss.htim17    0x000000001000286c       0x4c ./Core/Src/main.o
                0x000000001000286c                htim17
 .bss.huart3    0x00000000100028b8       0x94 ./Core/Src/main.o
                0x00000000100028b8                huart3
 .bss.hdma_usart3_rx
                0x000000001000294c       0x78 ./Core/Src/main.o
                0x000000001000294c                hdma_usart3_rx
 .bss.hdma_usart3_tx
                0x00000000100029c4       0x78 ./Core/Src/main.o
                0x00000000100029c4                hdma_usart3_tx
 .bss.read_counter
                0x0000000010002a3c        0x1 ./Core/Src/main.o
                0x0000000010002a3c                read_counter
 *fill*         0x0000000010002a3d        0x3 
 .bss.ROBOT_CurrentXYTheta_fromCM7_arr
                0x0000000010002a40       0x10 ./Core/Src/main.o