../Core/Src/main.cpp:97:6:void HAL_TIM_PeriodElapsedCallback(TIM_HandleTypeDef*)	16	static
../Core/Src/main.cpp:164:5:int main()	16	static
../Core/Src/main.cpp:222:13:void MX_TIM17_Init()	8	static
../Core/Src/main.cpp:254:13:void MX_USART3_UART_Init()	8	static
../Core/Src/main.cpp:300:13:void MX_DMA_Init()	16	static
../Core/Src/main.cpp:321:13:void MX_GPIO_Init()	16	static
../Core/Src/main.cpp:331:1:void led_init()	32	static
../Core/Src/main.cpp:349:6:void Error_Handler()	4	static,ignoring_inline_asm
