c:\users\asus\desktop\eurobot2023nav\euro_navigation\cm4\ros_lib\ros\msg.h:64:14:static int ros::Msg::serializeAvrFloat64(unsigned char*, float)	32	static
c:\users\asus\desktop\eurobot2023nav\euro_navigation\cm4\ros_lib\ros\msg.h:102:14:static int ros::Msg::deserializeAvrFloat64(const unsigned char*, float*)	24	static
c:\users\asus\desktop\eurobot2023nav\euro_navigation\cm4\ros_lib\ros\msg.h:45:7:constexpr ros::Msg::Msg()	16	static
c:\users\asus\desktop\eurobot2023nav\euro_navigation\cm4\ros_lib\rosserial_msgs\log.h:26:5:rosserial_msgs::Log::Log()	16	static
c:\users\asus\desktop\eurobot2023nav\euro_navigation\cm4\ros_lib\rosserial_msgs\log.h:32:17:virtual int rosserial_msgs::Log::serialize(unsigned char*) const	24	static
c:\users\asus\desktop\eurobot2023nav\euro_navigation\cm4\ros_lib\rosserial_msgs\log.h:45:17:virtual int rosserial_msgs::Log::deserialize(unsigned char*)	32	static
c:\users\asus\desktop\eurobot2023nav\euro_navigation\cm4\ros_lib\rosserial_msgs\log.h:62:18:virtual const char* rosserial_msgs::Log::getType()	16	static
c:\users\asus\desktop\eurobot2023nav\euro_navigation\cm4\ros_lib\rosserial_msgs\log.h:63:18:virtual const char* rosserial_msgs::Log::getMD5()	16	static
c:\users\asus\desktop\eurobot2023nav\euro_navigation\cm4\ros_lib\rosserial_msgs\requestparam.h:72:5:rosserial_msgs::RequestParamResponse::RequestParamResponse()	16	static
c:\users\asus\desktop\eurobot2023nav\euro_navigation\cm4\ros_lib\rosserial_msgs\requestparam.h:79:17:virtual int rosserial_msgs::RequestParamResponse::serialize(unsigned char*) const	48	static
c:\users\asus\desktop\eurobot2023nav\euro_navigation\cm4\ros_lib\rosserial_msgs\requestparam.h:131:17:virtual int rosserial_msgs::RequestParamResponse::deserialize(unsigned char*)	64	static
c:\users\asus\desktop\eurobot2023nav\euro_navigation\cm4\ros_lib\rosserial_msgs\requestparam.h:201:18:virtual const char* rosserial_msgs::RequestParamResponse::getType()	16	static
c:\users\asus\desktop\eurobot2023nav\euro_navigation\cm4\ros_lib\rosserial_msgs\requestparam.h:202:18:virtual const char* rosserial_msgs::RequestParamResponse::getMD5()	16	static
c:\users\asus\desktop\eurobot2023nav\euro_navigation\cm4\ros_lib\rosserial_msgs\topicinfo.h:35:5:rosserial_msgs::TopicInfo::TopicInfo()	16	static
c:\users\asus\desktop\eurobot2023nav\euro_navigation\cm4\ros_lib\rosserial_msgs\topicinfo.h:44:17:virtual int rosserial_msgs::TopicInfo::serialize(unsigned char*) const	40	static
c:\users\asus\desktop\eurobot2023nav\euro_navigation\cm4\ros_lib\rosserial_msgs\topicinfo.h:78:17:virtual int rosserial_msgs::TopicInfo::deserialize(unsigned char*)	48	static
c:\users\asus\desktop\eurobot2023nav\euro_navigation\cm4\ros_lib\rosserial_msgs\topicinfo.h:125:18:virtual const char* rosserial_msgs::TopicInfo::getType()	16	static
c:\users\asus\desktop\eurobot2023nav\euro_navigation\cm4\ros_lib\rosserial_msgs\topicinfo.h:126:18:virtual const char* rosserial_msgs::TopicInfo::getMD5()	16	static
c:\users\asus\desktop\eurobot2023nav\euro_navigation\cm4\ros_lib\ros\time.h:51:3:ros::Time::Time()	16	static
c:\users\asus\desktop\eurobot2023nav\euro_navigation\cm4\ros_lib\std_msgs\time.h:20:5:std_msgs::Time::Time()	16	static
c:\users\asus\desktop\eurobot2023nav\euro_navigation\cm4\ros_lib\std_msgs\time.h:25:17:virtual int std_msgs::Time::serialize(unsigned char*) const	24	static
c:\users\asus\desktop\eurobot2023nav\euro_navigation\cm4\ros_lib\std_msgs\time.h:41:17:virtual int std_msgs::Time::deserialize(unsigned char*)	24	static
c:\users\asus\desktop\eurobot2023nav\euro_navigation\cm4\ros_lib\std_msgs\time.h:57:18:virtual const char* std_msgs::Time::getType()	16	static
c:\users\asus\desktop\eurobot2023nav\euro_navigation\cm4\ros_lib\std_msgs\time.h:58:18:virtual const char* std_msgs::Time::getMD5()	16	static
c:\users\asus\desktop\eurobot2023nav\euro_navigation\cm4\ros_lib\ros\publisher.h:48:3:ros::Publisher::Publisher(const char*, ros::Msg*, int)	24	static
c:\users\asus\desktop\eurobot2023nav\euro_navigation\cm4\ros_lib\ros\publisher.h:53:7:int ros::Publisher::publish(const ros::Msg*)	16	static
c:\users\asus\desktop\eurobot2023nav\euro_navigation\cm4\ros_lib\ros\publisher.h:57:7:int ros::Publisher::getEndpointType()	16	static
c:\users\asus\desktop\eurobot2023nav\euro_navigation\cm4\ros_lib\stm32hardware.h:19:2:STM32Hardware::STM32Hardware()	16	static
c:\users\asus\desktop\eurobot2023nav\euro_navigation\cm4\ros_lib\stm32hardware.h:22:7:void STM32Hardware::init()	16	static
c:\users\asus\desktop\eurobot2023nav\euro_navigation\cm4\ros_lib\stm32hardware.h:27:6:int STM32Hardware::read()	24	static
c:\users\asus\desktop\eurobot2023nav\euro_navigation\cm4\ros_lib\stm32hardware.h:43:7:void STM32Hardware::write(uint8_t*, int)	24	static
c:\users\asus\desktop\eurobot2023nav\euro_navigation\cm4\ros_lib\stm32hardware.h:49:16:long unsigned int STM32Hardware::time()	16	static
c:\users\asus\desktop\eurobot2023nav\euro_navigation\cm4\ros_lib\geometry_msgs\point.h:23:5:geometry_msgs::Point::Point()	16	static
c:\users\asus\desktop\eurobot2023nav\euro_navigation\cm4\ros_lib\geometry_msgs\point.h:30:17:virtual int geometry_msgs::Point::serialize(unsigned char*) const	24	static
c:\users\asus\desktop\eurobot2023nav\euro_navigation\cm4\ros_lib\geometry_msgs\point.h:39:17:virtual int geometry_msgs::Point::deserialize(unsigned char*)	24	static
c:\users\asus\desktop\eurobot2023nav\euro_navigation\cm4\ros_lib\geometry_msgs\point.h:48:18:virtual const char* geometry_msgs::Point::getType()	16	static
c:\users\asus\desktop\eurobot2023nav\euro_navigation\cm4\ros_lib\geometry_msgs\point.h:49:18:virtual const char* geometry_msgs::Point::getMD5()	16	static
c:\users\asus\desktop\eurobot2023nav\euro_navigation\cm4\ros_lib\geometry_msgs\quaternion.h:25:5:geometry_msgs::Quaternion::Quaternion()	16	static
c:\users\asus\desktop\eurobot2023nav\euro_navigation\cm4\ros_lib\geometry_msgs\quaternion.h:33:17:virtual int geometry_msgs::Quaternion::serialize(unsigned char*) const	24	static
c:\users\asus\desktop\eurobot2023nav\euro_navigation\cm4\ros_lib\geometry_msgs\quaternion.h:43:17:virtual int geometry_msgs::Quaternion::deserialize(unsigned char*)	24	static
c:\users\asus\desktop\eurobot2023nav\euro_navigation\cm4\ros_lib\geometry_msgs\quaternion.h:53:18:virtual const char* geometry_msgs::Quaternion::getType()	16	static
c:\users\asus\desktop\eurobot2023nav\euro_navigation\cm4\ros_lib\geometry_msgs\quaternion.h:54:18:virtual const char* geometry_msgs::Quaternion::getMD5()	16	static
c:\users\asus\desktop\eurobot2023nav\euro_navigation\cm4\ros_lib\geometry_msgs\pose.h:23:5:geometry_msgs::Pose::Pose()	16	static
c:\users\asus\desktop\eurobot2023nav\euro_navigation\cm4\ros_lib\geometry_msgs\pose.h:29:17:virtual int geometry_msgs::Pose::serialize(unsigned char*) const	24	static
c:\users\asus\desktop\eurobot2023nav\euro_navigation\cm4\ros_lib\geometry_msgs\pose.h:37:17:virtual int geometry_msgs::Pose::deserialize(unsigned char*)	24	static
c:\users\asus\desktop\eurobot2023nav\euro_navigation\cm4\ros_lib\geometry_msgs\pose.h:45:18:virtual const char* geometry_msgs::Pose::getType()	16	static
c:\users\asus\desktop\eurobot2023nav\euro_navigation\cm4\ros_lib\geometry_msgs\pose.h:46:18:virtual const char* geometry_msgs::Pose::getMD5()	16	static
c:\users\asus\desktop\eurobot2023nav\euro_navigation\cm4\ros_lib\geometry_msgs\posewithcovariance.h:21:5:geometry_msgs::PoseWithCovariance::PoseWithCovariance()	16	static
c:\users\asus\desktop\eurobot2023nav\euro_navigation\cm4\ros_lib\geometry_msgs\posewithcovariance.h:27:17:virtual int geometry_msgs::PoseWithCovariance::serialize(unsigned char*) const	24	static
c:\users\asus\desktop\eurobot2023nav\euro_navigation\cm4\ros_lib\geometry_msgs\posewithcovariance.h:37:17:virtual int geometry_msgs::PoseWithCovariance::deserialize(unsigned char*)	24	static
c:\users\asus\desktop\eurobot2023nav\euro_navigation\cm4\ros_lib\geometry_msgs\posewithcovariance.h:47:18:virtual const char* geometry_msgs::PoseWithCovariance::getType()	16	static
c:\users\asus\desktop\eurobot2023nav\euro_navigation\cm4\ros_lib\geometry_msgs\posewithcovariance.h:48:18:virtual const char* geometry_msgs::PoseWithCovariance::getMD5()	16	static
c:\users\asus\desktop\eurobot2023nav\euro_navigation\cm4\ros_lib\geometry_msgs\vector3.h:23:5:geometry_msgs::Vector3::Vector3()	16	static
c:\users\asus\desktop\eurobot2023nav\euro_navigation\cm4\ros_lib\geometry_msgs\vector3.h:30:17:virtual int geometry_msgs::Vector3::serialize(unsigned char*) const	24	static
c:\users\asus\desktop\eurobot2023nav\euro_navigation\cm4\ros_lib\geometry_msgs\vector3.h:39:17:virtual int geometry_msgs::Vector3::deserialize(unsigned char*)	24	static
c:\users\asus\desktop\eurobot2023nav\euro_navigation\cm4\ros_lib\geometry_msgs\vector3.h:48:18:virtual const char* geometry_msgs::Vector3::getType()	16	static
c:\users\asus\desktop\eurobot2023nav\euro_navigation\cm4\ros_lib\geometry_msgs\vector3.h:49:18:virtual const char* geometry_msgs::Vector3::getMD5()	16	static
c:\users\asus\desktop\eurobot2023nav\euro_navigation\cm4\ros_lib\geometry_msgs\twist.h:22:5:geometry_msgs::Twist::Twist()	16	static
c:\users\asus\desktop\eurobot2023nav\euro_navigation\cm4\ros_lib\geometry_msgs\twist.h:28:17:virtual int geometry_msgs::Twist::serialize(unsigned char*) const	24	static
c:\users\asus\desktop\eurobot2023nav\euro_navigation\cm4\ros_lib\geometry_msgs\twist.h:36:17:virtual int geometry_msgs::Twist::deserialize(unsigned char*)	24	static
c:\users\asus\desktop\eurobot2023nav\euro_navigation\cm4\ros_lib\geometry_msgs\twist.h:44:18:virtual const char* geometry_msgs::Twist::getType()	16	static
c:\users\asus\desktop\eurobot2023nav\euro_navigation\cm4\ros_lib\geometry_msgs\twist.h:45:18:virtual const char* geometry_msgs::Twist::getMD5()	16	static
c:\users\asus\desktop\eurobot2023nav\euro_navigation\cm4\ros_lib\geometry_msgs\twistwithcovariance.h:21:5:geometry_msgs::TwistWithCovariance::TwistWithCovariance()	16	static
c:\users\asus\desktop\eurobot2023nav\euro_navigation\cm4\ros_lib\geometry_msgs\twistwithcovariance.h:27:17:virtual int geometry_msgs::TwistWithCovariance::serialize(unsigned char*) const	24	static
c:\users\asus\desktop\eurobot2023nav\euro_navigation\cm4\ros_lib\geometry_msgs\twistwithcovariance.h:37:17:virtual int geometry_msgs::TwistWithCovariance::deserialize(unsigned char*)	24	static
c:\users\asus\desktop\eurobot2023nav\euro_navigation\cm4\ros_lib\geometry_msgs\twistwithcovariance.h:47:18:virtual const char* geometry_msgs::TwistWithCovariance::getType()	16	static
c:\users\asus\desktop\eurobot2023nav\euro_navigation\cm4\ros_lib\geometry_msgs\twistwithcovariance.h:48:18:virtual const char* geometry_msgs::TwistWithCovariance::getMD5()	16	static
c:\users\asus\desktop\eurobot2023nav\euro_navigation\cm4\ros_lib\std_msgs\header.h:24:5:std_msgs::Header::Header()	16	static
c:\users\asus\desktop\eurobot2023nav\euro_navigation\cm4\ros_lib\std_msgs\header.h:31:17:virtual int std_msgs::Header::serialize(unsigned char*) const	24	static
c:\users\asus\desktop\eurobot2023nav\euro_navigation\cm4\ros_lib\std_msgs\header.h:57:17:virtual int std_msgs::Header::deserialize(unsigned char*)	32	static
c:\users\asus\desktop\eurobot2023nav\euro_navigation\cm4\ros_lib\std_msgs\header.h:87:18:virtual const char* std_msgs::Header::getType()	16	static
c:\users\asus\desktop\eurobot2023nav\euro_navigation\cm4\ros_lib\std_msgs\header.h:88:18:virtual const char* std_msgs::Header::getMD5()	16	static
C:/Users/ASUS/Desktop/EUROBOT2023NAV/Euro_navigation/CM4/ros_lib/nav_msgs/Odometry.h:28:5:nav_msgs::Odometry::Odometry()	16	static
C:/Users/ASUS/Desktop/EUROBOT2023NAV/Euro_navigation/CM4/ros_lib/nav_msgs/Odometry.h:36:17:virtual int nav_msgs::Odometry::serialize(unsigned char*) const	24	static
C:/Users/ASUS/Desktop/EUROBOT2023NAV/Euro_navigation/CM4/ros_lib/nav_msgs/Odometry.h:50:17:virtual int nav_msgs::Odometry::deserialize(unsigned char*)	32	static
C:/Users/ASUS/Desktop/EUROBOT2023NAV/Euro_navigation/CM4/ros_lib/nav_msgs/Odometry.h:68:18:virtual const char* nav_msgs::Odometry::getType()	16	static
C:/Users/ASUS/Desktop/EUROBOT2023NAV/Euro_navigation/CM4/ros_lib/nav_msgs/Odometry.h:69:18:virtual const char* nav_msgs::Odometry::getMD5()	16	static
c:\users\asus\desktop\eurobot2023nav\euro_navigation\cm4\ros_lib\std_msgs\multiarraydimension.h:23:5:std_msgs::MultiArrayDimension::MultiArrayDimension()	16	static
c:\users\asus\desktop\eurobot2023nav\euro_navigation\cm4\ros_lib\std_msgs\multiarraydimension.h:30:17:virtual int std_msgs::MultiArrayDimension::serialize(unsigned char*) const	24	static
c:\users\asus\desktop\eurobot2023nav\euro_navigation\cm4\ros_lib\std_msgs\multiarraydimension.h:51:17:virtual int std_msgs::MultiArrayDimension::deserialize(unsigned char*)	32	static
c:\users\asus\desktop\eurobot2023nav\euro_navigation\cm4\ros_lib\std_msgs\multiarraydimension.h:76:18:virtual const char* std_msgs::MultiArrayDimension::getType()	16	static
c:\users\asus\desktop\eurobot2023nav\euro_navigation\cm4\ros_lib\std_msgs\multiarraydimension.h:77:18:virtual const char* std_msgs::MultiArrayDimension::getMD5()	16	static
c:\users\asus\desktop\eurobot2023nav\euro_navigation\cm4\ros_lib\std_msgs\multiarraylayout.h:24:5:std_msgs::MultiArrayLayout::MultiArrayLayout()	16	static
c:\users\asus\desktop\eurobot2023nav\euro_navigation\cm4\ros_lib\std_msgs\multiarraylayout.h:30:17:virtual int std_msgs::MultiArrayLayout::serialize(unsigned char*) const	24	static
c:\users\asus\desktop\eurobot2023nav\euro_navigation\cm4\ros_lib\std_msgs\multiarraylayout.h:49:17:virtual int std_msgs::MultiArrayLayout::deserialize(unsigned char*)	32	static
c:\users\asus\desktop\eurobot2023nav\euro_navigation\cm4\ros_lib\std_msgs\multiarraylayout.h:72:18:virtual const char* std_msgs::MultiArrayLayout::getType()	16	static
c:\users\asus\desktop\eurobot2023nav\euro_navigation\cm4\ros_lib\std_msgs\multiarraylayout.h:73:18:virtual const char* std_msgs::MultiArrayLayout::getMD5()	16	static
C:/Users/ASUS/Desktop/EUROBOT2023NAV/Euro_navigation/CM4/ros_lib/std_msgs/Float32MultiArray.h:24:5:std_msgs::Float32MultiArray::Float32MultiArray()	16	static
C:/Users/ASUS/Desktop/EUROBOT2023NAV/Euro_navigation/CM4/ros_lib/std_msgs/Float32MultiArray.h:30:17:virtual int std_msgs::Float32MultiArray::serialize(unsigned char*) const	32	static
C:/Users/ASUS/Desktop/EUROBOT2023NAV/Euro_navigation/CM4/ros_lib/std_msgs/Float32MultiArray.h:54:17:virtual int std_msgs::Float32MultiArray::deserialize(unsigned char*)	32	static
C:/Users/ASUS/Desktop/EUROBOT2023NAV/Euro_navigation/CM4/ros_lib/std_msgs/Float32MultiArray.h:83:18:virtual const char* std_msgs::Float32MultiArray::getType()	16	static
C:/Users/ASUS/Desktop/EUROBOT2023NAV/Euro_navigation/CM4/ros_lib/std_msgs/Float32MultiArray.h:84:18:virtual const char* std_msgs::Float32MultiArray::getMD5()	16	static
C:/Users/ASUS/Desktop/EUROBOT2023NAV/Euro_navigation/CM4/ros_lib/std_msgs/Int8.h:19:5:std_msgs::Int8::Int8()	16	static
C:/Users/ASUS/Desktop/EUROBOT2023NAV/Euro_navigation/CM4/ros_lib/std_msgs/Int8.h:24:17:virtual int std_msgs::Int8::serialize(unsigned char*) const	24	static
C:/Users/ASUS/Desktop/EUROBOT2023NAV/Euro_navigation/CM4/ros_lib/std_msgs/Int8.h:37:17:virtual int std_msgs::Int8::deserialize(unsigned char*)	24	static
C:/Users/ASUS/Desktop/EUROBOT2023NAV/Euro_navigation/CM4/ros_lib/std_msgs/Int8.h:51:18:virtual const char* std_msgs::Int8::getType()	16	static
C:/Users/ASUS/Desktop/EUROBOT2023NAV/Euro_navigation/CM4/ros_lib/std_msgs/Int8.h:52:18:virtual const char* std_msgs::Int8::getMD5()	16	static
c:\st\stm32cubeide_1.6.1\stm32cubeide\plugins\com.st.stm32cube.ide.mcu.externaltools.gnu-tools-for-stm32.10.3-2021.10.win32_1.0.200.202301161003\tools\bin\../lib/gcc/arm-none-eabi/10.3.1/../../../../arm-none-eabi/include/c++/10.3.1/arm-none-eabi/thumb/v7e-m+fp/hard/bits/gthr-default.h:229:1:int __gthread_key_delete(__gthread_key_t)	16	static
../Core/Src/Ros_communication.cpp:62:6:void ROS_SpinOnce()	8	static
../Core/Src/Ros_communication.cpp:72:6:void Nav_Orders_MessageRecievedCallback(const std_msgs::Float32MultiArray&)	24	static
../Core/Src/Ros_communication.cpp:121:17:void USART_RX_Callback()	8	static
../Core/Src/Ros_communication.cpp:128:6:void vROS_Setup()	8	static
../Core/Src/Ros_communication.cpp:149:6:void vNav_CurrentStatus_Publisher()	16	static
../Core/Src/Ros_communication.cpp:162:6:void vNav_CurrentXYTheta_Publisher()	8	static
c:\users\asus\desktop\eurobot2023nav\euro_navigation\cm4\ros_lib\ros\msg.h:129:15:static void ros::Msg::varToArr(A, V) [with A = unsigned char*; V = long unsigned int]	24	static
c:\users\asus\desktop\eurobot2023nav\euro_navigation\cm4\ros_lib\ros\msg.h:137:15:static void ros::Msg::arrToVar(V&, A) [with V = long unsigned int; A = unsigned char*]	24	static
c:\users\asus\desktop\eurobot2023nav\euro_navigation\cm4\ros_lib\ros\node_handle.h:49:7:constexpr ros::NodeHandleBase_::NodeHandleBase_()	16	static
c:\users\asus\desktop\eurobot2023nav\euro_navigation\cm4\ros_lib\ros\node_handle.h:127:3:ros::NodeHandle_<Hardware, MAX_SUBSCRIBERS, MAX_PUBLISHERS, INPUT_SIZE, OUTPUT_SIZE>::NodeHandle_() [with Hardware = STM32Hardware; int MAX_SUBSCRIBERS = 25; int MAX_PUBLISHERS = 25; int INPUT_SIZE = 4096; int OUTPUT_SIZE = 4096]	32	static
c:\users\asus\desktop\eurobot2023nav\euro_navigation\cm4\ros_lib\ros\subscriber.h:44:7:ros::Subscriber_::Subscriber_()	16	static
c:\users\asus\desktop\eurobot2023nav\euro_navigation\cm4\ros_lib\ros\subscriber.h:107:3:ros::Subscriber<MsgT, void>::Subscriber(const char*, ros::Subscriber<MsgT, void>::CallbackT, int) [with MsgT = std_msgs::Float32MultiArray]	24	static
c:\users\asus\desktop\eurobot2023nav\euro_navigation\cm4\ros_lib\ros\node_handle.h:211:15:int ros::NodeHandle_<Hardware, MAX_SUBSCRIBERS, MAX_PUBLISHERS, INPUT_SIZE, OUTPUT_SIZE>::spinOnce() [with Hardware = STM32Hardware; int MAX_SUBSCRIBERS = 25; int MAX_PUBLISHERS = 25; int INPUT_SIZE = 4096; int OUTPUT_SIZE = 4096]	24	static
c:\users\asus\desktop\eurobot2023nav\euro_navigation\cm4\ros_lib\ros\node_handle.h:564:8:void ros::NodeHandle_<Hardware, MAX_SUBSCRIBERS, MAX_PUBLISHERS, INPUT_SIZE, OUTPUT_SIZE>::loginfo(const char*) [with Hardware = STM32Hardware; int MAX_SUBSCRIBERS = 25; int MAX_PUBLISHERS = 25; int INPUT_SIZE = 4096; int OUTPUT_SIZE = 4096]	16	static
c:\users\asus\desktop\eurobot2023nav\euro_navigation\cm4\ros_lib\ros\node_handle.h:158:8:void ros::NodeHandle_<Hardware, MAX_SUBSCRIBERS, MAX_PUBLISHERS, INPUT_SIZE, OUTPUT_SIZE>::initNode() [with Hardware = STM32Hardware; int MAX_SUBSCRIBERS = 25; int MAX_PUBLISHERS = 25; int INPUT_SIZE = 4096; int OUTPUT_SIZE = 4096]	16	static
c:\users\asus\desktop\eurobot2023nav\euro_navigation\cm4\ros_lib\ros\node_handle.h:431:8:bool ros::NodeHandle_<Hardware, MAX_SUBSCRIBERS, MAX_PUBLISHERS, INPUT_SIZE, OUTPUT_SIZE>::subscribe(SubscriberT&) [with SubscriberT = ros::Subscriber<std_msgs::Float32MultiArray>; Hardware = STM32Hardware; int MAX_SUBSCRIBERS = 25; int MAX_PUBLISHERS = 25; int INPUT_SIZE = 4096; int OUTPUT_SIZE = 4096]	24	static
c:\users\asus\desktop\eurobot2023nav\euro_navigation\cm4\ros_lib\ros\node_handle.h:414:8:bool ros::NodeHandle_<Hardware, MAX_SUBSCRIBERS, MAX_PUBLISHERS, INPUT_SIZE, OUTPUT_SIZE>::advertise(ros::Publisher&) [with Hardware = STM32Hardware; int MAX_SUBSCRIBERS = 25; int MAX_PUBLISHERS = 25; int INPUT_SIZE = 4096; int OUTPUT_SIZE = 4096]	24	static
c:\users\asus\desktop\eurobot2023nav\euro_navigation\cm4\ros_lib\ros\node_handle.h:371:8:void ros::NodeHandle_<Hardware, MAX_SUBSCRIBERS, MAX_PUBLISHERS, INPUT_SIZE, OUTPUT_SIZE>::requestSyncTime() [with Hardware = STM32Hardware; int MAX_SUBSCRIBERS = 25; int MAX_PUBLISHERS = 25; int INPUT_SIZE = 4096; int OUTPUT_SIZE = 4096]	32	static
c:\users\asus\desktop\eurobot2023nav\euro_navigation\cm4\ros_lib\ros\node_handle.h:479:8:void ros::NodeHandle_<Hardware, MAX_SUBSCRIBERS, MAX_PUBLISHERS, INPUT_SIZE, OUTPUT_SIZE>::negotiateTopics() [with Hardware = STM32Hardware; int MAX_SUBSCRIBERS = 25; int MAX_PUBLISHERS = 25; int INPUT_SIZE = 4096; int OUTPUT_SIZE = 4096]	56	static
c:\users\asus\desktop\eurobot2023nav\euro_navigation\cm4\ros_lib\ros\node_handle.h:378:8:void ros::NodeHandle_<Hardware, MAX_SUBSCRIBERS, MAX_PUBLISHERS, INPUT_SIZE, OUTPUT_SIZE>::syncTime(uint8_t*) [with Hardware = STM32Hardware; int MAX_SUBSCRIBERS = 25; int MAX_PUBLISHERS = 25; int INPUT_SIZE = 4096; int OUTPUT_SIZE = 4096]	32	static
c:\users\asus\desktop\eurobot2023nav\euro_navigation\cm4\ros_lib\ros\node_handle.h:551:8:void ros::NodeHandle_<Hardware, MAX_SUBSCRIBERS, MAX_PUBLISHERS, INPUT_SIZE, OUTPUT_SIZE>::log(char, const char*) [with Hardware = STM32Hardware; int MAX_SUBSCRIBERS = 25; int MAX_PUBLISHERS = 25; int INPUT_SIZE = 4096; int OUTPUT_SIZE = 4096]	40	static
c:\users\asus\desktop\eurobot2023nav\euro_navigation\cm4\ros_lib\ros\node_handle.h:510:15:int ros::NodeHandle_<Hardware, MAX_SUBSCRIBERS, MAX_PUBLISHERS, INPUT_SIZE, OUTPUT_SIZE>::publish(int, const ros::Msg*) [with Hardware = STM32Hardware; int MAX_SUBSCRIBERS = 25; int MAX_PUBLISHERS = 25; int INPUT_SIZE = 4096; int OUTPUT_SIZE = 4096]	40	static
c:\users\asus\desktop\eurobot2023nav\euro_navigation\cm4\ros_lib\ros\node_handle.h:401:8:void ros::NodeHandle_<Hardware, MAX_SUBSCRIBERS, MAX_PUBLISHERS, INPUT_SIZE, OUTPUT_SIZE>::setNow(ros::Time&) [with Hardware = STM32Hardware; int MAX_SUBSCRIBERS = 25; int MAX_PUBLISHERS = 25; int INPUT_SIZE = 4096; int OUTPUT_SIZE = 4096]	24	static
c:\users\asus\desktop\eurobot2023nav\euro_navigation\cm4\ros_lib\ros\node_handle.h:572:8:void ros::NodeHandle_<Hardware, MAX_SUBSCRIBERS, MAX_PUBLISHERS, INPUT_SIZE, OUTPUT_SIZE>::logerror(const char*) [with Hardware = STM32Hardware; int MAX_SUBSCRIBERS = 25; int MAX_PUBLISHERS = 25; int INPUT_SIZE = 4096; int OUTPUT_SIZE = 4096]	16	static
../Core/Src/Ros_communication.cpp:171:1:void __static_initialization_and_destruction_0(int, int)	16	static
c:\users\asus\desktop\eurobot2023nav\euro_navigation\cm4\ros_lib\ros\subscriber.h:114:16:void ros::Subscriber<MsgT, void>::callback(unsigned char*) [with MsgT = std_msgs::Float32MultiArray]	16	static
c:\users\asus\desktop\eurobot2023nav\euro_navigation\cm4\ros_lib\ros\subscriber.h:128:15:int ros::Subscriber<MsgT, void>::getEndpointType() [with MsgT = std_msgs::Float32MultiArray]	16	static
c:\users\asus\desktop\eurobot2023nav\euro_navigation\cm4\ros_lib\ros\subscriber.h:120:24:const char* ros::Subscriber<MsgT, void>::getMsgType() [with MsgT = std_msgs::Float32MultiArray]	16	static
c:\users\asus\desktop\eurobot2023nav\euro_navigation\cm4\ros_lib\ros\subscriber.h:124:24:const char* ros::Subscriber<MsgT, void>::getMsgMD5() [with MsgT = std_msgs::Float32MultiArray]	16	static
c:\users\asus\desktop\eurobot2023nav\euro_navigation\cm4\ros_lib\ros\node_handle.h:362:16:bool ros::NodeHandle_<Hardware, MAX_SUBSCRIBERS, MAX_PUBLISHERS, INPUT_SIZE, OUTPUT_SIZE>::connected() [with Hardware = STM32Hardware; int MAX_SUBSCRIBERS = 25; int MAX_PUBLISHERS = 25; int INPUT_SIZE = 4096; int OUTPUT_SIZE = 4096]	16	static
../Core/Src/Ros_communication.cpp:171:1:cpp)	8	static
