Archive member included to satisfy reference by file (symbol)

c:/st/stm32cubeide_1.6.1/stm32cubeide/plugins/com.st.stm32cube.ide.mcu.externaltools.gnu-tools-for-stm32.10.3-2021.10.win32_1.0.0.202111181127/tools/bin/../lib/gcc/arm-none-eabi/10.3.1/../../../../arm-none-eabi/lib/thumb/v7e-m+fp/hard\libc_nano.a(lib_a-errno.o)
                              ./Core/Src/syscalls.o (__errno)
c:/st/stm32cubeide_1.6.1/stm32cubeide/plugins/com.st.stm32cube.ide.mcu.externaltools.gnu-tools-for-stm32.10.3-2021.10.win32_1.0.0.202111181127/tools/bin/../lib/gcc/arm-none-eabi/10.3.1/../../../../arm-none-eabi/lib/thumb/v7e-m+fp/hard\libc_nano.a(lib_a-exit.o)
                              c:/st/stm32cubeide_1.6.1/stm32cubeide/plugins/com.st.stm32cube.ide.mcu.externaltools.gnu-tools-for-stm32.10.3-2021.10.win32_1.0.0.202111181127/tools/bin/../lib/gcc/arm-none-eabi/10.3.1/../../../../arm-none-eabi/lib/thumb/v7e-m+fp/hard/crt0.o (exit)
c:/st/stm32cubeide_1.6.1/stm32cubeide/plugins/com.st.stm32cube.ide.mcu.externaltools.gnu-tools-for-stm32.10.3-2021.10.win32_1.0.0.202111181127/tools/bin/../lib/gcc/arm-none-eabi/10.3.1/../../../../arm-none-eabi/lib/thumb/v7e-m+fp/hard\libc_nano.a(lib_a-impure.o)
                              c:/st/stm32cubeide_1.6.1/stm32cubeide/plugins/com.st.stm32cube.ide.mcu.externaltools.gnu-tools-for-stm32.10.3-2021.10.win32_1.0.0.202111181127/tools/bin/../lib/gcc/arm-none-eabi/10.3.1/../../../../arm-none-eabi/lib/thumb/v7e-m+fp/hard\libc_nano.a(lib_a-exit.o) (_global_impure_ptr)
c:/st/stm32cubeide_1.6.1/stm32cubeide/plugins/com.st.stm32cube.ide.mcu.externaltools.gnu-tools-for-stm32.10.3-2021.10.win32_1.0.0.202111181127/tools/bin/../lib/gcc/arm-none-eabi/10.3.1/../../../../arm-none-eabi/lib/thumb/v7e-m+fp/hard\libc_nano.a(lib_a-init.o)
                              c:/st/stm32cubeide_1.6.1/stm32cubeide/plugins/com.st.stm32cube.ide.mcu.externaltools.gnu-tools-for-stm32.10.3-2021.10.win32_1.0.0.202111181127/tools/bin/../lib/gcc/arm-none-eabi/10.3.1/../../../../arm-none-eabi/lib/thumb/v7e-m+fp/hard/crt0.o (__libc_init_array)
c:/st/stm32cubeide_1.6.1/stm32cubeide/plugins/com.st.stm32cube.ide.mcu.externaltools.gnu-tools-for-stm32.10.3-2021.10.win32_1.0.0.202111181127/tools/bin/../lib/gcc/arm-none-eabi/10.3.1/../../../../arm-none-eabi/lib/thumb/v7e-m+fp/hard\libc_nano.a(lib_a-memcpy-stub.o)
                              ./Core/Src/SX1278.o (memcpy)
c:/st/stm32cubeide_1.6.1/stm32cubeide/plugins/com.st.stm32cube.ide.mcu.externaltools.gnu-tools-for-stm32.10.3-2021.10.win32_1.0.0.202111181127/tools/bin/../lib/gcc/arm-none-eabi/10.3.1/../../../../arm-none-eabi/lib/thumb/v7e-m+fp/hard\libc_nano.a(lib_a-memset.o)
                              c:/st/stm32cubeide_1.6.1/stm32cubeide/plugins/com.st.stm32cube.ide.mcu.externaltools.gnu-tools-for-stm32.10.3-2021.10.win32_1.0.0.202111181127/tools/bin/../lib/gcc/arm-none-eabi/10.3.1/../../../../arm-none-eabi/lib/thumb/v7e-m+fp/hard/crt0.o (memset)
c:/st/stm32cubeide_1.6.1/stm32cubeide/plugins/com.st.stm32cube.ide.mcu.externaltools.gnu-tools-for-stm32.10.3-2021.10.win32_1.0.0.202111181127/tools/bin/../lib/gcc/arm-none-eabi/10.3.1/thumb/v7e-m+fp/hard\libgcc.a(_aeabi_uldivmod.o)
                              ./Core/Src/SX1278.o (__aeabi_uldivmod)
c:/st/stm32cubeide_1.6.1/stm32cubeide/plugins/com.st.stm32cube.ide.mcu.externaltools.gnu-tools-for-stm32.10.3-2021.10.win32_1.0.0.202111181127/tools/bin/../lib/gcc/arm-none-eabi/10.3.1/thumb/v7e-m+fp/hard\libgcc.a(_udivmoddi4.o)
                              c:/st/stm32cubeide_1.6.1/stm32cubeide/plugins/com.st.stm32cube.ide.mcu.externaltools.gnu-tools-for-stm32.10.3-2021.10.win32_1.0.0.202111181127/tools/bin/../lib/gcc/arm-none-eabi/10.3.1/thumb/v7e-m+fp/hard\libgcc.a(_aeabi_uldivmod.o) (__udivmoddi4)
c:/st/stm32cubeide_1.6.1/stm32cubeide/plugins/com.st.stm32cube.ide.mcu.externaltools.gnu-tools-for-stm32.10.3-2021.10.win32_1.0.0.202111181127/tools/bin/../lib/gcc/arm-none-eabi/10.3.1/thumb/v7e-m+fp/hard\libgcc.a(_dvmd_tls.o)
                              c:/st/stm32cubeide_1.6.1/stm32cubeide/plugins/com.st.stm32cube.ide.mcu.externaltools.gnu-tools-for-stm32.10.3-2021.10.win32_1.0.0.202111181127/tools/bin/../lib/gcc/arm-none-eabi/10.3.1/thumb/v7e-m+fp/hard\libgcc.a(_aeabi_uldivmod.o) (__aeabi_ldiv0)

Discarded input sections

 .text          0x0000000000000000        0x0 c:/st/stm32cubeide_1.6.1/stm32cubeide/plugins/com.st.stm32cube.ide.mcu.externaltools.gnu-tools-for-stm32.10.3-2021.10.win32_1.0.0.202111181127/tools/bin/../lib/gcc/arm-none-eabi/10.3.1/thumb/v7e-m+fp/hard/crti.o
 .data          0x0000000000000000        0x0 c:/st/stm32cubeide_1.6.1/stm32cubeide/plugins/com.st.stm32cube.ide.mcu.externaltools.gnu-tools-for-stm32.10.3-2021.10.win32_1.0.0.202111181127/tools/bin/../lib/gcc/arm-none-eabi/10.3.1/thumb/v7e-m+fp/hard/crti.o
[...]
Memory Configuration

Name             Origin             Length             Attributes
CCMRAM           0x0000000010000000 0x0000000000010000 xrw
RAM              0x0000000020000000 0x0000000000020000 xrw
FLASH            0x0000000008000000 0x0000000000100000 xr
*default*        0x0000000000000000 0xffffffffffffffff

Linker script and memory map

LOAD c:/st/stm32cubeide_1.6.1/stm32cubeide/plugins/com.st.stm32cube.ide.mcu.externaltools.gnu-tools-for-stm32.10.3-2021.10.win32_1.0.0.202111181127/tools/bin/../lib/gcc/arm-none-eabi/10.3.1/thumb/v7e-m+fp/hard/crti.o
LOAD c:/st/stm32cubeide_1.6.1/stm32cubeide/plugins/com.st.stm32cube.ide.mcu.externaltools.gnu-tools-for-stm32.10.3-2021.10.win32_1.0.0.202111181127/tools/bin/../lib/gcc/arm-none-eabi/10.3.1/thumb/v7e-m+fp/hard/crtbegin.o
LOAD c:/st/stm32cubeide_1.6.1/stm32cubeide/plugins/com.st.stm32cube.ide.mcu.externaltools.gnu-tools-for-stm32.10.3-2021.10.win32_1.0.0.202111181127/tools/bin/../lib/gcc/arm-none-eabi/10.3.1/../../../../arm-none-eabi/lib/thumb/v7e-m+fp/hard/crt0.o
LOAD ./Core/Src/Lora.o
LOAD ./Core/Src/SX1278.o
LOAD ./Core/Src/SX1278_hw.o
LOAD ./Core/Src/dma.o
LOAD ./Core/Src/gpio.o
LOAD ./Core/Src/main.o
LOAD ./Core/Src/spi.o
LOAD ./Core/Src/stm32f4xx_hal_msp.o
LOAD ./Core/Src/stm32f4xx_it.o
LOAD ./Core/Src/syscalls.o
LOAD ./Core/Src/sysmem.o
LOAD ./Core/Src/system_stm32f4xx.o
LOAD ./Core/Startup/startup_stm32f407vgtx.o
LOAD ./Drivers/STM32F4xx_HAL_Driver/Src/stm32f4xx_hal.o
LOAD ./Drivers/STM32F4xx_HAL_Driver/Src/stm32f4xx_hal_cortex.o
LOAD ./Drivers/STM32F4xx_HAL_Driver/Src/stm32f4xx_hal_dma.o
LOAD ./Drivers/STM32F4xx_HAL_Driver/Src/stm32f4xx_hal_dma_ex.o
LOAD ./Drivers/STM32F4xx_HAL_Driver/Src/stm32f4xx_hal_exti.o
LOAD ./Drivers/STM32F4xx_HAL_Driver/Src/stm32f4xx_hal_flash.o
LOAD ./Drivers/STM32F4xx_HAL_Driver/Src/stm32f4xx_hal_flash_ex.o
LOAD ./Drivers/STM32F4xx_HAL_Driver/Src/stm32f4xx_hal_flash_ramfunc.o
LOAD ./Drivers/STM32F4xx_HAL_Driver/Src/stm32f4xx_hal_gpio.o
LOAD ./Drivers/STM32F4xx_HAL_Driver/Src/stm32f4xx_hal_pwr.o
LOAD ./Drivers/STM32F4xx_HAL_Driver/Src/stm32f4xx_hal_pwr_ex.o
LOAD ./Drivers/STM32F4xx_HAL_Driver/Src/stm32f4xx_hal_rcc.o
LOAD ./Drivers/STM32F4xx_HAL_Driver/Src/stm32f4xx_hal_rcc_ex.o
LOAD ./Drivers/STM32F4xx_HAL_Driver/Src/stm32f4xx_hal_spi.o
LOAD ./Drivers/STM32F4xx_HAL_Driver/Src/stm32f4xx_hal_tim.o
LOAD ./Drivers/STM32F4xx_HAL_Driver/Src/stm32f4xx_hal_tim_ex.o
START GROUP
LOAD c:/st/stm32cubeide_1.6.1/stm32cubeide/plugins/com.st.stm32cube.ide.mcu.externaltools.gnu-tools-for-stm32.10.3-2021.10.win32_1.0.0.202111181127/tools/bin/../lib/gcc/arm-none-eabi/10.3.1/../../../../arm-none-eabi/lib/thumb/v7e-m+fp/hard\libc_nano.a
LOAD c:/st/stm32cubeide_1.6.1/stm32cubeide/plugins/com.st.stm32cube.ide.mcu.externaltools.gnu-tools-for-stm32.10.3-2021.10.win32_1.0.0.202111181127/tools/bin/../lib/gcc/arm-none-eabi/10.3.1/../../../../arm-none-eabi/lib/thumb/v7e-m+fp/hard\libm.a
END GROUP
START GROUP
LOAD c:/st/stm32cubeide_1.6.1/stm32cubeide/plugins/com.st.stm32cube.ide.mcu.externaltools.gnu-tools-for-stm32.10.3-2021.10.win32_1.0.0.202111181127/tools/bin/../lib/gcc/arm-none-eabi/10.3.1/thumb/v7e-m+fp/hard\libgcc.a
LOAD c:/st/stm32cubeide_1.6.1/stm32cubeide/plugins/com.st.stm32cube.ide.mcu.externaltools.gnu-tools-for-stm32.10.3-2021.10.win32_1.0.0.202111181127/tools/bin/../lib/gcc/arm-none-eabi/10.3.1/../../../../arm-none-eabi/lib/thumb/v7e-m+fp/hard\libc_nano.a
END GROUP
START GROUP
LOAD c:/st/stm32cubeide_1.6.1/stm32cubeide/plugins/com.st.stm32cube.ide.mcu.externaltools.gnu-tools-for-stm32.10.3-2021.10.win32_1.0.0.202111181127/tools/bin/../lib/gcc/arm-none-eabi/10.3.1/thumb/v7e-m+fp/hard\libgcc.a
LOAD c:/st/stm32cubeide_1.6.1/stm32cubeide/plugins/com.st.stm32cube.ide.mcu.externaltools.gnu-tools-for-stm32.10.3-2021.10.win32_1.0.0.202111181127/tools/bin/../lib/gcc/arm-none-eabi/10.3.1/../../../../arm-none-eabi/lib/thumb/v7e-m+fp/hard\libc_nano.a
LOAD c:/st/stm32cubeide_1.6.1/stm32cubeide/plugins/com.st.stm32cube.ide.mcu.externaltools.gnu-tools-for-stm32.10.3-2021.10.win32_1.0.0.202111181127/tools/bin/../lib/gcc/arm-none-eabi/10.3.1/../../../../arm-none-eabi/lib/thumb/v7e-m+fp/hard\libnosys.a
END GROUP
START GROUP
LOAD c:/st/stm32cubeide_1.6.1/stm32cubeide/plugins/com.st.stm32cube.ide.mcu.externaltools.gnu-tools-for-stm32.10.3-2021.10.win32_1.0.0.202111181127/tools/bin/../lib/gcc/arm-none-eabi/10.3.1/thumb/v7e-m+fp/hard\libgcc.a
LOAD c:/st/stm32cubeide_1.6.1/stm32cubeide/plugins/com.st.stm32cube.ide.mcu.externaltools.gnu-tools-for-stm32.10.3-2021.10.win32_1.0.0.202111181127/tools/bin/../lib/gcc/arm-none-eabi/10.3.1/../../../../arm-none-eabi/lib/thumb/v7e-m+fp/hard\libc_nano.a
LOAD c:/st/stm32cubeide_1.6.1/stm32cubeide/plugins/com.st.stm32cube.ide.mcu.externaltools.gnu-tools-for-stm32.10.3-2021.10.win32_1.0.0.202111181127/tools/bin/../lib/gcc/arm-none-eabi/10.3.1/../../../../arm-none-eabi/lib/thumb/v7e-m+fp/hard\libnosys.a
END GROUP
LOAD c:/st/stm32cubeide_1.6.1/stm32cubeide/plugins/com.st.stm32cube.ide.mcu.externaltools.gnu-tools-for-stm32.10.3-2021.10.win32_1.0.0.202111181127/tools/bin/../lib/gcc/arm-none-eabi/10.3.1/thumb/v7e-m+fp/hard/crtend.o
LOAD c:/st/stm32cubeide_1.6.1/stm32cubeide/plugins/com.st.stm32cube.ide.mcu.externaltools.gnu-tools-for-stm32.10.3-2021.10.win32_1.0.0.202111181127/tools/bin/../lib/gcc/arm-none-eabi/10.3.1/thumb/v7e-m+fp/hard/crtn.o
                0x0000000020020000                _estack = (ORIGIN (RAM) + LENGTH (RAM))
                0x0000000000000200                _Min_Heap_Size = 0x200
                0x0000000000000400                _Min_Stack_Size = 0x400

.isr_vector     0x0000000008000000      0x188
                0x0000000008000000                . = ALIGN (0x4)
 *(.isr_vector)
 .isr_vector    0x0000000008000000      0x188 ./Core/Startup/startup_stm32f407vgtx.o
                0x0000000008000000                g_pfnVectors
                0x0000000008000188                . = ALIGN (0x4)

.text           0x0000000008000188     0x3cbc
                0x0000000008000188                . = ALIGN (0x4)
 *(.text)
 .text          0x0000000008000188       0x40 c:/st/stm32cubeide_1.6.1/stm32cubeide/plugins/com.st.stm32cube.ide.mcu.externaltools.gnu-tools-for-stm32.10.3-2021.10.win32_1.0.0.202111181127/tools/bin/../lib/gcc/arm-none-eabi/10.3.1/thumb/v7e-m+fp/hard/crtbegin.o
 .text          0x00000000080001c8       0x30 c:/st/stm32cubeide_1.6.1/stm32cubeide/plugins/com.st.stm32cube.ide.mcu.externaltools.gnu-tools-for-stm32.10.3-2021.10.win32_1.0.0.202111181127/tools/bin/../lib/gcc/arm-none-eabi/10.3.1/thumb/v7e-m+fp/hard\libgcc.a(_aeabi_uldivmod.o)
                0x00000000080001c8                __aeabi_uldivmod
 .text          0x00000000080001f8      0x2d0 c:/st/stm32cubeide_1.6.1/stm32cubeide/plugins/com.st.stm32cube.ide.mcu.externaltools.gnu-tools-for-stm32.10.3-2021.10.win32_1.0.0.202111181127/tools/bin/../lib/gcc/arm-none-eabi/10.3.1/thumb/v7e-m+fp/hard\libgcc.a(_udivmoddi4.o)
                0x00000000080001f8                __udivmoddi4
 .text          0x00000000080004c8        0x4 c:/st/stm32cubeide_1.6.1/stm32cubeide/plugins/com.st.stm32cube.ide.mcu.externaltools.gnu-tools-for-stm32.10.3-2021.10.win32_1.0.0.202111181127/tools/bin/../lib/gcc/arm-none-eabi/10.3.1/thumb/v7e-m+fp/hard\libgcc.a(_dvmd_tls.o)
                0x00000000080004c8                __aeabi_idiv0
                0x00000000080004c8                __aeabi_ldiv0
 *(.text*)
 .text.Lora_vSetNSS
                0x00000000080004cc       0x2c ./Core/Src/Lora.o
                0x00000000080004cc                Lora_vSetNSS
 .text.Lora_vInit
                0x00000000080004f8       0x1c ./Core/Src/Lora.o
                0x00000000080004f8                Lora_vInit
 .text.Lora_vReset
                0x0000000008000514       0x34 ./Core/Src/Lora.o
                0x0000000008000514                Lora_vReset
 .text.Lora_WaitForTx
                0x0000000008000548       0x24 ./Core/Src/Lora.o
                0x0000000008000548                Lora_WaitForTx
 .text.Lora_WaitForRx
                0x000000000800056c       0x24 ./Core/Src/Lora.o
                0x000000000800056c                Lora_WaitForRx
 .text.Lora_vWriteReg
                0x0000000008000590       0x58 ./Core/Src/Lora.o
                0x0000000008000590                Lora_vWriteReg
 .text.Lora_u8ReadReg
                0x00000000080005e8       0x68 ./Core/Src/Lora.o
                0x00000000080005e8                Lora_u8ReadReg
 .text.Lora_vWriteFifo
                0x0000000008000650       0x40 ./Core/Src/Lora.o
                0x0000000008000650                Lora_vWriteFifo
 .text.Lora_vReadFifo
                0x0000000008000690       0x78 ./Core/Src/Lora.o
                0x0000000008000690                Lora_vReadFifo
 .text.Lora_u8GetDIO0
                0x0000000008000708       0x20 ./Core/Src/Lora.o
                0x0000000008000708                Lora_u8GetDIO0
 .text.Lora_vConfig
                0x0000000008000728       0x8e ./Core/Src/Lora.o
                0x0000000008000728                Lora_vConfig
 .text.Lora_clearIrq
                0x00000000080007b6       0x10 ./Core/Src/Lora.o
                0x00000000080007b6                Lora_clearIrq
 .text.Lora_vRxConfig
                0x00000000080007c6       0x5c ./Core/Src/Lora.o
                0x00000000080007c6                Lora_vRxConfig
 .text.Lora_vTxConfig
                0x0000000008000822       0x5c ./Core/Src/Lora.o
                0x0000000008000822                Lora_vTxConfig
 *fill*         0x000000000800087e        0x2 
 .text.Lora_tenRxMode
                0x0000000008000880      0x154 ./Core/Src/Lora.o
                0x0000000008000880                Lora_tenRxMode
 .text.Lora_tenTxMode
                0x00000000080009d4      0x124 ./Core/Src/Lora.o
                0x00000000080009d4                Lora_tenTxMode
 .text.MX_DMA_Init
                0x0000000008000af8       0x50 ./Core/Src/dma.o
                0x0000000008000af8                MX_DMA_Init
 .text.MX_GPIO_Init
                0x0000000008000b48       0xc8 ./Core/Src/gpio.o
                0x0000000008000b48                MX_GPIO_Init
 .text.main     0x0000000008000c10      0x10c ./Core/Src/main.o
                0x0000000008000c10                main
 .text.SystemClock_Config
                0x0000000008000d1c       0xd4 ./Core/Src/main.o
                0x0000000008000d1c                SystemClock_Config
 .text.HAL_SPI_TxCpltCallback
                0x0000000008000df0       0x34 ./Core/Src/main.o
                0x0000000008000df0                HAL_SPI_TxCpltCallback
 .text.HAL_SPI_RxCpltCallback
                0x0000000008000e24       0x34 ./Core/Src/main.o
                0x0000000008000e24                HAL_SPI_RxCpltCallback
 .text.Error_Handler
                0x0000000008000e58        0xa ./Core/Src/main.o
                0x0000000008000e58                Error_Handler
 *fill*         0x0000000008000e62        0x2 
 .text.MX_SPI1_Init
                0x0000000008000e64       0x6c ./Core/Src/spi.o
                0x0000000008000e64                MX_SPI1_Init
 .text.HAL_SPI_MspInit
                0x0000000008000ed0      0x168 ./Core/Src/spi.o
                0x0000000008000ed0                HAL_SPI_MspInit
 .text.HAL_MspInit
                0x0000000008001038       0x50 ./Core/Src/stm32f4xx_hal_msp.o
                0x0000000008001038                HAL_MspInit
 .text.NMI_Handler
                0x0000000008001088        0x6 ./Core/Src/stm32f4xx_it.o
                0x0000000008001088                NMI_Handler
 .text.HardFault_Handler
                0x000000000800108e        0x6 ./Core/Src/stm32f4xx_it.o
                0x000000000800108e                HardFault_Handler
 .text.MemManage_Handler
                0x0000000008001094        0x6 ./Core/Src/stm32f4xx_it.o
                0x0000000008001094                MemManage_Handler
 .text.BusFault_Handler
                0x000000000800109a        0x6 ./Core/Src/stm32f4xx_it.o
                0x000000000800109a                BusFault_Handler
 .text.UsageFault_Handler
                0x00000000080010a0        0x6 ./Core/Src/stm32f4xx_it.o
                0x00000000080010a0                UsageFault_Handler
 .text.SVC_Handler
                0x00000000080010a6        0xe ./Core/Src/stm32f4xx_it.o
                0x00000000080010a6                SVC_Handler
 .text.DebugMon_Handler
                0x00000000080010b4        0xe ./Core/Src/stm32f4xx_it.o
                0x00000000080010b4                DebugMon_Handler
 .text.PendSV_Handler
                0x00000000080010c2        0xe ./Core/Src/stm32f4xx_it.o
                0x00000000080010c2                PendSV_Handler
 .text.SysTick_Handler
                0x00000000080010d0        0xc ./Core/Src/stm32f4xx_it.o
                0x00000000080010d0                SysTick_Handler
 .text.SPI1_IRQHandler
                0x00000000080010dc       0x14 ./Core/Src/stm32f4xx_it.o
                0x00000000080010dc                SPI1_IRQHandler
 .text.DMA2_Stream0_IRQHandler
                0x00000000080010f0       0x14 ./Core/Src/stm32f4xx_it.o
                0x00000000080010f0                DMA2_Stream0_IRQHandler
 .text.DMA2_Stream3_IRQHandler
                0x0000000008001104       0x14 ./Core/Src/stm32f4xx_it.o
                0x0000000008001104                DMA2_Stream3_IRQHandler
 .text.SystemInit
                0x0000000008001118       0x24 ./Core/Src/system_stm32f4xx.o
                0x0000000008001118                SystemInit
 .text.Reset_Handler
                0x000000000800113c       0x50 ./Core/Startup/startup_stm32f407vgtx.o
                0x000000000800113c                Reset_Handler
 .text.Default_Handler
                0x000000000800118c        0x2 ./Core/Startup/startup_stm32f407vgtx.o
                0x000000000800118c                RTC_Alarm_IRQHandler
                0x000000000800118c                HASH_RNG_IRQHandler
                0x000000000800118c                EXTI2_IRQHandler
                0x000000000800118c                TIM8_CC_IRQHandler
                0x000000000800118c                TIM1_CC_IRQHandler
                0x000000000800118c                DMA2_Stream5_IRQHandler
                0x000000000800118c                DMA1_Stream5_IRQHandler
                0x000000000800118c                PVD_IRQHandler
                0x000000000800118c                SDIO_IRQHandler
                0x000000000800118c                TAMP_STAMP_IRQHandler
                0x000000000800118c                CAN2_RX1_IRQHandler
                0x000000000800118c                EXTI3_IRQHandler
                0x000000000800118c                TIM8_TRG_COM_TIM14_IRQHandler
                0x000000000800118c                TIM1_UP_TIM10_IRQHandler
                0x000000000800118c                TIM8_UP_TIM13_IRQHandler
                0x000000000800118c                I2C3_ER_IRQHandler
                0x000000000800118c                EXTI0_IRQHandler
                0x000000000800118c                I2C2_EV_IRQHandler
                0x000000000800118c                DMA1_Stream2_IRQHandler
                0x000000000800118c                CAN1_RX0_IRQHandler
                0x000000000800118c                FPU_IRQHandler
                0x000000000800118c                OTG_HS_WKUP_IRQHandler
                0x000000000800118c                CAN2_SCE_IRQHandler
                0x000000000800118c                DMA2_Stream2_IRQHandler
                0x000000000800118c                TIM6_DAC_IRQHandler
                0x000000000800118c                TIM1_BRK_TIM9_IRQHandler
                0x000000000800118c                DCMI_IRQHandler
                0x000000000800118c                CAN2_RX0_IRQHandler
                0x000000000800118c                USART6_IRQHandler
                0x000000000800118c                USART3_IRQHandler
                0x000000000800118c                CAN1_RX1_IRQHandler
                0x000000000800118c                UART5_IRQHandler
                0x000000000800118c                TIM4_IRQHandler
                0x000000000800118c                I2C1_EV_IRQHandler
                0x000000000800118c                DMA1_Stream6_IRQHandler
                0x000000000800118c                DMA1_Stream1_IRQHandler
                0x000000000800118c                UART4_IRQHandler
                0x000000000800118c                TIM3_IRQHandler
                0x000000000800118c                RCC_IRQHandler
                0x000000000800118c                TIM8_BRK_TIM12_IRQHandler
                0x000000000800118c                Default_Handler
                0x000000000800118c                EXTI15_10_IRQHandler
                0x000000000800118c                ADC_IRQHandler
                0x000000000800118c                DMA1_Stream7_IRQHandler
                0x000000000800118c                TIM7_IRQHandler
                0x000000000800118c                CAN2_TX_IRQHandler
                0x000000000800118c                TIM5_IRQHandler
                0x000000000800118c                DMA2_Stream7_IRQHandler
                0x000000000800118c                I2C3_EV_IRQHandler
                0x000000000800118c                EXTI9_5_IRQHandler
                0x000000000800118c                RTC_WKUP_IRQHandler
                0x000000000800118c                ETH_WKUP_IRQHandler
                0x000000000800118c                SPI2_IRQHandler
                0x000000000800118c                OTG_HS_EP1_IN_IRQHandler
                0x000000000800118c                DMA1_Stream0_IRQHandler
                0x000000000800118c                CAN1_TX_IRQHandler
                0x000000000800118c                EXTI4_IRQHandler
                0x000000000800118c                FSMC_IRQHandler
                0x000000000800118c                ETH_IRQHandler
                0x000000000800118c                OTG_HS_EP1_OUT_IRQHandler
                0x000000000800118c                WWDG_IRQHandler
                0x000000000800118c                TIM2_IRQHandler
                0x000000000800118c                OTG_FS_WKUP_IRQHandler
                0x000000000800118c                TIM1_TRG_COM_TIM11_IRQHandler
                0x000000000800118c                OTG_HS_IRQHandler
                0x000000000800118c                EXTI1_IRQHandler
                0x000000000800118c                USART2_IRQHandler
                0x000000000800118c                I2C2_ER_IRQHandler
                0x000000000800118c                DMA2_Stream1_IRQHandler
                0x000000000800118c                CAN1_SCE_IRQHandler
                0x000000000800118c                FLASH_IRQHandler
                0x000000000800118c                DMA2_Stream4_IRQHandler
                0x000000000800118c                USART1_IRQHandler
                0x000000000800118c                OTG_FS_IRQHandler
                0x000000000800118c                SPI3_IRQHandler
                0x000000000800118c                DMA1_Stream4_IRQHandler
                0x000000000800118c                I2C1_ER_IRQHandler
                0x000000000800118c                DMA2_Stream6_IRQHandler
                0x000000000800118c                DMA1_Stream3_IRQHandler
 *fill*         0x000000000800118e        0x2 
 .text.HAL_Init
                0x0000000008001190       0x44 ./Drivers/STM32F4xx_HAL_Driver/Src/stm32f4xx_hal.o
                0x0000000008001190                HAL_Init
 .text.HAL_InitTick
                0x00000000080011d4       0x60 ./Drivers/STM32F4xx_HAL_Driver/Src/stm32f4xx_hal.o
                0x00000000080011d4                HAL_InitTick
 .text.HAL_IncTick
                0x0000000008001234       0x28 ./Drivers/STM32F4xx_HAL_Driver/Src/stm32f4xx_hal.o
                0x0000000008001234                HAL_IncTick
 .text.HAL_GetTick
                0x000000000800125c       0x18 ./Drivers/STM32F4xx_HAL_Driver/Src/stm32f4xx_hal.o
                0x000000000800125c                HAL_GetTick
 .text.HAL_Delay
                0x0000000008001274       0x48 ./Drivers/STM32F4xx_HAL_Driver/Src/stm32f4xx_hal.o
                0x0000000008001274                HAL_Delay
 .text.__NVIC_SetPriorityGrouping
                0x00000000080012bc       0x48 ./Drivers/STM32F4xx_HAL_Driver/Src/stm32f4xx_hal_cortex.o
 .text.__NVIC_GetPriorityGrouping
                0x0000000008001304       0x1c ./Drivers/STM32F4xx_HAL_Driver/Src/stm32f4xx_hal_cortex.o
 .text.__NVIC_EnableIRQ
                0x0000000008001320       0x3c ./Drivers/STM32F4xx_HAL_Driver/Src/stm32f4xx_hal_cortex.o
 .text.__NVIC_SetPriority
                0x000000000800135c       0x54 ./Drivers/STM32F4xx_HAL_Driver/Src/stm32f4xx_hal_cortex.o
 .text.NVIC_EncodePriority
                0x00000000080013b0       0x66 ./Drivers/STM32F4xx_HAL_Driver/Src/stm32f4xx_hal_cortex.o
 *fill*         0x0000000008001416        0x2 
 .text.SysTick_Config
                0x0000000008001418       0x44 ./Drivers/STM32F4xx_HAL_Driver/Src/stm32f4xx_hal_cortex.o
 .text.HAL_NVIC_SetPriorityGrouping
                0x000000000800145c       0x16 ./Drivers/STM32F4xx_HAL_Driver/Src/stm32f4xx_hal_cortex.o
                0x000000000800145c                HAL_NVIC_SetPriorityGrouping
 .text.HAL_NVIC_SetPriority
                0x0000000008001472       0x38 ./Drivers/STM32F4xx_HAL_Driver/Src/stm32f4xx_hal_cortex.o
                0x0000000008001472                HAL_NVIC_SetPriority
 .text.HAL_NVIC_EnableIRQ
                0x00000000080014aa       0x1c ./Drivers/STM32F4xx_HAL_Driver/Src/stm32f4xx_hal_cortex.o
                0x00000000080014aa                HAL_NVIC_EnableIRQ
 .text.HAL_SYSTICK_Config
                0x00000000080014c6       0x18 ./Drivers/STM32F4xx_HAL_Driver/Src/stm32f4xx_hal_cortex.o
                0x00000000080014c6                HAL_SYSTICK_Config
 *fill*         0x00000000080014de        0x2 
 .text.HAL_DMA_Init
                0x00000000080014e0      0x15c ./Drivers/STM32F4xx_HAL_Driver/Src/stm32f4xx_hal_dma.o
                0x00000000080014e0                HAL_DMA_Init
 .text.HAL_DMA_Start_IT
                0x000000000800163c       0xb0 ./Drivers/STM32F4xx_HAL_Driver/Src/stm32f4xx_hal_dma.o
                0x000000000800163c                HAL_DMA_Start_IT
 .text.HAL_DMA_Abort_IT
                0x00000000080016ec       0x44 ./Drivers/STM32F4xx_HAL_Driver/Src/stm32f4xx_hal_dma.o
                0x00000000080016ec                HAL_DMA_Abort_IT
 .text.HAL_DMA_IRQHandler
                0x0000000008001730      0x314 ./Drivers/STM32F4xx_HAL_Driver/Src/stm32f4xx_hal_dma.o
                0x0000000008001730                HAL_DMA_IRQHandler
 .text.DMA_SetConfig
                0x0000000008001a44       0x5c ./Drivers/STM32F4xx_HAL_Driver/Src/stm32f4xx_hal_dma.o
 .text.DMA_CalcBaseAndBitshift
                0x0000000008001aa0       0x6c ./Drivers/STM32F4xx_HAL_Driver/Src/stm32f4xx_hal_dma.o
 .text.DMA_CheckFifoParam
                0x0000000008001b0c       0xf8 ./Drivers/STM32F4xx_HAL_Driver/Src/stm32f4xx_hal_dma.o
 .text.HAL_GPIO_Init
                0x0000000008001c04      0x338 ./Drivers/STM32F4xx_HAL_Driver/Src/stm32f4xx_hal_gpio.o
                0x0000000008001c04                HAL_GPIO_Init
 .text.HAL_GPIO_ReadPin
                0x0000000008001f3c       0x30 ./Drivers/STM32F4xx_HAL_Driver/Src/stm32f4xx_hal_gpio.o
                0x0000000008001f3c                HAL_GPIO_ReadPin
 .text.HAL_GPIO_WritePin
                0x0000000008001f6c       0x32 ./Drivers/STM32F4xx_HAL_Driver/Src/stm32f4xx_hal_gpio.o
                0x0000000008001f6c                HAL_GPIO_WritePin
 *fill*         0x0000000008001f9e        0x2 
 .text.HAL_RCC_OscConfig
                0x0000000008001fa0      0x4f0 ./Drivers/STM32F4xx_HAL_Driver/Src/stm32f4xx_hal_rcc.o
                0x0000000008001fa0                HAL_RCC_OscConfig
 .text.HAL_RCC_ClockConfig
                0x0000000008002490      0x1cc ./Drivers/STM32F4xx_HAL_Driver/Src/stm32f4xx_hal_rcc.o
                0x0000000008002490                HAL_RCC_ClockConfig
 .text.HAL_RCC_GetSysClockFreq
                0x000000000800265c      0x20c ./Drivers/STM32F4xx_HAL_Driver/Src/stm32f4xx_hal_rcc.o
                0x000000000800265c                HAL_RCC_GetSysClockFreq
 .text.HAL_SPI_Init
                0x0000000008002868      0x112 ./Drivers/STM32F4xx_HAL_Driver/Src/stm32f4xx_hal_spi.o
                0x0000000008002868                HAL_SPI_Init
 .text.HAL_SPI_Transmit
                0x000000000800297a      0x278 ./Drivers/STM32F4xx_HAL_Driver/Src/stm32f4xx_hal_spi.o
                0x000000000800297a                HAL_SPI_Transmit
 .text.HAL_SPI_Receive
                0x0000000008002bf2      0x222 ./Drivers/STM32F4xx_HAL_Driver/Src/stm32f4xx_hal_spi.o
                0x0000000008002bf2                HAL_SPI_Receive
 .text.HAL_SPI_TransmitReceive
                0x0000000008002e14      0x344 ./Drivers/STM32F4xx_HAL_Driver/Src/stm32f4xx_hal_spi.o
                0x0000000008002e14                HAL_SPI_TransmitReceive
 .text.HAL_SPI_Transmit_DMA
                0x0000000008003158      0x16c ./Drivers/STM32F4xx_HAL_Driver/Src/stm32f4xx_hal_spi.o
                0x0000000008003158                HAL_SPI_Transmit_DMA
 .text.HAL_SPI_Receive_DMA
                0x00000000080032c4      0x190 ./Drivers/STM32F4xx_HAL_Driver/Src/stm32f4xx_hal_spi.o
                0x00000000080032c4                HAL_SPI_Receive_DMA
 .text.HAL_SPI_TransmitReceive_DMA
                0x0000000008003454      0x204 ./Drivers/STM32F4xx_HAL_Driver/Src/stm32f4xx_hal_spi.o
                0x0000000008003454                HAL_SPI_TransmitReceive_DMA
 .text.HAL_SPI_IRQHandler
                0x0000000008003658      0x200 ./Drivers/STM32F4xx_HAL_Driver/Src/stm32f4xx_hal_spi.o
                0x0000000008003658                HAL_SPI_IRQHandler
 .text.HAL_SPI_TxRxCpltCallback
                0x0000000008003858       0x14 ./Drivers/STM32F4xx_HAL_Driver/Src/stm32f4xx_hal_spi.o
                0x0000000008003858                HAL_SPI_TxRxCpltCallback
 .text.HAL_SPI_TxHalfCpltCallback
                0x000000000800386c       0x14 ./Drivers/STM32F4xx_HAL_Driver/Src/stm32f4xx_hal_spi.o
                0x000000000800386c                HAL_SPI_TxHalfCpltCallback
 .text.HAL_SPI_RxHalfCpltCallback
                0x0000000008003880       0x14 ./Drivers/STM32F4xx_HAL_Driver/Src/stm32f4xx_hal_spi.o
                0x0000000008003880                HAL_SPI_RxHalfCpltCallback
 .text.HAL_SPI_TxRxHalfCpltCallback
                0x0000000008003894       0x14 ./Drivers/STM32F4xx_HAL_Driver/Src/stm32f4xx_hal_spi.o
                0x0000000008003894                HAL_SPI_TxRxHalfCpltCallback
 .text.HAL_SPI_ErrorCallback
                0x00000000080038a8       0x14 ./Drivers/STM32F4xx_HAL_Driver/Src/stm32f4xx_hal_spi.o
                0x00000000080038a8                HAL_SPI_ErrorCallback
 .text.HAL_SPI_GetState
                0x00000000080038bc       0x1c ./Drivers/STM32F4xx_HAL_Driver/Src/stm32f4xx_hal_spi.o
                0x00000000080038bc                HAL_SPI_GetState
 .text.SPI_DMATransmitCplt
                0x00000000080038d8       0xa8 ./Drivers/STM32F4xx_HAL_Driver/Src/stm32f4xx_hal_spi.o
 .text.SPI_DMAReceiveCplt
                0x0000000008003980       0xa8 ./Drivers/STM32F4xx_HAL_Driver/Src/stm32f4xx_hal_spi.o
 .text.SPI_DMATransmitReceiveCplt
                0x0000000008003a28       0x90 ./Drivers/STM32F4xx_HAL_Driver/Src/stm32f4xx_hal_spi.o
 .text.SPI_DMAHalfTransmitCplt
                0x0000000008003ab8       0x1c ./Drivers/STM32F4xx_HAL_Driver/Src/stm32f4xx_hal_spi.o
 .text.SPI_DMAHalfReceiveCplt
                0x0000000008003ad4       0x1c ./Drivers/STM32F4xx_HAL_Driver/Src/stm32f4xx_hal_spi.o
 .text.SPI_DMAHalfTransmitReceiveCplt
                0x0000000008003af0       0x1c ./Drivers/STM32F4xx_HAL_Driver/Src/stm32f4xx_hal_spi.o
 .text.SPI_DMAError
                0x0000000008003b0c       0x40 ./Drivers/STM32F4xx_HAL_Driver/Src/stm32f4xx_hal_spi.o
 .text.SPI_DMAAbortOnError
                0x0000000008003b4c       0x28 ./Drivers/STM32F4xx_HAL_Driver/Src/stm32f4xx_hal_spi.o
 .text.SPI_WaitFlagStateUntilTimeout
                0x0000000008003b74      0x110 ./Drivers/STM32F4xx_HAL_Driver/Src/stm32f4xx_hal_spi.o
 .text.SPI_EndRxTransaction
                0x0000000008003c84       0xca ./Drivers/STM32F4xx_HAL_Driver/Src/stm32f4xx_hal_spi.o
 *fill*         0x0000000008003d4e        0x2 
 .text.SPI_EndRxTxTransaction
                0x0000000008003d50       0x84 ./Drivers/STM32F4xx_HAL_Driver/Src/stm32f4xx_hal_spi.o
 .text.__libc_init_array
                0x0000000008003dd4       0x48 c:/st/stm32cubeide_1.6.1/stm32cubeide/plugins/com.st.stm32cube.ide.mcu.externaltools.gnu-tools-for-stm32.10.3-2021.10.win32_1.0.0.202111181127/tools/bin/../lib/gcc/arm-none-eabi/10.3.1/../../../../arm-none-eabi/lib/thumb/v7e-m+fp/hard\libc_nano.a(lib_a-init.o)
                0x0000000008003dd4                __libc_init_array
 .text.memset   0x0000000008003e1c       0x10 c:/st/stm32cubeide_1.6.1/stm32cubeide/plugins/com.st.stm32cube.ide.mcu.externaltools.gnu-tools-for-stm32.10.3-2021.10.win32_1.0.0.202111181127/tools/bin/../lib/gcc/arm-none-eabi/10.3.1/../../../../arm-none-eabi/lib/thumb/v7e-m+fp/hard\libc_nano.a(lib_a-memset.o)
                0x0000000008003e1c                memset
 *(.glue_7)
 .glue_7        0x0000000008003e2c        0x0 linker stubs
 *(.glue_7t)
 .glue_7t       0x0000000008003e2c        0x0 linker stubs
 *(.eh_frame)
 .eh_frame      0x0000000008003e2c        0x0 c:/st/stm32cubeide_1.6.1/stm32cubeide/plugins/com.st.stm32cube.ide.mcu.externaltools.gnu-tools-for-stm32.10.3-2021.10.win32_1.0.0.202111181127/tools/bin/../lib/gcc/arm-none-eabi/10.3.1/thumb/v7e-m+fp/hard/crtbegin.o
 *(.init)
 .init          0x0000000008003e2c        0x4 c:/st/stm32cubeide_1.6.1/stm32cubeide/plugins/com.st.stm32cube.ide.mcu.externaltools.gnu-tools-for-stm32.10.3-2021.10.win32_1.0.0.202111181127/tools/bin/../lib/gcc/arm-none-eabi/10.3.1/thumb/v7e-m+fp/hard/crti.o
                0x0000000008003e2c                _init
 .init          0x0000000008003e30        0x8 c:/st/stm32cubeide_1.6.1/stm32cubeide/plugins/com.st.stm32cube.ide.mcu.externaltools.gnu-tools-for-stm32.10.3-2021.10.win32_1.0.0.202111181127/tools/bin/../lib/gcc/arm-none-eabi/10.3.1/thumb/v7e-m+fp/hard/crtn.o
 *(.fini)
 .fini          0x0000000008003e38        0x4 c:/st/stm32cubeide_1.6.1/stm32cubeide/plugins/com.st.stm32cube.ide.mcu.externaltools.gnu-tools-for-stm32.10.3-2021.10.win32_1.0.0.202111181127/tools/bin/../lib/gcc/arm-none-eabi/10.3.1/thumb/v7e-m+fp/hard/crti.o
                0x0000000008003e38                _fini
 .fini          0x0000000008003e3c        0x8 c:/st/stm32cubeide_1.6.1/stm32cubeide/plugins/com.st.stm32cube.ide.mcu.externaltools.gnu-tools-for-stm32.10.3-2021.10.win32_1.0.0.202111181127/tools/bin/../lib/gcc/arm-none-eabi/10.3.1/thumb/v7e-m+fp/hard/crtn.o
                0x0000000008003e44                . = ALIGN (0x4)
                0x0000000008003e44                _etext = .

.vfp11_veneer   0x0000000008003e44        0x0
 .vfp11_veneer  0x0000000008003e44        0x0 linker stubs

.v4_bx          0x0000000008003e44        0x0
 .v4_bx         0x0000000008003e44        0x0 linker stubs

.iplt           0x0000000008003e44        0x0
 .iplt          0x0000000008003e44        0x0 c:/st/stm32cubeide_1.6.1/stm32cubeide/plugins/com.st.stm32cube.ide.mcu.externaltools.gnu-tools-for-stm32.10.3-2021.10.win32_1.0.0.202111181127/tools/bin/../lib/gcc/arm-none-eabi/10.3.1/thumb/v7e-m+fp/hard/crtbegin.o

.rodata         0x0000000008003e44       0x18
                0x0000000008003e44                . = ALIGN (0x4)
 *(.rodata)
 *(.rodata*)
 .rodata.AHBPrescTable
                0x0000000008003e44       0x10 ./Core/Src/system_stm32f4xx.o
                0x0000000008003e44                AHBPrescTable
 .rodata.flagBitshiftOffset.0
                0x0000000008003e54        0x8 ./Drivers/STM32F4xx_HAL_Driver/Src/stm32f4xx_hal_dma.o
                0x0000000008003e5c                . = ALIGN (0x4)

.ARM.extab      0x0000000008003e5c        0x0
                0x0000000008003e5c                . = ALIGN (0x4)
 *(.ARM.extab* .gnu.linkonce.armextab.*)
                0x0000000008003e5c                . = ALIGN (0x4)

.ARM            0x0000000008003e5c        0x8
                0x0000000008003e5c                . = ALIGN (0x4)
                0x0000000008003e5c                __exidx_start = .
 *(.ARM.exidx*)
 .ARM.exidx     0x0000000008003e5c        0x8 c:/st/stm32cubeide_1.6.1/stm32cubeide/plugins/com.st.stm32cube.ide.mcu.externaltools.gnu-tools-for-stm32.10.3-2021.10.win32_1.0.0.202111181127/tools/bin/../lib/gcc/arm-none-eabi/10.3.1/thumb/v7e-m+fp/hard\libgcc.a(_udivmoddi4.o)
                0x0000000008003e64                __exidx_end = .
                0x0000000008003e64                . = ALIGN (0x4)

.rel.dyn        0x0000000008003e64        0x0
 .rel.iplt      0x0000000008003e64        0x0 c:/st/stm32cubeide_1.6.1/stm32cubeide/plugins/com.st.stm32cube.ide.mcu.externaltools.gnu-tools-for-stm32.10.3-2021.10.win32_1.0.0.202111181127/tools/bin/../lib/gcc/arm-none-eabi/10.3.1/thumb/v7e-m+fp/hard/crtbegin.o

.preinit_array  0x0000000008003e64        0x0
                0x0000000008003e64                . = ALIGN (0x4)
                0x0000000008003e64                PROVIDE (__preinit_array_start = .)
 *(.preinit_array*)
                0x0000000008003e64                PROVIDE (__preinit_array_end = .)
                0x0000000008003e64                . = ALIGN (0x4)

.init_array     0x0000000008003e64        0x4
                0x0000000008003e64                . = ALIGN (0x4)
                0x0000000008003e64                PROVIDE (__init_array_start = .)
 *(SORT_BY_NAME(.init_array.*))
 *(.init_array*)
 .init_array    0x0000000008003e64        0x4 c:/st/stm32cubeide_1.6.1/stm32cubeide/plugins/com.st.stm32cube.ide.mcu.externaltools.gnu-tools-for-stm32.10.3-2021.10.win32_1.0.0.202111181127/tools/bin/../lib/gcc/arm-none-eabi/10.3.1/thumb/v7e-m+fp/hard/crtbegin.o
                0x0000000008003e68                PROVIDE (__init_array_end = .)
                0x0000000008003e68                . = ALIGN (0x4)

.fini_array     0x0000000008003e68        0x4
                0x0000000008003e68                . = ALIGN (0x4)
                [!provide]                        PROVIDE (__fini_array_start = .)
 *(SORT_BY_NAME(.fini_array.*))
 *(.fini_array*)
 .fini_array    0x0000000008003e68        0x4 c:/st/stm32cubeide_1.6.1/stm32cubeide/plugins/com.st.stm32cube.ide.mcu.externaltools.gnu-tools-for-stm32.10.3-2021.10.win32_1.0.0.202111181127/tools/bin/../lib/gcc/arm-none-eabi/10.3.1/thumb/v7e-m+fp/hard/crtbegin.o
                [!provide]                        PROVIDE (__fini_array_end = .)
                0x0000000008003e6c                . = ALIGN (0x4)
                0x0000000008003e6c                _sidata = LOADADDR (.data)

.data           0x0000000020000000       0x10 load address 0x0000000008003e6c
                0x0000000020000000                . = ALIGN (0x4)
                0x0000000020000000                _sdata = .
 *(.data)
 *(.data*)
 .data.Lora_SpiHandler
                0x0000000020000000        0x4 ./Core/Src/Lora.o
                0x0000000020000000                Lora_SpiHandler
 .data.SystemCoreClock
                0x0000000020000004        0x4 ./Core/Src/system_stm32f4xx.o
                0x0000000020000004                SystemCoreClock
 .data.uwTickPrio
                0x0000000020000008        0x4 ./Drivers/STM32F4xx_HAL_Driver/Src/stm32f4xx_hal.o
                0x0000000020000008                uwTickPrio
 .data.uwTickFreq
                0x000000002000000c        0x1 ./Drivers/STM32F4xx_HAL_Driver/Src/stm32f4xx_hal.o
                0x000000002000000c                uwTickFreq
 *(.RamFunc)
 *(.RamFunc*)
                0x0000000020000010                . = ALIGN (0x4)
 *fill*         0x000000002000000d        0x3 
                0x0000000020000010                _edata = .
                0x0000000008003e7c                _siccmram = LOADADDR (.ccmram)

.igot.plt       0x0000000020000010        0x0 load address 0x0000000008003e7c
 .igot.plt      0x0000000020000010        0x0 c:/st/stm32cubeide_1.6.1/stm32cubeide/plugins/com.st.stm32cube.ide.mcu.externaltools.gnu-tools-for-stm32.10.3-2021.10.win32_1.0.0.202111181127/tools/bin/../lib/gcc/arm-none-eabi/10.3.1/thumb/v7e-m+fp/hard/crtbegin.o

.ccmram         0x0000000010000000        0x0 load address 0x0000000008003e7c
                0x0000000010000000                . = ALIGN (0x4)
                0x0000000010000000                _sccmram = .
 *(.ccmram)
 *(.ccmram*)
                0x0000000010000000                . = ALIGN (0x4)
                0x0000000010000000                _eccmram = .
                0x0000000010000000                . = ALIGN (0x4)

.bss            0x0000000020000010      0x150
                0x0000000020000010                _sbss = .
                0x0000000020000010                __bss_start__ = _sbss
 *(.bss)
 .bss           0x0000000020000010       0x1c c:/st/stm32cubeide_1.6.1/stm32cubeide/plugins/com.st.stm32cube.ide.mcu.externaltools.gnu-tools-for-stm32.10.3-2021.10.win32_1.0.0.202111181127/tools/bin/../lib/gcc/arm-none-eabi/10.3.1/thumb/v7e-m+fp/hard/crtbegin.o
 *(.bss*)
 .bss.Lora_status_u8
                0x000000002000002c        0x1 ./Core/Src/Lora.o
                0x000000002000002c                Lora_status_u8
 .bss.Lora_TxDoneHw_u8
                0x000000002000002d        0x1 ./Core/Src/Lora.o
                0x000000002000002d                Lora_TxDoneHw_u8
 .bss.Lora_TxDoneSw_u8
                0x000000002000002e        0x1 ./Core/Src/Lora.o
                0x000000002000002e                Lora_TxDoneSw_u8
 .bss.Lora_RxDoneHw_u8
                0x000000002000002f        0x1 ./Core/Src/Lora.o
                0x000000002000002f                Lora_RxDoneHw_u8
 .bss.Lora_RxDoneSw_u8
                0x0000000020000030        0x1 ./Core/Src/Lora.o
                0x0000000020000030                Lora_RxDoneSw_u8
 .bss.Lora_Receive_Complete
                0x0000000020000031        0x1 ./Core/Src/Lora.o
                0x0000000020000031                Lora_Receive_Complete
 .bss.Lora_Transmit_Complete
                0x0000000020000032        0x1 ./Core/Src/Lora.o
                0x0000000020000032                Lora_Transmit_Complete
 .bss.Lora_payloadLength_u8
                0x0000000020000033        0x1 ./Core/Src/main.o
                0x0000000020000033                Lora_payloadLength_u8
 .bss.Lora_RxBuffer_au8
                0x0000000020000034        0x5 ./Core/Src/main.o
                0x0000000020000034                Lora_RxBuffer_au8
 *fill*         0x0000000020000039        0x3 
 .bss.Lora_TxBuffer_au8
                0x000000002000003c        0x5 ./Core/Src/main.o
                0x000000002000003c                Lora_TxBuffer_au8
 .bss.Lora_RxCurrentState_en
                0x0000000020000041        0x1 ./Core/Src/main.o
                0x0000000020000041                Lora_RxCurrentState_en
 .bss.Lora_TxCurrentState_en
                0x0000000020000042        0x1 ./Core/Src/main.o
                0x0000000020000042                Lora_TxCurrentState_en
 .bss.Lora_CurrentMode_en
                0x0000000020000043        0x1 ./Core/Src/main.o
                0x0000000020000043                Lora_CurrentMode_en
 .bss.hspi1     0x0000000020000044       0x58 ./Core/Src/spi.o
                0x0000000020000044                hspi1
 .bss.hdma_spi1_rx
                0x000000002000009c       0x60 ./Core/Src/spi.o
                0x000000002000009c                hdma_spi1_rx
 .bss.hdma_spi1_tx
                0x00000000200000fc       0x60 ./Core/Src/spi.o
                0x00000000200000fc                hdma_spi1_tx
 .bss.uwTick    0x000000002000015c        0x4 ./Drivers/STM32F4xx_HAL_Driver/Src/stm32f4xx_hal.o
                0x000000002000015c                uwTick
 *(COMMON)
                0x0000000020000160                . = ALIGN (0x4)
                0x0000000020000160                _ebss = .
                0x0000000020000160                __bss_end__ = _ebss

._user_heap_stack
                0x0000000020000160      0x600
                0x0000000020000160                . = ALIGN (0x8)
                [!provide]                        PROVIDE (end = .)
                0x0000000020000160                PROVIDE (_end = .)
                0x0000000020000360                . = (. + _Min_Heap_Size)
 *fill*         0x0000000020000160      0x200 
                0x0000000020000760                . = (. + _Min_Stack_Size)
 *fill*         0x0000000020000360      0x400 
                0x0000000020000760                . = ALIGN (0x8)

/DISCARD/
 libc.a(*)
 libm.a(*)
 libgcc.a(*)

.ARM.attributes
                0x0000000000000000       0x30
 *(.ARM.attributes)
 .ARM.attributes
                0x0000000000000000       0x1e c:/st/stm32cubeide_1.6.1/stm32cubeide/plugins/com.st.stm32cube.ide.mcu.externaltools.gnu-tools-for-stm32.10.3-2021.10.win32_1.0.0.202111181127/tools/bin/../lib/gcc/arm-none-eabi/10.3.1/thumb/v7e-m+fp/hard/crti.o
 .ARM.attributes
                0x000000000000001e       0x34 c:/st/stm32cubeide_1.6.1/stm32cubeide/plugins/com.st.stm32cube.ide.mcu.externaltools.gnu-tools-for-stm32.10.3-2021.10.win32_1.0.0.202111181127/tools/bin/../lib/gcc/arm-none-eabi/10.3.1/thumb/v7e-m+fp/hard/crtbegin.o
 .ARM.attributes
                0x0000000000000052       0x34 ./Core/Src/Lora.o
 .ARM.attributes
                0x0000000000000086       0x34 ./Core/Src/dma.o
 .ARM.attributes
                0x00000000000000ba       0x34 ./Core/Src/gpio.o
 .ARM.attributes
                0x00000000000000ee       0x34 ./Core/Src/main.o
 .ARM.attributes
                0x0000000000000122       0x34 ./Core/Src/spi.o
 .ARM.attributes
                0x0000000000000156       0x34 ./Core/Src/stm32f4xx_hal_msp.o
 .ARM.attributes
                0x000000000000018a       0x34 ./Core/Src/stm32f4xx_it.o
 .ARM.attributes
                0x00000000000001be       0x34 ./Core/Src/system_stm32f4xx.o
 .ARM.attributes
                0x00000000000001f2       0x21 ./Core/Startup/startup_stm32f407vgtx.o
 .ARM.attributes
                0x0000000000000213       0x34 ./Drivers/STM32F4xx_HAL_Driver/Src/stm32f4xx_hal.o
 .ARM.attributes
                0x0000000000000247       0x34 ./Drivers/STM32F4xx_HAL_Driver/Src/stm32f4xx_hal_cortex.o
 .ARM.attributes
                0x000000000000027b       0x34 ./Drivers/STM32F4xx_HAL_Driver/Src/stm32f4xx_hal_dma.o
 .ARM.attributes
                0x00000000000002af       0x34 ./Drivers/STM32F4xx_HAL_Driver/Src/stm32f4xx_hal_gpio.o
 .ARM.attributes
                0x00000000000002e3       0x34 ./Drivers/STM32F4xx_HAL_Driver/Src/stm32f4xx_hal_rcc.o
 .ARM.attributes
                0x0000000000000317       0x34 ./Drivers/STM32F4xx_HAL_Driver/Src/stm32f4xx_hal_spi.o
 .ARM.attributes
                0x000000000000034b       0x34 c:/st/stm32cubeide_1.6.1/stm32cubeide/plugins/com.st.stm32cube.ide.mcu.externaltools.gnu-tools-for-stm32.10.3-2021.10.win32_1.0.0.202111181127/tools/bin/../lib/gcc/arm-none-eabi/10.3.1/../../../../arm-none-eabi/lib/thumb/v7e-m+fp/hard\libc_nano.a(lib_a-init.o)
 .ARM.attributes
                0x000000000000037f       0x34 c:/st/stm32cubeide_1.6.1/stm32cubeide/plugins/com.st.stm32cube.ide.mcu.externaltools.gnu-tools-for-stm32.10.3-2021.10.win32_1.0.0.202111181127/tools/bin/../lib/gcc/arm-none-eabi/10.3.1/../../../../arm-none-eabi/lib/thumb/v7e-m+fp/hard\libc_nano.a(lib_a-memset.o)
 .ARM.attributes
                0x00000000000003b3       0x1e c:/st/stm32cubeide_1.6.1/stm32cubeide/plugins/com.st.stm32cube.ide.mcu.externaltools.gnu-tools-for-stm32.10.3-2021.10.win32_1.0.0.202111181127/tools/bin/../lib/gcc/arm-none-eabi/10.3.1/thumb/v7e-m+fp/hard\libgcc.a(_aeabi_uldivmod.o)
 .ARM.attributes
                0x00000000000003d1       0x34 c:/st/stm32cubeide_1.6.1/stm32cubeide/plugins/com.st.stm32cube.ide.mcu.externaltools.gnu-tools-for-stm32.10.3-2021.10.win32_1.0.0.202111181127/tools/bin/../lib/gcc/arm-none-eabi/10.3.1/thumb/v7e-m+fp/hard\libgcc.a(_udivmoddi4.o)
 .ARM.attributes
                0x0000000000000405       0x1e c:/st/stm32cubeide_1.6.1/stm32cubeide/plugins/com.st.stm32cube.ide.mcu.externaltools.gnu-tools-for-stm32.10.3-2021.10.win32_1.0.0.202111181127/tools/bin/../lib/gcc/arm-none-eabi/10.3.1/thumb/v7e-m+fp/hard\libgcc.a(_dvmd_tls.o)
 .ARM.attributes
                0x0000000000000423       0x1e c:/st/stm32cubeide_1.6.1/stm32cubeide/plugins/com.st.stm32cube.ide.mcu.externaltools.gnu-tools-for-stm32.10.3-2021.10.win32_1.0.0.202111181127/tools/bin/../lib/gcc/arm-none-eabi/10.3.1/thumb/v7e-m+fp/hard/crtn.o
OUTPUT(SPI.elf elf32-littlearm)
LOAD linker stubs
LOAD c:/st/stm32cubeide_1.6.1/stm32cubeide/plugins/com.st.stm32cube.ide.mcu.externaltools.gnu-tools-for-stm32.10.3-2021.10.win32_1.0.0.202111181127/tools/bin/../lib/gcc/arm-none-eabi/10.3.1/../../../../arm-none-eabi/lib/thumb/v7e-m+fp/hard\libc.a
LOAD c:/st/stm32cubeide_1.6.1/stm32cubeide/plugins/com.st.stm32cube.ide.mcu.externaltools.gnu-tools-for-stm32.10.3-2021.10.win32_1.0.0.202111181127/tools/bin/../lib/gcc/arm-none-eabi/10.3.1/../../../../arm-none-eabi/lib/thumb/v7e-m+fp/hard\libm.a
LOAD c:/st/stm32cubeide_1.6.1/stm32cubeide/plugins/com.st.stm32cube.ide.mcu.externaltools.gnu-tools-for-stm32.10.3-2021.10.win32_1.0.0.202111181127/tools/bin/../lib/gcc/arm-none-eabi/10.3.1/thumb/v7e-m+fp/hard\libgcc.a

.debug_info     0x0000000000000000     0x868d
 .debug_info    0x0000000000000000      0xc0b ./Core/Src/Lora.o
 .debug_info    0x0000000000000c0b      0x4ec ./Core/Src/dma.o
 .debug_info    0x00000000000010f7      0x437 ./Core/Src/gpio.o
 .debug_info    0x000000000000152e      0xc91 ./Core/Src/main.o
 .debug_info    0x00000000000021bf      0xcc1 ./Core/Src/spi.o
 .debug_info    0x0000000000002e80      0x2bb ./Core/Src/stm32f4xx_hal_msp.o
 .debug_info    0x000000000000313b      0x6ff ./Core/Src/stm32f4xx_it.o
 .debug_info    0x000000000000383a      0x523 ./Core/Src/system_stm32f4xx.o
 .debug_info    0x0000000000003d5d       0x22 ./Core/Startup/startup_stm32f407vgtx.o
 .debug_info    0x0000000000003d7f      0x97c ./Drivers/STM32F4xx_HAL_Driver/Src/stm32f4xx_hal.o
 .debug_info    0x00000000000046fb      0xe1b ./Drivers/STM32F4xx_HAL_Driver/Src/stm32f4xx_hal_cortex.o
 .debug_info    0x0000000000005516      0x94f ./Drivers/STM32F4xx_HAL_Driver/Src/stm32f4xx_hal_dma.o
 .debug_info    0x0000000000005e65      0x76a ./Drivers/STM32F4xx_HAL_Driver/Src/stm32f4xx_hal_gpio.o
 .debug_info    0x00000000000065cf      0x966 ./Drivers/STM32F4xx_HAL_Driver/Src/stm32f4xx_hal_rcc.o
 .debug_info    0x0000000000006f35     0x1758 ./Drivers/STM32F4xx_HAL_Driver/Src/stm32f4xx_hal_spi.o

.debug_abbrev   0x0000000000000000     0x1b6e
 .debug_abbrev  0x0000000000000000      0x2d6 ./Core/Src/Lora.o
 .debug_abbrev  0x00000000000002d6      0x10a ./Core/Src/dma.o
 .debug_abbrev  0x00000000000003e0      0x146 ./Core/Src/gpio.o
 .debug_abbrev  0x0000000000000526      0x268 ./Core/Src/main.o
 .debug_abbrev  0x000000000000078e      0x1fe ./Core/Src/spi.o
 .debug_abbrev  0x000000000000098c       0xf0 ./Core/Src/stm32f4xx_hal_msp.o
 .debug_abbrev  0x0000000000000a7c      0x170 ./Core/Src/stm32f4xx_it.o
 .debug_abbrev  0x0000000000000bec      0x116 ./Core/Src/system_stm32f4xx.o
 .debug_abbrev  0x0000000000000d02       0x12 ./Core/Startup/startup_stm32f407vgtx.o
 .debug_abbrev  0x0000000000000d14      0x20d ./Drivers/STM32F4xx_HAL_Driver/Src/stm32f4xx_hal.o
 .debug_abbrev  0x0000000000000f21      0x316 ./Drivers/STM32F4xx_HAL_Driver/Src/stm32f4xx_hal_cortex.o
 .debug_abbrev  0x0000000000001237      0x25b ./Drivers/STM32F4xx_HAL_Driver/Src/stm32f4xx_hal_dma.o
 .debug_abbrev  0x0000000000001492      0x1c4 ./Drivers/STM32F4xx_HAL_Driver/Src/stm32f4xx_hal_gpio.o
 .debug_abbrev  0x0000000000001656      0x2aa ./Drivers/STM32F4xx_HAL_Driver/Src/stm32f4xx_hal_rcc.o
 .debug_abbrev  0x0000000000001900      0x26e ./Drivers/STM32F4xx_HAL_Driver/Src/stm32f4xx_hal_spi.o

.debug_aranges  0x0000000000000000      0x778
 .debug_aranges
                0x0000000000000000       0x98 ./Core/Src/Lora.o
 .debug_aranges
                0x0000000000000098       0x20 ./Core/Src/dma.o
 .debug_aranges
                0x00000000000000b8       0x20 ./Core/Src/gpio.o
 .debug_aranges
                0x00000000000000d8       0x40 ./Core/Src/main.o
 .debug_aranges
                0x0000000000000118       0x30 ./Core/Src/spi.o
 .debug_aranges
                0x0000000000000148       0x20 ./Core/Src/stm32f4xx_hal_msp.o
 .debug_aranges
                0x0000000000000168       0x78 ./Core/Src/stm32f4xx_it.o
 .debug_aranges
                0x00000000000001e0       0x28 ./Core/Src/system_stm32f4xx.o
 .debug_aranges
                0x0000000000000208       0x28 ./Core/Startup/startup_stm32f407vgtx.o
 .debug_aranges
                0x0000000000000230       0xf0 ./Drivers/STM32F4xx_HAL_Driver/Src/stm32f4xx_hal.o
 .debug_aranges
                0x0000000000000320      0x118 ./Drivers/STM32F4xx_HAL_Driver/Src/stm32f4xx_hal_cortex.o
 .debug_aranges
                0x0000000000000438       0x90 ./Drivers/STM32F4xx_HAL_Driver/Src/stm32f4xx_hal_dma.o
 .debug_aranges
                0x00000000000004c8       0x58 ./Drivers/STM32F4xx_HAL_Driver/Src/stm32f4xx_hal_gpio.o
 .debug_aranges
                0x0000000000000520       0x88 ./Drivers/STM32F4xx_HAL_Driver/Src/stm32f4xx_hal_rcc.o
 .debug_aranges
                0x00000000000005a8      0x1d0 ./Drivers/STM32F4xx_HAL_Driver/Src/stm32f4xx_hal_spi.o

.debug_ranges   0x0000000000000000      0x690
 .debug_ranges  0x0000000000000000       0x88 ./Core/Src/Lora.o
 .debug_ranges  0x0000000000000088       0x10 ./Core/Src/dma.o
 .debug_ranges  0x0000000000000098       0x10 ./Core/Src/gpio.o
 .debug_ranges  0x00000000000000a8       0x30 ./Core/Src/main.o
 .debug_ranges  0x00000000000000d8       0x20 ./Core/Src/spi.o
 .debug_ranges  0x00000000000000f8       0x10 ./Core/Src/stm32f4xx_hal_msp.o
 .debug_ranges  0x0000000000000108       0x68 ./Core/Src/stm32f4xx_it.o
 .debug_ranges  0x0000000000000170       0x18 ./Core/Src/system_stm32f4xx.o
 .debug_ranges  0x0000000000000188       0x20 ./Core/Startup/startup_stm32f407vgtx.o
 .debug_ranges  0x00000000000001a8       0xe0 ./Drivers/STM32F4xx_HAL_Driver/Src/stm32f4xx_hal.o
 .debug_ranges  0x0000000000000288      0x108 ./Drivers/STM32F4xx_HAL_Driver/Src/stm32f4xx_hal_cortex.o
 .debug_ranges  0x0000000000000390       0x80 ./Drivers/STM32F4xx_HAL_Driver/Src/stm32f4xx_hal_dma.o
 .debug_ranges  0x0000000000000410       0x48 ./Drivers/STM32F4xx_HAL_Driver/Src/stm32f4xx_hal_gpio.o
 .debug_ranges  0x0000000000000458       0x78 ./Drivers/STM32F4xx_HAL_Driver/Src/stm32f4xx_hal_rcc.o
 .debug_ranges  0x00000000000004d0      0x1c0 ./Drivers/STM32F4xx_HAL_Driver/Src/stm32f4xx_hal_spi.o

.debug_macro    0x0000000000000000    0x1fdca
 .debug_macro   0x0000000000000000      0x1d8 ./Core/Src/Lora.o
 .debug_macro   0x00000000000001d8      0xa78 ./Core/Src/Lora.o
 .debug_macro   0x0000000000000c50       0x22 ./Core/Src/Lora.o
 .debug_macro   0x0000000000000c72       0x8e ./Core/Src/Lora.o
 .debug_macro   0x0000000000000d00       0x51 ./Core/Src/Lora.o
 .debug_macro   0x0000000000000d51      0x103 ./Core/Src/Lora.o
 .debug_macro   0x0000000000000e54       0x6a ./Core/Src/Lora.o
 .debug_macro   0x0000000000000ebe      0x1df ./Core/Src/Lora.o
 .debug_macro   0x000000000000109d      0x295 ./Core/Src/Lora.o
 .debug_macro   0x0000000000001332       0x2e ./Core/Src/Lora.o
 .debug_macro   0x0000000000001360       0x2f ./Core/Src/Lora.o
 .debug_macro   0x000000000000138f       0x1c ./Core/Src/Lora.o
 .debug_macro   0x00000000000013ab       0x22 ./Core/Src/Lora.o
 .debug_macro   0x00000000000013cd       0xd9 ./Core/Src/Lora.o
 .debug_macro   0x00000000000014a6     0x102d ./Core/Src/Lora.o
 .debug_macro   0x00000000000024d3      0x11f ./Core/Src/Lora.o
 .debug_macro   0x00000000000025f2    0x15e58 ./Core/Src/Lora.o
 .debug_macro   0x000000000001844a       0x6d ./Core/Src/Lora.o
 .debug_macro   0x00000000000184b7     0x3666 ./Core/Src/Lora.o
 .debug_macro   0x000000000001bb1d      0x174 ./Core/Src/Lora.o
 .debug_macro   0x000000000001bc91       0x5c ./Core/Src/Lora.o
 .debug_macro   0x000000000001bced      0x96b ./Core/Src/Lora.o
 .debug_macro   0x000000000001c658      0x9fe ./Core/Src/Lora.o
 .debug_macro   0x000000000001d056      0x116 ./Core/Src/Lora.o
 .debug_macro   0x000000000001d16c      0x13e ./Core/Src/Lora.o
 .debug_macro   0x000000000001d2aa       0xa5 ./Core/Src/Lora.o
 .debug_macro   0x000000000001d34f      0x174 ./Core/Src/Lora.o
 .debug_macro   0x000000000001d4c3      0x287 ./Core/Src/Lora.o
 .debug_macro   0x000000000001d74a       0x5f ./Core/Src/Lora.o
 .debug_macro   0x000000000001d7a9      0x236 ./Core/Src/Lora.o
 .debug_macro   0x000000000001d9df      0x12c ./Core/Src/Lora.o
 .debug_macro   0x000000000001db0b      0x21e ./Core/Src/Lora.o
 .debug_macro   0x000000000001dd29       0x2e ./Core/Src/Lora.o
 .debug_macro   0x000000000001dd57      0x11a ./Core/Src/Lora.o
 .debug_macro   0x000000000001de71       0x7e ./Core/Src/Lora.o
 .debug_macro   0x000000000001deef       0x89 ./Core/Src/Lora.o
 .debug_macro   0x000000000001df78      0x225 ./Core/Src/Lora.o
 .debug_macro   0x000000000001e19d      0x12d ./Core/Src/Lora.o
 .debug_macro   0x000000000001e2ca       0x28 ./Core/Src/Lora.o
 .debug_macro   0x000000000001e2f2      0x18a ./Core/Src/Lora.o
 .debug_macro   0x000000000001e47c      0x1d3 ./Core/Src/dma.o
 .debug_macro   0x000000000001e64f      0x1d3 ./Core/Src/gpio.o
 .debug_macro   0x000000000001e822      0x1f4 ./Core/Src/main.o
 .debug_macro   0x000000000001ea16      0x190 ./Core/Src/main.o
 .debug_macro   0x000000000001eba6      0x1d3 ./Core/Src/spi.o
 .debug_macro   0x000000000001ed79      0x1c9 ./Core/Src/stm32f4xx_hal_msp.o
 .debug_macro   0x000000000001ef42      0x1d3 ./Core/Src/stm32f4xx_it.o
 .debug_macro   0x000000000001f115      0x1ba ./Core/Src/system_stm32f4xx.o
 .debug_macro   0x000000000001f2cf      0x21a ./Drivers/STM32F4xx_HAL_Driver/Src/stm32f4xx_hal.o
 .debug_macro   0x000000000001f4e9      0x1ba ./Drivers/STM32F4xx_HAL_Driver/Src/stm32f4xx_hal_cortex.o
 .debug_macro   0x000000000001f6a3      0x1c0 ./Drivers/STM32F4xx_HAL_Driver/Src/stm32f4xx_hal_dma.o
 .debug_macro   0x000000000001f863      0x1c0 ./Drivers/STM32F4xx_HAL_Driver/Src/stm32f4xx_hal_gpio.o
 .debug_macro   0x000000000001fa23      0x1de ./Drivers/STM32F4xx_HAL_Driver/Src/stm32f4xx_hal_rcc.o
 .debug_macro   0x000000000001fc01      0x1c9 ./Drivers/STM32F4xx_HAL_Driver/Src/stm32f4xx_hal_spi.o

.debug_line     0x0000000000000000     0x93ef
 .debug_line    0x0000000000000000      0x9fe ./Core/Src/Lora.o
 .debug_line    0x00000000000009fe      0x683 ./Core/Src/dma.o
 .debug_line    0x0000000000001081      0x6ab ./Core/Src/gpio.o
 .debug_line    0x000000000000172c      0x7b7 ./Core/Src/main.o
 .debug_line    0x0000000000001ee3      0x749 ./Core/Src/spi.o
 .debug_line    0x000000000000262c      0x686 ./Core/Src/stm32f4xx_hal_msp.o
 .debug_line    0x0000000000002cb2      0x790 ./Core/Src/stm32f4xx_it.o
 .debug_line    0x0000000000003442      0x707 ./Core/Src/system_stm32f4xx.o
 .debug_line    0x0000000000003b49       0x88 ./Core/Startup/startup_stm32f407vgtx.o
 .debug_line    0x0000000000003bd1      0x96d ./Drivers/STM32F4xx_HAL_Driver/Src/stm32f4xx_hal.o
 .debug_line    0x000000000000453e      0xc1c ./Drivers/STM32F4xx_HAL_Driver/Src/stm32f4xx_hal_cortex.o
 .debug_line    0x000000000000515a      0xed4 ./Drivers/STM32F4xx_HAL_Driver/Src/stm32f4xx_hal_dma.o
 .debug_line    0x000000000000602e      0xae3 ./Drivers/STM32F4xx_HAL_Driver/Src/stm32f4xx_hal_gpio.o
 .debug_line    0x0000000000006b11      0xce9 ./Drivers/STM32F4xx_HAL_Driver/Src/stm32f4xx_hal_rcc.o
 .debug_line    0x00000000000077fa     0x1bf5 ./Drivers/STM32F4xx_HAL_Driver/Src/stm32f4xx_hal_spi.o

.debug_str      0x0000000000000000    0xbe78a
 .debug_str     0x0000000000000000    0xbc73d ./Core/Src/Lora.o
                                      0xbca0a (size before relaxing)
 .debug_str     0x00000000000bc73d      0x62a ./Core/Src/dma.o
                                      0xbc2f6 (size before relaxing)
 .debug_str     0x00000000000bcd67       0x70 ./Core/Src/gpio.o
                                      0xbbea4 (size before relaxing)
 .debug_str     0x00000000000bcdd7      0x28d ./Core/Src/main.o
                                      0xbcb7b (size before relaxing)
 .debug_str     0x00000000000bd064       0x8b ./Core/Src/spi.o
                                      0xbc89a (size before relaxing)
 .debug_str     0x00000000000bd0ef       0x49 ./Core/Src/stm32f4xx_hal_msp.o
                                      0xbbdf6 (size before relaxing)
 .debug_str     0x00000000000bd138      0x12f ./Core/Src/stm32f4xx_it.o
                                      0xbc247 (size before relaxing)
 .debug_str     0x00000000000bd267       0xdb ./Core/Src/system_stm32f4xx.o
                                      0xbbe0e (size before relaxing)
 .debug_str     0x00000000000bd342       0x36 ./Core/Startup/startup_stm32f407vgtx.o
                                         0x64 (size before relaxing)
 .debug_str     0x00000000000bd378      0x5e6 ./Drivers/STM32F4xx_HAL_Driver/Src/stm32f4xx_hal.o
                                      0xbc992 (size before relaxing)
 .debug_str     0x00000000000bd95e      0x32d ./Drivers/STM32F4xx_HAL_Driver/Src/stm32f4xx_hal_cortex.o
                                      0xbc6c5 (size before relaxing)
 .debug_str     0x00000000000bdc8b      0x2eb ./Drivers/STM32F4xx_HAL_Driver/Src/stm32f4xx_hal_dma.o
                                      0xbc228 (size before relaxing)
 .debug_str     0x00000000000bdf76      0x110 ./Drivers/STM32F4xx_HAL_Driver/Src/stm32f4xx_hal_gpio.o
                                      0xbbf89 (size before relaxing)
 .debug_str     0x00000000000be086      0x233 ./Drivers/STM32F4xx_HAL_Driver/Src/stm32f4xx_hal_rcc.o
                                      0xbc242 (size before relaxing)
 .debug_str     0x00000000000be2b9      0x4d1 ./Drivers/STM32F4xx_HAL_Driver/Src/stm32f4xx_hal_spi.o
                                      0xbc6d2 (size before relaxing)

.comment        0x0000000000000000       0x50
 .comment       0x0000000000000000       0x50 ./Core/Src/Lora.o
                                         0x51 (size before relaxing)
 .comment       0x0000000000000050       0x51 ./Core/Src/dma.o
 .comment       0x0000000000000050       0x51 ./Core/Src/gpio.o
 .comment       0x0000000000000050       0x51 ./Core/Src/main.o
 .comment       0x0000000000000050       0x51 ./Core/Src/spi.o
 .comment       0x0000000000000050       0x51 ./Core/Src/stm32f4xx_hal_msp.o
 .comment       0x0000000000000050       0x51 ./Core/Src/stm32f4xx_it.o
 .comment       0x0000000000000050       0x51 ./Core/Src/system_stm32f4xx.o
 .comment       0x0000000000000050       0x51 ./Drivers/STM32F4xx_HAL_Driver/Src/stm32f4xx_hal.o
 .comment       0x0000000000000050       0x51 ./Drivers/STM32F4xx_HAL_Driver/Src/stm32f4xx_hal_cortex.o
 .comment       0x0000000000000050       0x51 ./Drivers/STM32F4xx_HAL_Driver/Src/stm32f4xx_hal_dma.o
 .comment       0x0000000000000050       0x51 ./Drivers/STM32F4xx_HAL_Driver/Src/stm32f4xx_hal_gpio.o
 .comment       0x0000000000000050       0x51 ./Drivers/STM32F4xx_HAL_Driver/Src/stm32f4xx_hal_rcc.o
 .comment       0x0000000000000050       0x51 ./Drivers/STM32F4xx_HAL_Driver/Src/stm32f4xx_hal_spi.o

.debug_frame    0x0000000000000000     0x1c04
 .debug_frame   0x0000000000000000      0x220 ./Core/Src/Lora.o
 .debug_frame   0x0000000000000220       0x34 ./Core/Src/dma.o
 .debug_frame   0x0000000000000254       0x34 ./Core/Src/gpio.o
 .debug_frame   0x0000000000000288       0xb8 ./Core/Src/main.o
 .debug_frame   0x0000000000000340       0x74 ./Core/Src/spi.o
 .debug_frame   0x00000000000003b4       0x34 ./Core/Src/stm32f4xx_hal_msp.o
 .debug_frame   0x00000000000003e8      0x158 ./Core/Src/stm32f4xx_it.o
 .debug_frame   0x0000000000000540       0x58 ./Core/Src/system_stm32f4xx.o
 .debug_frame   0x0000000000000598      0x374 ./Drivers/STM32F4xx_HAL_Driver/Src/stm32f4xx_hal.o
 .debug_frame   0x000000000000090c      0x498 ./Drivers/STM32F4xx_HAL_Driver/Src/stm32f4xx_hal_cortex.o
 .debug_frame   0x0000000000000da4      0x250 ./Drivers/STM32F4xx_HAL_Driver/Src/stm32f4xx_hal_dma.o
 .debug_frame   0x0000000000000ff4      0x14c ./Drivers/STM32F4xx_HAL_Driver/Src/stm32f4xx_hal_gpio.o
 .debug_frame   0x0000000000001140      0x1f4 ./Drivers/STM32F4xx_HAL_Driver/Src/stm32f4xx_hal_rcc.o
 .debug_frame   0x0000000000001334      0x824 ./Drivers/STM32F4xx_HAL_Driver/Src/stm32f4xx_hal_spi.o
 .debug_frame   0x0000000000001b58       0x2c c:/st/stm32cubeide_1.6.1/stm32cubeide/plugins/com.st.stm32cube.ide.mcu.externaltools.gnu-tools-for-stm32.10.3-2021.10.win32_1.0.0.202111181127/tools/bin/../lib/gcc/arm-none-eabi/10.3.1/../../../../arm-none-eabi/lib/thumb/v7e-m+fp/hard\libc_nano.a(lib_a-init.o)
 .debug_frame   0x0000000000001b84       0x20 c:/st/stm32cubeide_1.6.1/stm32cubeide/plugins/com.st.stm32cube.ide.mcu.externaltools.gnu-tools-for-stm32.10.3-2021.10.win32_1.0.0.202111181127/tools/bin/../lib/gcc/arm-none-eabi/10.3.1/../../../../arm-none-eabi/lib/thumb/v7e-m+fp/hard\libc_nano.a(lib_a-memset.o)
 .debug_frame   0x0000000000001ba4       0x2c c:/st/stm32cubeide_1.6.1/stm32cubeide/plugins/com.st.stm32cube.ide.mcu.externaltools.gnu-tools-for-stm32.10.3-2021.10.win32_1.0.0.202111181127/tools/bin/../lib/gcc/arm-none-eabi/10.3.1/thumb/v7e-m+fp/hard\libgcc.a(_aeabi_uldivmod.o)
 .debug_frame   0x0000000000001bd0       0x34 c:/st/stm32cubeide_1.6.1/stm32cubeide/plugins/com.st.stm32cube.ide.mcu.externaltools.gnu-tools-for-stm32.10.3-2021.10.win32_1.0.0.202111181127/tools/bin/../lib/gcc/arm-none-eabi/10.3.1/thumb/v7e-m+fp/hard\libgcc.a(_udivmoddi4.o)
