Archive member included to satisfy reference by file (symbol)

c:/st/stm32cubeide_1.6.1/stm32cubeide/plugins/com.st.stm32cube.ide.mcu.externaltools.gnu-tools-for-stm32.10.3-2021.10.win32_1.0.200.202301161003/tools/bin/../lib/gcc/arm-none-eabi/10.3.1/../../../../arm-none-eabi/lib/thumb/v7e-m+dp/hard\libc_nano.a(lib_a-errno.o)
                              ./Core/Src/syscalls.o (__errno)
c:/st/stm32cubeide_1.6.1/stm32cubeide/plugins/com.st.stm32cube.ide.mcu.externaltools.gnu-tools-for-stm32.10.3-2021.10.win32_1.0.200.202301161003/tools/bin/../lib/gcc/arm-none-eabi/10.3.1/../../../../arm-none-eabi/lib/thumb/v7e-m+dp/hard\libc_nano.a(lib_a-exit.o)
                              c:/st/stm32cubeide_1.6.1/stm32cubeide/plugins/com.st.stm32cube.ide.mcu.externaltools.gnu-tools-for-stm32.10.3-2021.10.win32_1.0.200.202301161003/tools/bin/../lib/gcc/arm-none-eabi/10.3.1/../../../../arm-none-eabi/lib/thumb/v7e-m+dp/hard/crt0.o (exit)
c:/st/stm32cubeide_1.6.1/stm32cubeide/plugins/com.st.stm32cube.ide.mcu.externaltools.gnu-tools-for-stm32.10.3-2021.10.win32_1.0.200.202301161003/tools/bin/../lib/gcc/arm-none-eabi/10.3.1/../../../../arm-none-eabi/lib/thumb/v7e-m+dp/hard\libc_nano.a(lib_a-impure.o)
                              c:/st/stm32cubeide_1.6.1/stm32cubeide/plugins/com.st.stm32cube.ide.mcu.externaltools.gnu-tools-for-stm32.10.3-2021.10.win32_1.0.200.202301161003/tools/bin/../lib/gcc/arm-none-eabi/10.3.1/../../../../arm-none-eabi/lib/thumb/v7e-m+dp/hard\libc_nano.a(lib_a-exit.o) (_global_impure_ptr)
c:/st/stm32cubeide_1.6.1/stm32cubeide/plugins/com.st.stm32cube.ide.mcu.externaltools.gnu-tools-for-stm32.10.3-2021.10.win32_1.0.200.202301161003/tools/bin/../lib/gcc/arm-none-eabi/10.3.1/../../../../arm-none-eabi/lib/thumb/v7e-m+dp/hard\libc_nano.a(lib_a-init.o)
                              c:/st/stm32cubeide_1.6.1/stm32cubeide/plugins/com.st.stm32cube.ide.mcu.externaltools.gnu-tools-for-stm32.10.3-2021.10.win32_1.0.200.202301161003/tools/bin/../lib/gcc/arm-none-eabi/10.3.1/../../../../arm-none-eabi/lib/thumb/v7e-m+dp/hard/crt0.o (__libc_init_array)
c:/st/stm32cubeide_1.6.1/stm32cubeide/plugins/com.st.stm32cube.ide.mcu.externaltools.gnu-tools-for-stm32.10.3-2021.10.win32_1.0.200.202301161003/tools/bin/../lib/gcc/arm-none-eabi/10.3.1/../../../../arm-none-eabi/lib/thumb/v7e-m+dp/hard\libc_nano.a(lib_a-memcpy-stub.o)
                              ./Core/Src/ringbuff.o (memcpy)
c:/st/stm32cubeide_1.6.1/stm32cubeide/plugins/com.st.stm32cube.ide.mcu.externaltools.gnu-tools-for-stm32.10.3-2021.10.win32_1.0.200.202301161003/tools/bin/../lib/gcc/arm-none-eabi/10.3.1/../../../../arm-none-eabi/lib/thumb/v7e-m+dp/hard\libc_nano.a(lib_a-memset.o)
                              c:/st/stm32cubeide_1.6.1/stm32cubeide/plugins/com.st.stm32cube.ide.mcu.externaltools.gnu-tools-for-stm32.10.3-2021.10.win32_1.0.200.202301161003/tools/bin/../lib/gcc/arm-none-eabi/10.3.1/../../../../arm-none-eabi/lib/thumb/v7e-m+dp/hard/crt0.o (memset)
c:/st/stm32cubeide_1.6.1/stm32cubeide/plugins/com.st.stm32cube.ide.mcu.externaltools.gnu-tools-for-stm32.10.3-2021.10.win32_1.0.200.202301161003/tools/bin/../lib/gcc/arm-none-eabi/10.3.1/../../../../arm-none-eabi/lib/thumb/v7e-m+dp/hard\libm.a(lib_a-pow.o)
                              ./Core/Src/NavStateMachines.o (pow)
c:/st/stm32cubeide_1.6.1/stm32cubeide/plugins/com.st.stm32cube.ide.mcu.externaltools.gnu-tools-for-stm32.10.3-2021.10.win32_1.0.200.202301161003/tools/bin/../lib/gcc/arm-none-eabi/10.3.1/../../../../arm-none-eabi/lib/thumb/v7e-m+dp/hard\libm.a(lib_a-pow_log_data.o)
                              c:/st/stm32cubeide_1.6.1/stm32cubeide/plugins/com.st.stm32cube.ide.mcu.externaltools.gnu-tools-for-stm32.10.3-2021.10.win32_1.0.200.202301161003/tools/bin/../lib/gcc/arm-none-eabi/10.3.1/../../../../arm-none-eabi/lib/thumb/v7e-m+dp/hard\libm.a(lib_a-pow.o) (__pow_log_data)
c:/st/stm32cubeide_1.6.1/stm32cubeide/plugins/com.st.stm32cube.ide.mcu.externaltools.gnu-tools-for-stm32.10.3-2021.10.win32_1.0.200.202301161003/tools/bin/../lib/gcc/arm-none-eabi/10.3.1/../../../../arm-none-eabi/lib/thumb/v7e-m+dp/hard\libm.a(lib_a-s_cos.o)
                              ./Core/Src/NavRoutineFunctions.o (cos)
c:/st/stm32cubeide_1.6.1/stm32cubeide/plugins/com.st.stm32cube.ide.mcu.externaltools.gnu-tools-for-stm32.10.3-2021.10.win32_1.0.200.202301161003/tools/bin/../lib/gcc/arm-none-eabi/10.3.1/../../../../arm-none-eabi/lib/thumb/v7e-m+dp/hard\libm.a(lib_a-s_sin.o)
                              ./Core/Src/NavRoutineFunctions.o (sin)
c:/st/stm32cubeide_1.6.1/stm32cubeide/plugins/com.st.stm32cube.ide.mcu.externaltools.gnu-tools-for-stm32.10.3-2021.10.win32_1.0.200.202301161003/tools/bin/../lib/gcc/arm-none-eabi/10.3.1/../../../../arm-none-eabi/lib/thumb/v7e-m+dp/hard\libm.a(lib_a-w_atan2.o)
                              ./Core/Src/NavStateMachines.o (atan2)
[...]
Memory Configuration

Name             Origin             Length             Attributes
RAM_D1           0x0000000024000000 0x0000000000080000 xrw
FLASH            0x0000000008000000 0x0000000000100000 xr
DTCMRAM          0x0000000020000000 0x0000000000020000 xrw
RAM_D2           0x0000000030000000 0x0000000000048000 xrw
RAM_D3           0x0000000038000000 0x0000000000010000 xrw
ITCMRAM          0x0000000000000000 0x0000000000010000 xrw
*default*        0x0000000000000000 0xffffffffffffffff

Linker script and memory map

LOAD c:/st/stm32cubeide_1.6.1/stm32cubeide/plugins/com.st.stm32cube.ide.mcu.externaltools.gnu-tools-for-stm32.10.3-2021.10.win32_1.0.200.202301161003/tools/bin/../lib/gcc/arm-none-eabi/10.3.1/thumb/v7e-m+dp/hard/crti.o
LOAD c:/st/stm32cubeide_1.6.1/stm32cubeide/plugins/com.st.stm32cube.ide.mcu.externaltools.gnu-tools-for-stm32.10.3-2021.10.win32_1.0.200.202301161003/tools/bin/../lib/gcc/arm-none-eabi/10.3.1/thumb/v7e-m+dp/hard/crtbegin.o
LOAD c:/st/stm32cubeide_1.6.1/stm32cubeide/plugins/com.st.stm32cube.ide.mcu.externaltools.gnu-tools-for-stm32.10.3-2021.10.win32_1.0.200.202301161003/tools/bin/../lib/gcc/arm-none-eabi/10.3.1/../../../../arm-none-eabi/lib/thumb/v7e-m+dp/hard/crt0.o
LOAD ./Common/Src/system_stm32h7xx_dualcore_boot_cm4_cm7.o
LOAD ./Core/Src/NavRoutineFunctions.o
LOAD ./Core/Src/NavStateMachines.o
LOAD ./Core/Src/Navigation.o
LOAD ./Core/Src/main.o
LOAD ./Core/Src/ringbuff.o
LOAD ./Core/Src/stm32h7xx_hal_msp.o
LOAD ./Core/Src/stm32h7xx_it.o
LOAD ./Core/Src/syscalls.o
LOAD ./Core/Src/sysmem.o
LOAD ./Core/Startup/startup_stm32h745zitx.o
LOAD ./Drivers/STM32H7xx_HAL_Driver/stm32h7xx_hal.o
LOAD ./Drivers/STM32H7xx_HAL_Driver/stm32h7xx_hal_cortex.o
LOAD ./Drivers/STM32H7xx_HAL_Driver/stm32h7xx_hal_dma.o
LOAD ./Drivers/STM32H7xx_HAL_Driver/stm32h7xx_hal_dma_ex.o
LOAD ./Drivers/STM32H7xx_HAL_Driver/stm32h7xx_hal_exti.o
LOAD ./Drivers/STM32H7xx_HAL_Driver/stm32h7xx_hal_flash.o
LOAD ./Drivers/STM32H7xx_HAL_Driver/stm32h7xx_hal_flash_ex.o
LOAD ./Drivers/STM32H7xx_HAL_Driver/stm32h7xx_hal_gpio.o
LOAD ./Drivers/STM32H7xx_HAL_Driver/stm32h7xx_hal_hsem.o
LOAD ./Drivers/STM32H7xx_HAL_Driver/stm32h7xx_hal_i2c.o
LOAD ./Drivers/STM32H7xx_HAL_Driver/stm32h7xx_hal_i2c_ex.o
LOAD ./Drivers/STM32H7xx_HAL_Driver/stm32h7xx_hal_mdma.o
LOAD ./Drivers/STM32H7xx_HAL_Driver/stm32h7xx_hal_pwr.o
LOAD ./Drivers/STM32H7xx_HAL_Driver/stm32h7xx_hal_pwr_ex.o
LOAD ./Drivers/STM32H7xx_HAL_Driver/stm32h7xx_hal_rcc.o
LOAD ./Drivers/STM32H7xx_HAL_Driver/stm32h7xx_hal_rcc_ex.o
LOAD ./Drivers/STM32H7xx_HAL_Driver/stm32h7xx_hal_tim.o
LOAD ./Drivers/STM32H7xx_HAL_Driver/stm32h7xx_hal_tim_ex.o
START GROUP
LOAD c:/st/stm32cubeide_1.6.1/stm32cubeide/plugins/com.st.stm32cube.ide.mcu.externaltools.gnu-tools-for-stm32.10.3-2021.10.win32_1.0.200.202301161003/tools/bin/../lib/gcc/arm-none-eabi/10.3.1/../../../../arm-none-eabi/lib/thumb/v7e-m+dp/hard\libc_nano.a
LOAD c:/st/stm32cubeide_1.6.1/stm32cubeide/plugins/com.st.stm32cube.ide.mcu.externaltools.gnu-tools-for-stm32.10.3-2021.10.win32_1.0.200.202301161003/tools/bin/../lib/gcc/arm-none-eabi/10.3.1/../../../../arm-none-eabi/lib/thumb/v7e-m+dp/hard\libm.a
END GROUP
START GROUP
LOAD c:/st/stm32cubeide_1.6.1/stm32cubeide/plugins/com.st.stm32cube.ide.mcu.externaltools.gnu-tools-for-stm32.10.3-2021.10.win32_1.0.200.202301161003/tools/bin/../lib/gcc/arm-none-eabi/10.3.1/thumb/v7e-m+dp/hard\libgcc.a
LOAD c:/st/stm32cubeide_1.6.1/stm32cubeide/plugins/com.st.stm32cube.ide.mcu.externaltools.gnu-tools-for-stm32.10.3-2021.10.win32_1.0.200.202301161003/tools/bin/../lib/gcc/arm-none-eabi/10.3.1/../../../../arm-none-eabi/lib/thumb/v7e-m+dp/hard\libc_nano.a
END GROUP
START GROUP
LOAD c:/st/stm32cubeide_1.6.1/stm32cubeide/plugins/com.st.stm32cube.ide.mcu.externaltools.gnu-tools-for-stm32.10.3-2021.10.win32_1.0.200.202301161003/tools/bin/../lib/gcc/arm-none-eabi/10.3.1/thumb/v7e-m+dp/hard\libgcc.a
LOAD c:/st/stm32cubeide_1.6.1/stm32cubeide/plugins/com.st.stm32cube.ide.mcu.externaltools.gnu-tools-for-stm32.10.3-2021.10.win32_1.0.200.202301161003/tools/bin/../lib/gcc/arm-none-eabi/10.3.1/../../../../arm-none-eabi/lib/thumb/v7e-m+dp/hard\libc_nano.a
LOAD c:/st/stm32cubeide_1.6.1/stm32cubeide/plugins/com.st.stm32cube.ide.mcu.externaltools.gnu-tools-for-stm32.10.3-2021.10.win32_1.0.200.202301161003/tools/bin/../lib/gcc/arm-none-eabi/10.3.1/../../../../arm-none-eabi/lib/thumb/v7e-m+dp/hard\libnosys.a
END GROUP
START GROUP
LOAD c:/st/stm32cubeide_1.6.1/stm32cubeide/plugins/com.st.stm32cube.ide.mcu.externaltools.gnu-tools-for-stm32.10.3-2021.10.win32_1.0.200.202301161003/tools/bin/../lib/gcc/arm-none-eabi/10.3.1/thumb/v7e-m+dp/hard\libgcc.a
LOAD c:/st/stm32cubeide_1.6.1/stm32cubeide/plugins/com.st.stm32cube.ide.mcu.externaltools.gnu-tools-for-stm32.10.3-2021.10.win32_1.0.200.202301161003/tools/bin/../lib/gcc/arm-none-eabi/10.3.1/../../../../arm-none-eabi/lib/thumb/v7e-m+dp/hard\libc_nano.a
LOAD c:/st/stm32cubeide_1.6.1/stm32cubeide/plugins/com.st.stm32cube.ide.mcu.externaltools.gnu-tools-for-stm32.10.3-2021.10.win32_1.0.200.202301161003/tools/bin/../lib/gcc/arm-none-eabi/10.3.1/../../../../arm-none-eabi/lib/thumb/v7e-m+dp/hard\libnosys.a
END GROUP
LOAD c:/st/stm32cubeide_1.6.1/stm32cubeide/plugins/com.st.stm32cube.ide.mcu.externaltools.gnu-tools-for-stm32.10.3-2021.10.win32_1.0.200.202301161003/tools/bin/../lib/gcc/arm-none-eabi/10.3.1/thumb/v7e-m+dp/hard/crtend.o
LOAD c:/st/stm32cubeide_1.6.1/stm32cubeide/plugins/com.st.stm32cube.ide.mcu.externaltools.gnu-tools-for-stm32.10.3-2021.10.win32_1.0.200.202301161003/tools/bin/../lib/gcc/arm-none-eabi/10.3.1/thumb/v7e-m+dp/hard/crtn.o
                0x0000000024080000                _estack = (ORIGIN (RAM_D1) + LENGTH (RAM_D1))
                0x0000000000000200                _Min_Heap_Size = 0x200
                0x0000000000000400                _Min_Stack_Size = 0x400

.isr_vector     0x0000000008000000      0x298
                0x0000000008000000                . = ALIGN (0x4)
 *(.isr_vector)
 .isr_vector    0x0000000008000000      0x298 ./Core/Startup/startup_stm32h745zitx.o
                0x0000000008000000                g_pfnVectors
                0x0000000008000298                . = ALIGN (0x4)

.text           0x0000000008000298     0x7a94
                0x0000000008000298                . = ALIGN (0x4)
 *(.text)
 .text          0x0000000008000298       0x40 c:/st/stm32cubeide_1.6.1/stm32cubeide/plugins/com.st.stm32cube.ide.mcu.externaltools.gnu-tools-for-stm32.10.3-2021.10.win32_1.0.200.202301161003/tools/bin/../lib/gcc/arm-none-eabi/10.3.1/thumb/v7e-m+dp/hard/crtbegin.o
 *(.text*)
 .text.SystemInit
                0x00000000080002d8      0x12c ./Common/Src/system_stm32h7xx_dualcore_boot_cm4_cm7.o
                0x00000000080002d8                SystemInit
 .text.Nav_vNavigationRoutine
                0x0000000008000404       0x1c ./Core/Src/NavRoutineFunctions.o
                0x0000000008000404                Nav_vNavigationRoutine
 .text.Nav_vFeedbackRoutine
                0x0000000008000420      0x2c8 ./Core/Src/NavRoutineFunctions.o
                0x0000000008000420                Nav_vFeedbackRoutine
 .text.Nav_vPidDistance
                0x00000000080006e8       0x9c ./Core/Src/NavRoutineFunctions.o
                0x00000000080006e8                Nav_vPidDistance
 .text.Nav_vPidAngle
                0x0000000008000784       0x9c ./Core/Src/NavRoutineFunctions.o
                0x0000000008000784                Nav_vPidAngle
 .text.Nav_vCalculateMotorsCommand
                0x0000000008000820      0x1fc ./Core/Src/NavRoutineFunctions.o
                0x0000000008000820                Nav_vCalculateMotorsCommand
 .text.Nav_vMotorsRoutine
                0x0000000008000a1c       0x8c ./Core/Src/NavRoutineFunctions.o
                0x0000000008000a1c                Nav_vMotorsRoutine
 .text.Nav_vExecutePath
                0x0000000008000aa8      0x110 ./Core/Src/NavStateMachines.o
                0x0000000008000aa8                Nav_vExecutePath
 .text.Nav_vGoToXYStateMachine_BOB
                0x0000000008000bb8      0x3c8 ./Core/Src/NavStateMachines.o
                0x0000000008000bb8                Nav_vGoToXYStateMachine_BOB
 .text.Nav_vIndependantTrajectoryStateMachine
                0x0000000008000f80      0xc90 ./Core/Src/NavStateMachines.o
                0x0000000008000f80                Nav_vIndependantTrajectoryStateMachine
 .text.Nav_vNavigatorInit
                0x0000000008001c10       0xc4 ./Core/Src/Navigation.o
                0x0000000008001c10                Nav_vNavigatorInit
 .text.Nav_TrapezeLinearVelocity2
                0x0000000008001cd4      0x348 ./Core/Src/Navigation.o
                0x0000000008001cd4                Nav_TrapezeLinearVelocity2
 .text.Nav_TrapezeReverseLinearVelocity2
                0x000000000800201c      0x348 ./Core/Src/Navigation.o
                0x000000000800201c                Nav_TrapezeReverseLinearVelocity2
 .text.Nav_TrapezeAngularVelocity2
                0x0000000008002364      0x364 ./Core/Src/Navigation.o
                0x0000000008002364                Nav_TrapezeAngularVelocity2
 .text.Nav_TrapezeReverseAngularVelocity2
                0x00000000080026c8      0x35c ./Core/Src/Navigation.o
                0x00000000080026c8                Nav_TrapezeReverseAngularVelocity2
 .text.Nav_vTargetDistanceCalculationRoutine
                0x0000000008002a24       0x3c ./Core/Src/Navigation.o
                0x0000000008002a24                Nav_vTargetDistanceCalculationRoutine
 .text.Nav_vTargetAngleCalculationRoutine
                0x0000000008002a60       0x3c ./Core/Src/Navigation.o
                0x0000000008002a60                Nav_vTargetAngleCalculationRoutine
 *fill*         0x0000000008002a9c        0x4 
 .text.Nav_vSaturateRemainingAngle
                0x0000000008002aa0       0xc4 ./Core/Src/Navigation.o
                0x0000000008002aa0                Nav_vSaturateRemainingAngle
 *fill*         0x0000000008002b64        0x4 
 .text.Nav_vCurrentTargetAngleFollower
                0x0000000008002b68       0xf0 ./Core/Src/Navigation.o
                0x0000000008002b68                Nav_vCurrentTargetAngleFollower
 .text.HAL_TIM_PeriodElapsedCallback
                0x0000000008002c58       0x20 ./Core/Src/main.o
                0x0000000008002c58                HAL_TIM_PeriodElapsedCallback
 .text.main     0x0000000008002c78      0x160 ./Core/Src/main.o
                0x0000000008002c78                main
 .text.SystemClock_Config
                0x0000000008002dd8       0xd4 ./Core/Src/main.o
                0x0000000008002dd8                SystemClock_Config
 .text.MX_TIM1_Init
                0x0000000008002eac      0x1a0 ./Core/Src/main.o
 .text.MX_TIM2_Init
                0x000000000800304c       0xa8 ./Core/Src/main.o
 .text.MX_TIM5_Init
                0x00000000080030f4       0xac ./Core/Src/main.o
 .text.MX_TIM6_Init
                0x00000000080031a0       0x6c ./Core/Src/main.o
 .text.MX_DMA_Init
                0x000000000800320c       0x34 ./Core/Src/main.o
 .text.MX_GPIO_Init
                0x0000000008003240       0xac ./Core/Src/main.o
 .text.led_init
                0x00000000080032ec       0x5c ./Core/Src/main.o
 .text.Error_Handler
                0x0000000008003348        0xa ./Core/Src/main.o
                0x0000000008003348                Error_Handler
 *fill*         0x0000000008003352        0x2 
 .text.ringbuff_init
                0x0000000008003354       0x58 ./Core/Src/ringbuff.o
                0x0000000008003354                ringbuff_init
 .text.HAL_MspInit
                0x00000000080033ac       0x34 ./Core/Src/stm32h7xx_hal_msp.o
                0x00000000080033ac                HAL_MspInit
 .text.HAL_TIM_Base_MspInit
                0x00000000080033e0       0x80 ./Core/Src/stm32h7xx_hal_msp.o
                0x00000000080033e0                HAL_TIM_Base_MspInit
 .text.HAL_TIM_Encoder_MspInit
                0x0000000008003460      0x140 ./Core/Src/stm32h7xx_hal_msp.o
                0x0000000008003460                HAL_TIM_Encoder_MspInit
 .text.HAL_TIM_MspPostInit
                0x00000000080035a0       0x78 ./Core/Src/stm32h7xx_hal_msp.o
                0x00000000080035a0                HAL_TIM_MspPostInit
 .text.NMI_Handler
                0x0000000008003618        0x6 ./Core/Src/stm32h7xx_it.o
                0x0000000008003618                NMI_Handler
 .text.HardFault_Handler
                0x000000000800361e        0x6 ./Core/Src/stm32h7xx_it.o
                0x000000000800361e                HardFault_Handler
 .text.MemManage_Handler
                0x0000000008003624        0x6 ./Core/Src/stm32h7xx_it.o
                0x0000000008003624                MemManage_Handler
 .text.BusFault_Handler
                0x000000000800362a        0x6 ./Core/Src/stm32h7xx_it.o
                0x000000000800362a                BusFault_Handler
 .text.UsageFault_Handler
                0x0000000008003630        0x6 ./Core/Src/stm32h7xx_it.o
                0x0000000008003630                UsageFault_Handler
 .text.SVC_Handler
                0x0000000008003636        0xe ./Core/Src/stm32h7xx_it.o
                0x0000000008003636                SVC_Handler
 .text.DebugMon_Handler
                0x0000000008003644        0xe ./Core/Src/stm32h7xx_it.o
                0x0000000008003644                DebugMon_Handler
 .text.PendSV_Handler
                0x0000000008003652        0xe ./Core/Src/stm32h7xx_it.o
                0x0000000008003652                PendSV_Handler
 .text.SysTick_Handler
                0x0000000008003660        0xc ./Core/Src/stm32h7xx_it.o
                0x0000000008003660                SysTick_Handler
 .text.TIM6_DAC_IRQHandler
                0x000000000800366c       0x14 ./Core/Src/stm32h7xx_it.o
                0x000000000800366c                TIM6_DAC_IRQHandler
 .text.Reset_Handler
                0x0000000008003680       0x50 ./Core/Startup/startup_stm32h745zitx.o
                0x0000000008003680                Reset_Handler
 .text.Default_Handler
                0x00000000080036d0        0x2 ./Core/Startup/startup_stm32h745zitx.o
                0x00000000080036d0                RTC_Alarm_IRQHandler
                0x00000000080036d0                EXTI2_IRQHandler
                0x00000000080036d0                TIM8_CC_IRQHandler
                0x00000000080036d0                HRTIM1_Master_IRQHandler
                0x00000000080036d0                UART8_IRQHandler
                0x00000000080036d0                SPI4_IRQHandler
                0x00000000080036d0                TIM1_CC_IRQHandler
                0x00000000080036d0                BDMA_Channel6_IRQHandler
                0x00000000080036d0                DMA2_Stream5_IRQHandler
                0x00000000080036d0                HRTIM1_FLT_IRQHandler
                0x00000000080036d0                JPEG_IRQHandler
                0x00000000080036d0                DMA1_Stream5_IRQHandler
                0x00000000080036d0                BDMA_Channel1_IRQHandler
                0x00000000080036d0                HRTIM1_TIMD_IRQHandler
                0x00000000080036d0                TAMP_STAMP_IRQHandler
                0x00000000080036d0                EXTI3_IRQHandler
                0x00000000080036d0                LPTIM4_IRQHandler
                0x00000000080036d0                TIM8_TRG_COM_TIM14_IRQHandler
                0x00000000080036d0                LPTIM2_IRQHandler
                0x00000000080036d0                DFSDM1_FLT1_IRQHandler
                0x00000000080036d0                DMAMUX2_OVR_IRQHandler
                0x00000000080036d0                TIM8_UP_TIM13_IRQHandler
                0x00000000080036d0                I2C3_ER_IRQHandler
                0x00000000080036d0                DFSDM1_FLT2_IRQHandler
                0x00000000080036d0                MDMA_IRQHandler
                0x00000000080036d0                LPTIM3_IRQHandler
                0x00000000080036d0                HSEM1_IRQHandler
                0x00000000080036d0                EXTI0_IRQHandler
                0x00000000080036d0                I2C2_EV_IRQHandler
                0x00000000080036d0                DMA1_Stream2_IRQHandler
                0x00000000080036d0                FPU_IRQHandler
                0x00000000080036d0                OTG_HS_WKUP_IRQHandler
                0x00000000080036d0                FDCAN1_IT1_IRQHandler
                0x00000000080036d0                LTDC_ER_IRQHandler
                0x00000000080036d0                DMA2_Stream2_IRQHandler
                0x00000000080036d0                HRTIM1_TIME_IRQHandler
                0x00000000080036d0                SPI1_IRQHandler
                0x00000000080036d0                DCMI_IRQHandler
                0x00000000080036d0                HRTIM1_TIMC_IRQHandler
                0x00000000080036d0                DMA2_Stream3_IRQHandler
                0x00000000080036d0                SAI2_IRQHandler
                0x00000000080036d0                DFSDM1_FLT3_IRQHandler
                0x00000000080036d0                USART6_IRQHandler
                0x00000000080036d0                TIM17_IRQHandler
                0x00000000080036d0                USART3_IRQHandler
                0x00000000080036d0                BDMA_Channel7_IRQHandler
                0x00000000080036d0                LPTIM5_IRQHandler
                0x00000000080036d0                UART5_IRQHandler
                0x00000000080036d0                ADC3_IRQHandler
                0x00000000080036d0                DMA2_Stream0_IRQHandler
                0x00000000080036d0                TIM4_IRQHandler
                0x00000000080036d0                BDMA_Channel2_IRQHandler
                0x00000000080036d0                QUADSPI_IRQHandler
                0x00000000080036d0                I2C1_EV_IRQHandler
                0x00000000080036d0                DMA1_Stream6_IRQHandler
                0x00000000080036d0                DMAMUX1_OVR_IRQHandler
                0x00000000080036d0                DMA1_Stream1_IRQHandler
                0x00000000080036d0                TIM16_IRQHandler
                0x00000000080036d0                UART4_IRQHandler
                0x00000000080036d0                BDMA_Channel5_IRQHandler
                0x00000000080036d0                TIM3_IRQHandler
                0x00000000080036d0                RCC_IRQHandler
                0x00000000080036d0                TIM8_BRK_TIM12_IRQHandler
                0x00000000080036d0                TIM1_TRG_COM_IRQHandler
                0x00000000080036d0                Default_Handler
                0x00000000080036d0                ECC_IRQHandler
                0x00000000080036d0                CEC_IRQHandler
                0x00000000080036d0                EXTI15_10_IRQHandler
                0x00000000080036d0                BDMA_Channel0_IRQHandler
                0x00000000080036d0                ADC_IRQHandler
                0x00000000080036d0                DMA1_Stream7_IRQHandler
                0x00000000080036d0                HRTIM1_TIMA_IRQHandler
                0x00000000080036d0                SPI5_IRQHandler
                0x00000000080036d0                TIM7_IRQHandler
                0x00000000080036d0                SDMMC1_IRQHandler
                0x00000000080036d0                TIM5_IRQHandler
                0x00000000080036d0                DMA2_Stream7_IRQHandler
                0x00000000080036d0                TIM15_IRQHandler
                0x00000000080036d0                PVD_AVD_IRQHandler
                0x00000000080036d0                I2C3_EV_IRQHandler
                0x00000000080036d0                EXTI9_5_IRQHandler
                0x00000000080036d0                RTC_WKUP_IRQHandler
                0x00000000080036d0                LTDC_IRQHandler
                0x00000000080036d0                SAI3_IRQHandler
                0x00000000080036d0                ETH_WKUP_IRQHandler
                0x00000000080036d0                SPDIF_RX_IRQHandler
                0x00000000080036d0                SPI2_IRQHandler
                0x00000000080036d0                OTG_HS_EP1_IN_IRQHandler
                0x00000000080036d0                DMA1_Stream0_IRQHandler
                0x00000000080036d0                CRS_IRQHandler
                0x00000000080036d0                CM7_SEV_IRQHandler
                0x00000000080036d0                EXTI4_IRQHandler
                0x00000000080036d0                RNG_IRQHandler
                0x00000000080036d0                CM4_SEV_IRQHandler
                0x00000000080036d0                HRTIM1_TIMB_IRQHandler
                0x00000000080036d0                FDCAN2_IT1_IRQHandler
                0x00000000080036d0                ETH_IRQHandler
                0x00000000080036d0                TIM1_UP_IRQHandler
                0x00000000080036d0                WWDG_RST_IRQHandler
                0x00000000080036d0                BDMA_Channel4_IRQHandler
                0x00000000080036d0                OTG_HS_EP1_OUT_IRQHandler
                0x00000000080036d0                WWDG_IRQHandler
                0x00000000080036d0                SPI6_IRQHandler
                0x00000000080036d0                MDIOS_IRQHandler
                0x00000000080036d0                I2C4_EV_IRQHandler
                0x00000000080036d0                FDCAN2_IT0_IRQHandler
                0x00000000080036d0                LPUART1_IRQHandler
                0x00000000080036d0                FDCAN1_IT0_IRQHandler
                0x00000000080036d0                TIM2_IRQHandler
                0x00000000080036d0                OTG_FS_WKUP_IRQHandler
                0x00000000080036d0                OTG_HS_IRQHandler
                0x00000000080036d0                HSEM2_IRQHandler
                0x00000000080036d0                DMA2D_IRQHandler
                0x00000000080036d0                TIM1_BRK_IRQHandler
                0x00000000080036d0                EXTI1_IRQHandler
                0x00000000080036d0                SDMMC2_IRQHandler
                0x00000000080036d0                OTG_FS_EP1_OUT_IRQHandler
                0x00000000080036d0                BDMA_Channel3_IRQHandler
                0x00000000080036d0                HOLD_CORE_IRQHandler
                0x00000000080036d0                UART7_IRQHandler
                0x00000000080036d0                MDIOS_WKUP_IRQHandler
                0x00000000080036d0                USART2_IRQHandler
                0x00000000080036d0                DFSDM1_FLT0_IRQHandler
                0x00000000080036d0                SAI4_IRQHandler
                0x00000000080036d0                I2C2_ER_IRQHandler
                0x00000000080036d0                DMA2_Stream1_IRQHandler
                0x00000000080036d0                FLASH_IRQHandler
                0x00000000080036d0                DMA2_Stream4_IRQHandler
                0x00000000080036d0                USART1_IRQHandler
                0x00000000080036d0                OTG_FS_IRQHandler
                0x00000000080036d0                SPI3_IRQHandler
                0x00000000080036d0                WAKEUP_PIN_IRQHandler
                0x00000000080036d0                DMA1_Stream4_IRQHandler
                0x00000000080036d0                OTG_FS_EP1_IN_IRQHandler
                0x00000000080036d0                I2C1_ER_IRQHandler
                0x00000000080036d0                FMC_IRQHandler
                0x00000000080036d0                FDCAN_CAL_IRQHandler
                0x00000000080036d0                SWPMI1_IRQHandler
                0x00000000080036d0                COMP1_IRQHandler
                0x00000000080036d0                LPTIM1_IRQHandler
                0x00000000080036d0                I2C4_ER_IRQHandler
                0x00000000080036d0                DMA2_Stream6_IRQHandler
                0x00000000080036d0                SAI1_IRQHandler
                0x00000000080036d0                DMA1_Stream3_IRQHandler
 *fill*         0x00000000080036d2        0x2 
 .text.HAL_Init
                0x00000000080036d4       0x78 ./Drivers/STM32H7xx_HAL_Driver/stm32h7xx_hal.o
                0x00000000080036d4                HAL_Init
 .text.HAL_InitTick
                0x000000000800374c       0x6c ./Drivers/STM32H7xx_HAL_Driver/stm32h7xx_hal.o
                0x000000000800374c                HAL_InitTick
 .text.HAL_IncTick
                0x00000000080037b8       0x28 ./Drivers/STM32H7xx_HAL_Driver/stm32h7xx_hal.o
                0x00000000080037b8                HAL_IncTick
 .text.HAL_GetTick
                0x00000000080037e0       0x18 ./Drivers/STM32H7xx_HAL_Driver/stm32h7xx_hal.o
                0x00000000080037e0                HAL_GetTick
 .text.HAL_Delay
                0x00000000080037f8       0x48 ./Drivers/STM32H7xx_HAL_Driver/stm32h7xx_hal.o
                0x00000000080037f8                HAL_Delay
 .text.HAL_GetREVID
                0x0000000008003840       0x18 ./Drivers/STM32H7xx_HAL_Driver/stm32h7xx_hal.o
                0x0000000008003840                HAL_GetREVID
 .text.__NVIC_SetPriorityGrouping
                0x0000000008003858       0x48 ./Drivers/STM32H7xx_HAL_Driver/stm32h7xx_hal_cortex.o
 .text.__NVIC_GetPriorityGrouping
                0x00000000080038a0       0x1c ./Drivers/STM32H7xx_HAL_Driver/stm32h7xx_hal_cortex.o
 .text.__NVIC_EnableIRQ
                0x00000000080038bc       0x3c ./Drivers/STM32H7xx_HAL_Driver/stm32h7xx_hal_cortex.o
 .text.__NVIC_SetPriority
                0x00000000080038f8       0x54 ./Drivers/STM32H7xx_HAL_Driver/stm32h7xx_hal_cortex.o
 .text.NVIC_EncodePriority
                0x000000000800394c       0x66 ./Drivers/STM32H7xx_HAL_Driver/stm32h7xx_hal_cortex.o
 *fill*         0x00000000080039b2        0x2 
 .text.SysTick_Config
                0x00000000080039b4       0x44 ./Drivers/STM32H7xx_HAL_Driver/stm32h7xx_hal_cortex.o
 .text.HAL_NVIC_SetPriorityGrouping
                0x00000000080039f8       0x16 ./Drivers/STM32H7xx_HAL_Driver/stm32h7xx_hal_cortex.o
                0x00000000080039f8                HAL_NVIC_SetPriorityGrouping
 .text.HAL_NVIC_SetPriority
                0x0000000008003a0e       0x34 ./Drivers/STM32H7xx_HAL_Driver/stm32h7xx_hal_cortex.o
                0x0000000008003a0e                HAL_NVIC_SetPriority
 .text.HAL_NVIC_EnableIRQ
                0x0000000008003a42       0x1c ./Drivers/STM32H7xx_HAL_Driver/stm32h7xx_hal_cortex.o
                0x0000000008003a42                HAL_NVIC_EnableIRQ
 .text.HAL_SYSTICK_Config
                0x0000000008003a5e       0x18 ./Drivers/STM32H7xx_HAL_Driver/stm32h7xx_hal_cortex.o
                0x0000000008003a5e                HAL_SYSTICK_Config
 *fill*         0x0000000008003a76        0x2 
 .text.HAL_GPIO_Init
                0x0000000008003a78      0x360 ./Drivers/STM32H7xx_HAL_Driver/stm32h7xx_hal_gpio.o
                0x0000000008003a78                HAL_GPIO_Init
 .text.HAL_HSEM_FastTake
                0x0000000008003dd8       0x34 ./Drivers/STM32H7xx_HAL_Driver/stm32h7xx_hal_hsem.o
                0x0000000008003dd8                HAL_HSEM_FastTake
 .text.HAL_HSEM_Release
                0x0000000008003e0c       0x28 ./Drivers/STM32H7xx_HAL_Driver/stm32h7xx_hal_hsem.o
                0x0000000008003e0c                HAL_HSEM_Release
 .text.HAL_PWREx_ConfigSupply
                0x0000000008003e34       0xb4 ./Drivers/STM32H7xx_HAL_Driver/stm32h7xx_hal_pwr_ex.o
                0x0000000008003e34                HAL_PWREx_ConfigSupply
 .text.HAL_RCC_OscConfig
                0x0000000008003ee8      0x8b4 ./Drivers/STM32H7xx_HAL_Driver/stm32h7xx_hal_rcc.o
                0x0000000008003ee8                HAL_RCC_OscConfig
 .text.HAL_RCC_ClockConfig
                0x000000000800479c      0x36c ./Drivers/STM32H7xx_HAL_Driver/stm32h7xx_hal_rcc.o
                0x000000000800479c                HAL_RCC_ClockConfig
 .text.HAL_RCC_GetSysClockFreq
                0x0000000008004b08      0x2f4 ./Drivers/STM32H7xx_HAL_Driver/stm32h7xx_hal_rcc.o
                0x0000000008004b08                HAL_RCC_GetSysClockFreq
 .text.HAL_RCCEx_EnableBootCore
                0x0000000008004dfc       0x28 ./Drivers/STM32H7xx_HAL_Driver/stm32h7xx_hal_rcc_ex.o
                0x0000000008004dfc                HAL_RCCEx_EnableBootCore
 .text.HAL_TIM_Base_Init
                0x0000000008004e24       0xae ./Drivers/STM32H7xx_HAL_Driver/stm32h7xx_hal_tim.o
                0x0000000008004e24                HAL_TIM_Base_Init
 *fill*         0x0000000008004ed2        0x2 
 .text.HAL_TIM_Base_Start_IT
                0x0000000008004ed4       0xf0 ./Drivers/STM32H7xx_HAL_Driver/stm32h7xx_hal_tim.o
                0x0000000008004ed4                HAL_TIM_Base_Start_IT
 .text.HAL_TIM_PWM_Init
                0x0000000008004fc4       0xae ./Drivers/STM32H7xx_HAL_Driver/stm32h7xx_hal_tim.o
                0x0000000008004fc4                HAL_TIM_PWM_Init
 .text.HAL_TIM_PWM_MspInit
                0x0000000008005072       0x14 ./Drivers/STM32H7xx_HAL_Driver/stm32h7xx_hal_tim.o
                0x0000000008005072                HAL_TIM_PWM_MspInit
 *fill*         0x0000000008005086        0x2 
 .text.HAL_TIM_PWM_Start
                0x0000000008005088      0x21c ./Drivers/STM32H7xx_HAL_Driver/stm32h7xx_hal_tim.o
                0x0000000008005088                HAL_TIM_PWM_Start
 .text.HAL_TIM_Encoder_Init
                0x00000000080052a4      0x14c ./Drivers/STM32H7xx_HAL_Driver/stm32h7xx_hal_tim.o
                0x00000000080052a4                HAL_TIM_Encoder_Init
 .text.HAL_TIM_Encoder_Start
                0x00000000080053f0      0x11c ./Drivers/STM32H7xx_HAL_Driver/stm32h7xx_hal_tim.o
                0x00000000080053f0                HAL_TIM_Encoder_Start
 .text.HAL_TIM_IRQHandler
                0x000000000800550c      0x23e ./Drivers/STM32H7xx_HAL_Driver/stm32h7xx_hal_tim.o
                0x000000000800550c                HAL_TIM_IRQHandler
 *fill*         0x000000000800574a        0x2 
 .text.HAL_TIM_PWM_ConfigChannel
                0x000000000800574c      0x228 ./Drivers/STM32H7xx_HAL_Driver/stm32h7xx_hal_tim.o
                0x000000000800574c                HAL_TIM_PWM_ConfigChannel
 .text.HAL_TIM_ConfigClockSource
                0x0000000008005974      0x1f0 ./Drivers/STM32H7xx_HAL_Driver/stm32h7xx_hal_tim.o
                0x0000000008005974                HAL_TIM_ConfigClockSource
 .text.HAL_TIM_OC_DelayElapsedCallback
                0x0000000008005b64       0x14 ./Drivers/STM32H7xx_HAL_Driver/stm32h7xx_hal_tim.o
                0x0000000008005b64                HAL_TIM_OC_DelayElapsedCallback
 .text.HAL_TIM_IC_CaptureCallback
                0x0000000008005b78       0x14 ./Drivers/STM32H7xx_HAL_Driver/stm32h7xx_hal_tim.o
                0x0000000008005b78                HAL_TIM_IC_CaptureCallback
 .text.HAL_TIM_PWM_PulseFinishedCallback
                0x0000000008005b8c       0x14 ./Drivers/STM32H7xx_HAL_Driver/stm32h7xx_hal_tim.o
                0x0000000008005b8c                HAL_TIM_PWM_PulseFinishedCallback
 .text.HAL_TIM_TriggerCallback
                0x0000000008005ba0       0x14 ./Drivers/STM32H7xx_HAL_Driver/stm32h7xx_hal_tim.o
                0x0000000008005ba0                HAL_TIM_TriggerCallback
 .text.TIM_Base_SetConfig
                0x0000000008005bb4      0x134 ./Drivers/STM32H7xx_HAL_Driver/stm32h7xx_hal_tim.o
                0x0000000008005bb4                TIM_Base_SetConfig
 .text.TIM_OC1_SetConfig
                0x0000000008005ce8      0x120 ./Drivers/STM32H7xx_HAL_Driver/stm32h7xx_hal_tim.o
 .text.TIM_OC2_SetConfig
                0x0000000008005e08      0x114 ./Drivers/STM32H7xx_HAL_Driver/stm32h7xx_hal_tim.o
                0x0000000008005e08                TIM_OC2_SetConfig
 .text.TIM_OC3_SetConfig
                0x0000000008005f1c      0x110 ./Drivers/STM32H7xx_HAL_Driver/stm32h7xx_hal_tim.o
 .text.TIM_OC4_SetConfig
                0x000000000800602c       0xd4 ./Drivers/STM32H7xx_HAL_Driver/stm32h7xx_hal_tim.o
 .text.TIM_OC5_SetConfig
                0x0000000008006100       0xc8 ./Drivers/STM32H7xx_HAL_Driver/stm32h7xx_hal_tim.o
 .text.TIM_OC6_SetConfig
                0x00000000080061c8       0xcc ./Drivers/STM32H7xx_HAL_Driver/stm32h7xx_hal_tim.o
 .text.TIM_TI1_ConfigInputStage
                0x0000000008006294       0x5e ./Drivers/STM32H7xx_HAL_Driver/stm32h7xx_hal_tim.o
 .text.TIM_TI2_ConfigInputStage
                0x00000000080062f2       0x60 ./Drivers/STM32H7xx_HAL_Driver/stm32h7xx_hal_tim.o
 *fill*         0x0000000008006352        0x2 
 .text.TIM_ITRx_SetConfig
                0x0000000008006354       0x3c ./Drivers/STM32H7xx_HAL_Driver/stm32h7xx_hal_tim.o
 .text.TIM_ETR_SetConfig
                0x0000000008006390       0x40 ./Drivers/STM32H7xx_HAL_Driver/stm32h7xx_hal_tim.o
                0x0000000008006390                TIM_ETR_SetConfig
 .text.TIM_CCxChannelCmd
                0x00000000080063d0       0x4a ./Drivers/STM32H7xx_HAL_Driver/stm32h7xx_hal_tim.o
                0x00000000080063d0                TIM_CCxChannelCmd
 *fill*         0x000000000800641a        0x2 
 .text.HAL_TIMEx_MasterConfigSynchronization
                0x000000000800641c      0x11c ./Drivers/STM32H7xx_HAL_Driver/stm32h7xx_hal_tim_ex.o
                0x000000000800641c                HAL_TIMEx_MasterConfigSynchronization
 .text.HAL_TIMEx_ConfigBreakDeadTime
                0x0000000008006538       0xfc ./Drivers/STM32H7xx_HAL_Driver/stm32h7xx_hal_tim_ex.o
                0x0000000008006538                HAL_TIMEx_ConfigBreakDeadTime
 .text.HAL_TIMEx_CommutCallback
                0x0000000008006634       0x14 ./Drivers/STM32H7xx_HAL_Driver/stm32h7xx_hal_tim_ex.o
                0x0000000008006634                HAL_TIMEx_CommutCallback
 .text.HAL_TIMEx_BreakCallback
                0x0000000008006648       0x14 ./Drivers/STM32H7xx_HAL_Driver/stm32h7xx_hal_tim_ex.o
                0x0000000008006648                HAL_TIMEx_BreakCallback
 .text.HAL_TIMEx_Break2Callback
                0x000000000800665c       0x14 ./Drivers/STM32H7xx_HAL_Driver/stm32h7xx_hal_tim_ex.o
                0x000000000800665c                HAL_TIMEx_Break2Callback
 .text.__errno  0x0000000008006670        0xc c:/st/stm32cubeide_1.6.1/stm32cubeide/plugins/com.st.stm32cube.ide.mcu.externaltools.gnu-tools-for-stm32.10.3-2021.10.win32_1.0.200.202301161003/tools/bin/../lib/gcc/arm-none-eabi/10.3.1/../../../../arm-none-eabi/lib/thumb/v7e-m+dp/hard\libc_nano.a(lib_a-errno.o)
                0x0000000008006670                __errno
 .text.__libc_init_array
                0x000000000800667c       0x48 c:/st/stm32cubeide_1.6.1/stm32cubeide/plugins/com.st.stm32cube.ide.mcu.externaltools.gnu-tools-for-stm32.10.3-2021.10.win32_1.0.200.202301161003/tools/bin/../lib/gcc/arm-none-eabi/10.3.1/../../../../arm-none-eabi/lib/thumb/v7e-m+dp/hard\libc_nano.a(lib_a-init.o)
                0x000000000800667c                __libc_init_array
 .text.memset   0x00000000080066c4       0x10 c:/st/stm32cubeide_1.6.1/stm32cubeide/plugins/com.st.stm32cube.ide.mcu.externaltools.gnu-tools-for-stm32.10.3-2021.10.win32_1.0.200.202301161003/tools/bin/../lib/gcc/arm-none-eabi/10.3.1/../../../../arm-none-eabi/lib/thumb/v7e-m+dp/hard\libc_nano.a(lib_a-memset.o)
                0x00000000080066c4                memset
 .text.checkint
                0x00000000080066d4       0x68 c:/st/stm32cubeide_1.6.1/stm32cubeide/plugins/com.st.stm32cube.ide.mcu.externaltools.gnu-tools-for-stm32.10.3-2021.10.win32_1.0.200.202301161003/tools/bin/../lib/gcc/arm-none-eabi/10.3.1/../../../../arm-none-eabi/lib/thumb/v7e-m+dp/hard\libm.a(lib_a-pow.o)
 *fill*         0x000000000800673c        0x4 
 .text.pow      0x0000000008006740      0x4a4 c:/st/stm32cubeide_1.6.1/stm32cubeide/plugins/com.st.stm32cube.ide.mcu.externaltools.gnu-tools-for-stm32.10.3-2021.10.win32_1.0.200.202301161003/tools/bin/../lib/gcc/arm-none-eabi/10.3.1/../../../../arm-none-eabi/lib/thumb/v7e-m+dp/hard\libm.a(lib_a-pow.o)
                0x0000000008006740                pow
 *fill*         0x0000000008006be4        0x4 
 .text.cos      0x0000000008006be8       0x98 c:/st/stm32cubeide_1.6.1/stm32cubeide/plugins/com.st.stm32cube.ide.mcu.externaltools.gnu-tools-for-stm32.10.3-2021.10.win32_1.0.200.202301161003/tools/bin/../lib/gcc/arm-none-eabi/10.3.1/../../../../arm-none-eabi/lib/thumb/v7e-m+dp/hard\libm.a(lib_a-s_cos.o)
                0x0000000008006be8                cos
 .text.sin      0x0000000008006c80       0x98 c:/st/stm32cubeide_1.6.1/stm32cubeide/plugins/com.st.stm32cube.ide.mcu.externaltools.gnu-tools-for-stm32.10.3-2021.10.win32_1.0.200.202301161003/tools/bin/../lib/gcc/arm-none-eabi/10.3.1/../../../../arm-none-eabi/lib/thumb/v7e-m+dp/hard\libm.a(lib_a-s_sin.o)
                0x0000000008006c80                sin
 .text.atan2    0x0000000008006d18        0x4 c:/st/stm32cubeide_1.6.1/stm32cubeide/plugins/com.st.stm32cube.ide.mcu.externaltools.gnu-tools-for-stm32.10.3-2021.10.win32_1.0.200.202301161003/tools/bin/../lib/gcc/arm-none-eabi/10.3.1/../../../../arm-none-eabi/lib/thumb/v7e-m+dp/hard\libm.a(lib_a-w_atan2.o)
                0x0000000008006d18                atan2
 *fill*         0x0000000008006d1c        0x4 
 .text.sqrt     0x0000000008006d20       0x40 c:/st/stm32cubeide_1.6.1/stm32cubeide/plugins/com.st.stm32cube.ide.mcu.externaltools.gnu-tools-for-stm32.10.3-2021.10.win32_1.0.200.202301161003/tools/bin/../lib/gcc/arm-none-eabi/10.3.1/../../../../arm-none-eabi/lib/thumb/v7e-m+dp/hard\libm.a(lib_a-w_sqrt.o)
                0x0000000008006d20                sqrt
 .text.__ieee754_atan2
                0x0000000008006d60      0x184 c:/st/stm32cubeide_1.6.1/stm32cubeide/plugins/com.st.stm32cube.ide.mcu.externaltools.gnu-tools-for-stm32.10.3-2021.10.win32_1.0.200.202301161003/tools/bin/../lib/gcc/arm-none-eabi/10.3.1/../../../../arm-none-eabi/lib/thumb/v7e-m+dp/hard\libm.a(lib_a-e_atan2.o)
                0x0000000008006d60                __ieee754_atan2
 *fill*         0x0000000008006ee4        0x4 
 .text.__ieee754_rem_pio2
                0x0000000008006ee8      0x288 c:/st/stm32cubeide_1.6.1/stm32cubeide/plugins/com.st.stm32cube.ide.mcu.externaltools.gnu-tools-for-stm32.10.3-2021.10.win32_1.0.200.202301161003/tools/bin/../lib/gcc/arm-none-eabi/10.3.1/../../../../arm-none-eabi/lib/thumb/v7e-m+dp/hard\libm.a(lib_a-e_rem_pio2.o)
                0x0000000008006ee8                __ieee754_rem_pio2
 .text.__ieee754_sqrt
                0x0000000008007170        0x6 c:/st/stm32cubeide_1.6.1/stm32cubeide/plugins/com.st.stm32cube.ide.mcu.externaltools.gnu-tools-for-stm32.10.3-2021.10.win32_1.0.200.202301161003/tools/bin/../lib/gcc/arm-none-eabi/10.3.1/../../../../arm-none-eabi/lib/thumb/v7e-m+dp/hard\libm.a(lib_a-e_sqrt.o)
                0x0000000008007170                __ieee754_sqrt
 *fill*         0x0000000008007176        0x2 
 .text.__kernel_cos
                0x0000000008007178       0xd8 c:/st/stm32cubeide_1.6.1/stm32cubeide/plugins/com.st.stm32cube.ide.mcu.externaltools.gnu-tools-for-stm32.10.3-2021.10.win32_1.0.200.202301161003/tools/bin/../lib/gcc/arm-none-eabi/10.3.1/../../../../arm-none-eabi/lib/thumb/v7e-m+dp/hard\libm.a(lib_a-k_cos.o)
                0x0000000008007178                __kernel_cos
 .text.__kernel_rem_pio2
                0x0000000008007250      0x530 c:/st/stm32cubeide_1.6.1/stm32cubeide/plugins/com.st.stm32cube.ide.mcu.externaltools.gnu-tools-for-stm32.10.3-2021.10.win32_1.0.200.202301161003/tools/bin/../lib/gcc/arm-none-eabi/10.3.1/../../../../arm-none-eabi/lib/thumb/v7e-m+dp/hard\libm.a(lib_a-k_rem_pio2.o)
                0x0000000008007250                __kernel_rem_pio2
 .text.__kernel_sin
                0x0000000008007780       0xb0 c:/st/stm32cubeide_1.6.1/stm32cubeide/plugins/com.st.stm32cube.ide.mcu.externaltools.gnu-tools-for-stm32.10.3-2021.10.win32_1.0.200.202301161003/tools/bin/../lib/gcc/arm-none-eabi/10.3.1/../../../../arm-none-eabi/lib/thumb/v7e-m+dp/hard\libm.a(lib_a-k_sin.o)
                0x0000000008007780                __kernel_sin
 .text.with_errno
                0x0000000008007830       0x16 c:/st/stm32cubeide_1.6.1/stm32cubeide/plugins/com.st.stm32cube.ide.mcu.externaltools.gnu-tools-for-stm32.10.3-2021.10.win32_1.0.200.202301161003/tools/bin/../lib/gcc/arm-none-eabi/10.3.1/../../../../arm-none-eabi/lib/thumb/v7e-m+dp/hard\libm.a(lib_a-math_err.o)
 .text.xflow    0x0000000008007846       0x22 c:/st/stm32cubeide_1.6.1/stm32cubeide/plugins/com.st.stm32cube.ide.mcu.externaltools.gnu-tools-for-stm32.10.3-2021.10.win32_1.0.200.202301161003/tools/bin/../lib/gcc/arm-none-eabi/10.3.1/../../../../arm-none-eabi/lib/thumb/v7e-m+dp/hard\libm.a(lib_a-math_err.o)
 .text.__math_uflow
                0x0000000008007868       0x10 c:/st/stm32cubeide_1.6.1/stm32cubeide/plugins/com.st.stm32cube.ide.mcu.externaltools.gnu-tools-for-stm32.10.3-2021.10.win32_1.0.200.202301161003/tools/bin/../lib/gcc/arm-none-eabi/10.3.1/../../../../arm-none-eabi/lib/thumb/v7e-m+dp/hard\libm.a(lib_a-math_err.o)
                0x0000000008007868                __math_uflow
 .text.__math_oflow
                0x0000000008007878       0x10 c:/st/stm32cubeide_1.6.1/stm32cubeide/plugins/com.st.stm32cube.ide.mcu.externaltools.gnu-tools-for-stm32.10.3-2021.10.win32_1.0.200.202301161003/tools/bin/../lib/gcc/arm-none-eabi/10.3.1/../../../../arm-none-eabi/lib/thumb/v7e-m+dp/hard\libm.a(lib_a-math_err.o)
                0x0000000008007878                __math_oflow
 .text.__math_divzero
                0x0000000008007888       0x30 c:/st/stm32cubeide_1.6.1/stm32cubeide/plugins/com.st.stm32cube.ide.mcu.externaltools.gnu-tools-for-stm32.10.3-2021.10.win32_1.0.200.202301161003/tools/bin/../lib/gcc/arm-none-eabi/10.3.1/../../../../arm-none-eabi/lib/thumb/v7e-m+dp/hard\libm.a(lib_a-math_err.o)
                0x0000000008007888                __math_divzero
 .text.__math_invalid
                0x00000000080078b8       0x1e c:/st/stm32cubeide_1.6.1/stm32cubeide/plugins/com.st.stm32cube.ide.mcu.externaltools.gnu-tools-for-stm32.10.3-2021.10.win32_1.0.200.202301161003/tools/bin/../lib/gcc/arm-none-eabi/10.3.1/../../../../arm-none-eabi/lib/thumb/v7e-m+dp/hard\libm.a(lib_a-math_err.o)
                0x00000000080078b8                __math_invalid
 .text.__math_check_uflow
                0x00000000080078d6       0x12 c:/st/stm32cubeide_1.6.1/stm32cubeide/plugins/com.st.stm32cube.ide.mcu.externaltools.gnu-tools-for-stm32.10.3-2021.10.win32_1.0.200.202301161003/tools/bin/../lib/gcc/arm-none-eabi/10.3.1/../../../../arm-none-eabi/lib/thumb/v7e-m+dp/hard\libm.a(lib_a-math_err.o)
                0x00000000080078d6                __math_check_uflow
 .text.__math_check_oflow
                0x00000000080078e8       0x28 c:/st/stm32cubeide_1.6.1/stm32cubeide/plugins/com.st.stm32cube.ide.mcu.externaltools.gnu-tools-for-stm32.10.3-2021.10.win32_1.0.200.202301161003/tools/bin/../lib/gcc/arm-none-eabi/10.3.1/../../../../arm-none-eabi/lib/thumb/v7e-m+dp/hard\libm.a(lib_a-math_err.o)
                0x00000000080078e8                __math_check_oflow
 .text.atan     0x0000000008007910      0x1f4 c:/st/stm32cubeide_1.6.1/stm32cubeide/plugins/com.st.stm32cube.ide.mcu.externaltools.gnu-tools-for-stm32.10.3-2021.10.win32_1.0.200.202301161003/tools/bin/../lib/gcc/arm-none-eabi/10.3.1/../../../../arm-none-eabi/lib/thumb/v7e-m+dp/hard\libm.a(lib_a-s_atan.o)
                0x0000000008007910                atan
 .text.fabs     0x0000000008007b04       0x12 c:/st/stm32cubeide_1.6.1/stm32cubeide/plugins/com.st.stm32cube.ide.mcu.externaltools.gnu-tools-for-stm32.10.3-2021.10.win32_1.0.200.202301161003/tools/bin/../lib/gcc/arm-none-eabi/10.3.1/../../../../arm-none-eabi/lib/thumb/v7e-m+dp/hard\libm.a(lib_a-s_fabs.o)
                0x0000000008007b04                fabs
 *fill*         0x0000000008007b16        0x2 
 .text.floor    0x0000000008007b18       0xe8 c:/st/stm32cubeide_1.6.1/stm32cubeide/plugins/com.st.stm32cube.ide.mcu.externaltools.gnu-tools-for-stm32.10.3-2021.10.win32_1.0.200.202301161003/tools/bin/../lib/gcc/arm-none-eabi/10.3.1/../../../../arm-none-eabi/lib/thumb/v7e-m+dp/hard\libm.a(lib_a-s_floor.o)
                0x0000000008007b18                floor
 .text.scalbn   0x0000000008007c00      0x114 c:/st/stm32cubeide_1.6.1/stm32cubeide/plugins/com.st.stm32cube.ide.mcu.externaltools.gnu-tools-for-stm32.10.3-2021.10.win32_1.0.200.202301161003/tools/bin/../lib/gcc/arm-none-eabi/10.3.1/../../../../arm-none-eabi/lib/thumb/v7e-m+dp/hard\libm.a(lib_a-s_scalbn.o)
                0x0000000008007c00                scalbn
 *(.glue_7)
 .glue_7        0x0000000008007d14        0x0 linker stubs
 *(.glue_7t)
 .glue_7t       0x0000000008007d14        0x0 linker stubs
 *(.eh_frame)
 .eh_frame      0x0000000008007d14        0x0 c:/st/stm32cubeide_1.6.1/stm32cubeide/plugins/com.st.stm32cube.ide.mcu.externaltools.gnu-tools-for-stm32.10.3-2021.10.win32_1.0.200.202301161003/tools/bin/../lib/gcc/arm-none-eabi/10.3.1/thumb/v7e-m+dp/hard/crtbegin.o
 *(.init)
 .init          0x0000000008007d14        0x4 c:/st/stm32cubeide_1.6.1/stm32cubeide/plugins/com.st.stm32cube.ide.mcu.externaltools.gnu-tools-for-stm32.10.3-2021.10.win32_1.0.200.202301161003/tools/bin/../lib/gcc/arm-none-eabi/10.3.1/thumb/v7e-m+dp/hard/crti.o
                0x0000000008007d14                _init
 .init          0x0000000008007d18        0x8 c:/st/stm32cubeide_1.6.1/stm32cubeide/plugins/com.st.stm32cube.ide.mcu.externaltools.gnu-tools-for-stm32.10.3-2021.10.win32_1.0.200.202301161003/tools/bin/../lib/gcc/arm-none-eabi/10.3.1/thumb/v7e-m+dp/hard/crtn.o
 *(.fini)
 .fini          0x0000000008007d20        0x4 c:/st/stm32cubeide_1.6.1/stm32cubeide/plugins/com.st.stm32cube.ide.mcu.externaltools.gnu-tools-for-stm32.10.3-2021.10.win32_1.0.200.202301161003/tools/bin/../lib/gcc/arm-none-eabi/10.3.1/thumb/v7e-m+dp/hard/crti.o
                0x0000000008007d20                _fini
 .fini          0x0000000008007d24        0x8 c:/st/stm32cubeide_1.6.1/stm32cubeide/plugins/com.st.stm32cube.ide.mcu.externaltools.gnu-tools-for-stm32.10.3-2021.10.win32_1.0.200.202301161003/tools/bin/../lib/gcc/arm-none-eabi/10.3.1/thumb/v7e-m+dp/hard/crtn.o
                0x0000000008007d2c                . = ALIGN (0x4)
                0x0000000008007d2c                _etext = .

.vfp11_veneer   0x0000000008007d2c        0x0
 .vfp11_veneer  0x0000000008007d2c        0x0 linker stubs

.v4_bx          0x0000000008007d2c        0x0
 .v4_bx         0x0000000008007d2c        0x0 linker stubs

.iplt           0x0000000008007d2c        0x0
 .iplt          0x0000000008007d2c        0x0 c:/st/stm32cubeide_1.6.1/stm32cubeide/plugins/com.st.stm32cube.ide.mcu.externaltools.gnu-tools-for-stm32.10.3-2021.10.win32_1.0.200.202301161003/tools/bin/../lib/gcc/arm-none-eabi/10.3.1/thumb/v7e-m+dp/hard/crtbegin.o

.rodata         0x0000000008007d30     0x1b10
                0x0000000008007d30                . = ALIGN (0x4)
 *(.rodata)
 *(.rodata*)
 .rodata.D1CorePrescTable
                0x0000000008007d30       0x10 ./Common/Src/system_stm32h7xx_dualcore_boot_cm4_cm7.o
                0x0000000008007d30                D1CorePrescTable
 .rodata.__pow_log_data
                0x0000000008007d40     0x1048 c:/st/stm32cubeide_1.6.1/stm32cubeide/plugins/com.st.stm32cube.ide.mcu.externaltools.gnu-tools-for-stm32.10.3-2021.10.win32_1.0.200.202301161003/tools/bin/../lib/gcc/arm-none-eabi/10.3.1/../../../../arm-none-eabi/lib/thumb/v7e-m+dp/hard\libm.a(lib_a-pow_log_data.o)
                0x0000000008007d40                __pow_log_data
 .rodata.CSWTCH.8
                0x0000000008008d88       0x18 c:/st/stm32cubeide_1.6.1/stm32cubeide/plugins/com.st.stm32cube.ide.mcu.externaltools.gnu-tools-for-stm32.10.3-2021.10.win32_1.0.200.202301161003/tools/bin/../lib/gcc/arm-none-eabi/10.3.1/../../../../arm-none-eabi/lib/thumb/v7e-m+dp/hard\libm.a(lib_a-e_atan2.o)
 .rodata.CSWTCH.9
                0x0000000008008da0       0x18 c:/st/stm32cubeide_1.6.1/stm32cubeide/plugins/com.st.stm32cube.ide.mcu.externaltools.gnu-tools-for-stm32.10.3-2021.10.win32_1.0.200.202301161003/tools/bin/../lib/gcc/arm-none-eabi/10.3.1/../../../../arm-none-eabi/lib/thumb/v7e-m+dp/hard\libm.a(lib_a-e_atan2.o)
 .rodata.npio2_hw
                0x0000000008008db8       0x80 c:/st/stm32cubeide_1.6.1/stm32cubeide/plugins/com.st.stm32cube.ide.mcu.externaltools.gnu-tools-for-stm32.10.3-2021.10.win32_1.0.200.202301161003/tools/bin/../lib/gcc/arm-none-eabi/10.3.1/../../../../arm-none-eabi/lib/thumb/v7e-m+dp/hard\libm.a(lib_a-e_rem_pio2.o)
 .rodata.two_over_pi
                0x0000000008008e38      0x108 c:/st/stm32cubeide_1.6.1/stm32cubeide/plugins/com.st.stm32cube.ide.mcu.externaltools.gnu-tools-for-stm32.10.3-2021.10.win32_1.0.200.202301161003/tools/bin/../lib/gcc/arm-none-eabi/10.3.1/../../../../arm-none-eabi/lib/thumb/v7e-m+dp/hard\libm.a(lib_a-e_rem_pio2.o)
 .rodata.__exp_data
                0x0000000008008f40      0x870 c:/st/stm32cubeide_1.6.1/stm32cubeide/plugins/com.st.stm32cube.ide.mcu.externaltools.gnu-tools-for-stm32.10.3-2021.10.win32_1.0.200.202301161003/tools/bin/../lib/gcc/arm-none-eabi/10.3.1/../../../../arm-none-eabi/lib/thumb/v7e-m+dp/hard\libm.a(lib_a-exp_data.o)
                0x0000000008008f40                __exp_data
 .rodata.PIo2   0x00000000080097b0       0x40 c:/st/stm32cubeide_1.6.1/stm32cubeide/plugins/com.st.stm32cube.ide.mcu.externaltools.gnu-tools-for-stm32.10.3-2021.10.win32_1.0.200.202301161003/tools/bin/../lib/gcc/arm-none-eabi/10.3.1/../../../../arm-none-eabi/lib/thumb/v7e-m+dp/hard\libm.a(lib_a-k_rem_pio2.o)
 .rodata.init_jk
                0x00000000080097f0       0x10 c:/st/stm32cubeide_1.6.1/stm32cubeide/plugins/com.st.stm32cube.ide.mcu.externaltools.gnu-tools-for-stm32.10.3-2021.10.win32_1.0.200.202301161003/tools/bin/../lib/gcc/arm-none-eabi/10.3.1/../../../../arm-none-eabi/lib/thumb/v7e-m+dp/hard\libm.a(lib_a-k_rem_pio2.o)
 .rodata.atanhi
                0x0000000008009800       0x20 c:/st/stm32cubeide_1.6.1/stm32cubeide/plugins/com.st.stm32cube.ide.mcu.externaltools.gnu-tools-for-stm32.10.3-2021.10.win32_1.0.200.202301161003/tools/bin/../lib/gcc/arm-none-eabi/10.3.1/../../../../arm-none-eabi/lib/thumb/v7e-m+dp/hard\libm.a(lib_a-s_atan.o)
 .rodata.atanlo
                0x0000000008009820       0x20 c:/st/stm32cubeide_1.6.1/stm32cubeide/plugins/com.st.stm32cube.ide.mcu.externaltools.gnu-tools-for-stm32.10.3-2021.10.win32_1.0.200.202301161003/tools/bin/../lib/gcc/arm-none-eabi/10.3.1/../../../../arm-none-eabi/lib/thumb/v7e-m+dp/hard\libm.a(lib_a-s_atan.o)
                0x0000000008009840                . = ALIGN (0x4)

.rel.dyn        0x0000000008009840        0x0
 .rel.iplt      0x0000000008009840        0x0 c:/st/stm32cubeide_1.6.1/stm32cubeide/plugins/com.st.stm32cube.ide.mcu.externaltools.gnu-tools-for-stm32.10.3-2021.10.win32_1.0.200.202301161003/tools/bin/../lib/gcc/arm-none-eabi/10.3.1/thumb/v7e-m+dp/hard/crtbegin.o

.ARM.extab      0x0000000008009840        0x0
                0x0000000008009840                . = ALIGN (0x4)
 *(.ARM.extab* .gnu.linkonce.armextab.*)
                0x0000000008009840                . = ALIGN (0x4)

.ARM            0x0000000008009840        0x0
                0x0000000008009840                . = ALIGN (0x4)
                0x0000000008009840                __exidx_start = .
 *(.ARM.exidx*)
                0x0000000008009840                __exidx_end = .
                0x0000000008009840                . = ALIGN (0x4)

.preinit_array  0x0000000008009840        0x0
                0x0000000008009840                . = ALIGN (0x4)
                0x0000000008009840                PROVIDE (__preinit_array_start = .)
 *(.preinit_array*)
                0x0000000008009840                PROVIDE (__preinit_array_end = .)
                0x0000000008009840                . = ALIGN (0x4)

.init_array     0x0000000008009840        0x4
                0x0000000008009840                . = ALIGN (0x4)
                0x0000000008009840                PROVIDE (__init_array_start = .)
 *(SORT_BY_NAME(.init_array.*))
 *(.init_array*)
 .init_array    0x0000000008009840        0x4 c:/st/stm32cubeide_1.6.1/stm32cubeide/plugins/com.st.stm32cube.ide.mcu.externaltools.gnu-tools-for-stm32.10.3-2021.10.win32_1.0.200.202301161003/tools/bin/../lib/gcc/arm-none-eabi/10.3.1/thumb/v7e-m+dp/hard/crtbegin.o
                0x0000000008009844                PROVIDE (__init_array_end = .)
                0x0000000008009844                . = ALIGN (0x4)

.fini_array     0x0000000008009844        0x4
                0x0000000008009844                . = ALIGN (0x4)
                [!provide]                        PROVIDE (__fini_array_start = .)
 *(SORT_BY_NAME(.fini_array.*))
 *(.fini_array*)
 .fini_array    0x0000000008009844        0x4 c:/st/stm32cubeide_1.6.1/stm32cubeide/plugins/com.st.stm32cube.ide.mcu.externaltools.gnu-tools-for-stm32.10.3-2021.10.win32_1.0.200.202301161003/tools/bin/../lib/gcc/arm-none-eabi/10.3.1/thumb/v7e-m+dp/hard/crtbegin.o
                [!provide]                        PROVIDE (__fini_array_end = .)
                0x0000000008009848                . = ALIGN (0x4)
                0x0000000008009848                _sidata = LOADADDR (.data)

.data           0x0000000024000000       0x80 load address 0x0000000008009848
                0x0000000024000000                . = ALIGN (0x4)
                0x0000000024000000                _sdata = .
 *(.data)
 *(.data*)
 .data.SystemCoreClock
                0x0000000024000000        0x4 ./Common/Src/system_stm32h7xx_dualcore_boot_cm4_cm7.o
                0x0000000024000000                SystemCoreClock
 .data.SystemD2Clock
                0x0000000024000004        0x4 ./Common/Src/system_stm32h7xx_dualcore_boot_cm4_cm7.o
                0x0000000024000004                SystemD2Clock
 .data.Nav_TrapezePhase_en
                0x0000000024000008        0x1 ./Core/Src/Navigation.o
                0x0000000024000008                Nav_TrapezePhase_en
 .data.Nav_RightMotorDirection_i8
                0x0000000024000009        0x1 ./Core/Src/Navigation.o
                0x0000000024000009                Nav_RightMotorDirection_i8
 .data.Nav_LeftMotorDirection_i8
                0x000000002400000a        0x1 ./Core/Src/Navigation.o
                0x000000002400000a                Nav_LeftMotorDirection_i8
 .data.ROBOT_Direction
                0x000000002400000b        0x1 ./Core/Src/Navigation.o
                0x000000002400000b                ROBOT_Direction
 .data.rb_cm4_to_cm7
                0x000000002400000c        0x4 ./Core/Src/main.o
                0x000000002400000c                rb_cm4_to_cm7
 .data.rb_cm7_to_cm4
                0x0000000024000010        0x4 ./Core/Src/main.o
                0x0000000024000010                rb_cm7_to_cm4
 .data.uwTickPrio
                0x0000000024000014        0x4 ./Drivers/STM32H7xx_HAL_Driver/stm32h7xx_hal.o
                0x0000000024000014                uwTickPrio
 .data.uwTickFreq
                0x0000000024000018        0x1 ./Drivers/STM32H7xx_HAL_Driver/stm32h7xx_hal.o
                0x0000000024000018                uwTickFreq
 *fill*         0x0000000024000019        0x3 
 .data._impure_ptr
                0x000000002400001c        0x4 c:/st/stm32cubeide_1.6.1/stm32cubeide/plugins/com.st.stm32cube.ide.mcu.externaltools.gnu-tools-for-stm32.10.3-2021.10.win32_1.0.200.202301161003/tools/bin/../lib/gcc/arm-none-eabi/10.3.1/../../../../arm-none-eabi/lib/thumb/v7e-m+dp/hard\libc_nano.a(lib_a-impure.o)
                0x000000002400001c                _impure_ptr
 .data.impure_data
                0x0000000024000020       0x60 c:/st/stm32cubeide_1.6.1/stm32cubeide/plugins/com.st.stm32cube.ide.mcu.externaltools.gnu-tools-for-stm32.10.3-2021.10.win32_1.0.200.202301161003/tools/bin/../lib/gcc/arm-none-eabi/10.3.1/../../../../arm-none-eabi/lib/thumb/v7e-m+dp/hard\libc_nano.a(lib_a-impure.o)
 *(.RamFunc)
 *(.RamFunc*)
                0x0000000024000080                . = ALIGN (0x4)
                0x0000000024000080                _edata = .

.igot.plt       0x0000000024000080        0x0 load address 0x00000000080098c8
 .igot.plt      0x0000000024000080        0x0 c:/st/stm32cubeide_1.6.1/stm32cubeide/plugins/com.st.stm32cube.ide.mcu.externaltools.gnu-tools-for-stm32.10.3-2021.10.win32_1.0.200.202301161003/tools/bin/../lib/gcc/arm-none-eabi/10.3.1/thumb/v7e-m+dp/hard/crtbegin.o
                0x0000000024000080                . = ALIGN (0x4)

.bss            0x0000000024000080      0x3e8 load address 0x00000000080098c8
                0x0000000024000080                _sbss = .
                0x0000000024000080                __bss_start__ = _sbss
 *(.bss)
 .bss           0x0000000024000080       0x1c c:/st/stm32cubeide_1.6.1/stm32cubeide/plugins/com.st.stm32cube.ide.mcu.externaltools.gnu-tools-for-stm32.10.3-2021.10.win32_1.0.200.202301161003/tools/bin/../lib/gcc/arm-none-eabi/10.3.1/thumb/v7e-m+dp/hard/crtbegin.o
 *(.bss*)
 .bss.Nav_ExecutePath_State_en
                0x000000002400009c        0x1 ./Core/Src/Navigation.o
                0x000000002400009c                Nav_ExecutePath_State_en
 .bss.Nav_TrajectoryState_en
                0x000000002400009d        0x1 ./Core/Src/Navigation.o
                0x000000002400009d                Nav_TrajectoryState_en
 .bss.Nav_TrajectoryMode_en
                0x000000002400009e        0x1 ./Core/Src/Navigation.o
                0x000000002400009e                Nav_TrajectoryMode_en
 .bss.Nav_GoToXY_State_en
                0x000000002400009f        0x1 ./Core/Src/Navigation.o
                0x000000002400009f                Nav_GoToXY_State_en
 .bss.Nav_XYTargets_ad
                0x00000000240000a0       0xa0 ./Core/Src/Navigation.o
                0x00000000240000a0                Nav_XYTargets_ad
 .bss.Nav_CurrentTargetNumber_u8
                0x0000000024000140        0x1 ./Core/Src/Navigation.o
                0x0000000024000140                Nav_CurrentTargetNumber_u8
 .bss.Nav_NumberOfTargets_u8
                0x0000000024000141        0x1 ./Core/Src/Navigation.o
                0x0000000024000141                Nav_NumberOfTargets_u8
 *fill*         0x0000000024000142        0x6 
 .bss.Nav_KpDistance_d
                0x0000000024000148        0x8 ./Core/Src/Navigation.o
                0x0000000024000148                Nav_KpDistance_d
 .bss.Nav_KiDistance_d
                0x0000000024000150        0x8 ./Core/Src/Navigation.o
                0x0000000024000150                Nav_KiDistance_d
 .bss.Nav_KdDistance_d
                0x0000000024000158        0x8 ./Core/Src/Navigation.o
                0x0000000024000158                Nav_KdDistance_d
 .bss.Nav_KpAngle_d
                0x0000000024000160        0x8 ./Core/Src/Navigation.o
                0x0000000024000160                Nav_KpAngle_d
 .bss.Nav_KiAngle_d
                0x0000000024000168        0x8 ./Core/Src/Navigation.o
                0x0000000024000168                Nav_KiAngle_d
 .bss.Nav_KdAngle_d
                0x0000000024000170        0x8 ./Core/Src/Navigation.o
                0x0000000024000170                Nav_KdAngle_d
 .bss.Nav_RightTicks_i32
                0x0000000024000178        0x4 ./Core/Src/Navigation.o
                0x0000000024000178                Nav_RightTicks_i32
 .bss.Nav_LeftTicks_i32
                0x000000002400017c        0x4 ./Core/Src/Navigation.o
                0x000000002400017c                Nav_LeftTicks_i32
 .bss.Nav_ConvertLeft_Ticks2mm_d
                0x0000000024000180        0x8 ./Core/Src/Navigation.o
                0x0000000024000180                Nav_ConvertLeft_Ticks2mm_d
 .bss.Nav_ConvertRight_Ticks2mm_d
                0x0000000024000188        0x8 ./Core/Src/Navigation.o
                0x0000000024000188                Nav_ConvertRight_Ticks2mm_d
 .bss.Nav_MeasuredDistanceLeft_mm_d
                0x0000000024000190        0x8 ./Core/Src/Navigation.o
                0x0000000024000190                Nav_MeasuredDistanceLeft_mm_d
 .bss.Nav_MeasuredDistanceRight_mm_d
                0x0000000024000198        0x8 ./Core/Src/Navigation.o
                0x0000000024000198                Nav_MeasuredDistanceRight_mm_d
 .bss.Nav_MeasuredDistance_mm_d
                0x00000000240001a0        0x8 ./Core/Src/Navigation.o
                0x00000000240001a0                Nav_MeasuredDistance_mm_d
 .bss.Nav_PrevMeasuredDistance_mm_d
                0x00000000240001a8        0x8 ./Core/Src/Navigation.o
                0x00000000240001a8                Nav_PrevMeasuredDistance_mm_d
 .bss.Nav_LimitDistance_mm_d
                0x00000000240001b0        0x8 ./Core/Src/Navigation.o
                0x00000000240001b0                Nav_LimitDistance_mm_d
 .bss.Nav_ReferenceAngle_deg_d
                0x00000000240001b8        0x8 ./Core/Src/Navigation.o
                0x00000000240001b8                Nav_ReferenceAngle_deg_d
 .bss.Nav_ReferenceDistance_d
                0x00000000240001c0        0x8 ./Core/Src/Navigation.o
                0x00000000240001c0                Nav_ReferenceDistance_d
 .bss.Nav_MeasuredAngle_rad_d
                0x00000000240001c8        0x8 ./Core/Src/Navigation.o
                0x00000000240001c8                Nav_MeasuredAngle_rad_d
 .bss.Nav_PrevMeasuredAngle_rad_d
                0x00000000240001d0        0x8 ./Core/Src/Navigation.o
                0x00000000240001d0                Nav_PrevMeasuredAngle_rad_d
 .bss.Nav_RemainingAngle_deg_d
                0x00000000240001d8        0x8 ./Core/Src/Navigation.o
                0x00000000240001d8                Nav_RemainingAngle_deg_d
 .bss.Nav_CurveCoefficient_d
                0x00000000240001e0        0x8 ./Core/Src/Navigation.o
                0x00000000240001e0                Nav_CurveCoefficient_d
 .bss.Nav_CurrentAngle_rad_d
                0x00000000240001e8        0x8 ./Core/Src/Navigation.o
                0x00000000240001e8                Nav_CurrentAngle_rad_d
 .bss.Nav_PrevAngle_rad_d
                0x00000000240001f0        0x8 ./Core/Src/Navigation.o
                0x00000000240001f0                Nav_PrevAngle_rad_d
 .bss.Nav_AverageAngle_rad_d
                0x00000000240001f8        0x8 ./Core/Src/Navigation.o
                0x00000000240001f8                Nav_AverageAngle_rad_d
 .bss.Nav_CurrentAngle_deg_d
                0x0000000024000200        0x8 ./Core/Src/Navigation.o
                0x0000000024000200                Nav_CurrentAngle_deg_d
 .bss.Nav_DeltaX_mm_d
                0x0000000024000208        0x8 ./Core/Src/Navigation.o
                0x0000000024000208                Nav_DeltaX_mm_d
 .bss.Nav_DeltaY_mm_d
                0x0000000024000210        0x8 ./Core/Src/Navigation.o
                0x0000000024000210                Nav_DeltaY_mm_d
 .bss.Nav_CurrentX_mm_d
                0x0000000024000218        0x8 ./Core/Src/Navigation.o
                0x0000000024000218                Nav_CurrentX_mm_d
 .bss.Nav_CurrentY_mm_d
                0x0000000024000220        0x8 ./Core/Src/Navigation.o
                0x0000000024000220                Nav_CurrentY_mm_d
 .bss.Nav_CurrentTargetX_mm_d
                0x0000000024000228        0x8 ./Core/Src/Navigation.o
                0x0000000024000228                Nav_CurrentTargetX_mm_d
 .bss.Nav_CurrentTargetY_mm_d
                0x0000000024000230        0x8 ./Core/Src/Navigation.o
                0x0000000024000230                Nav_CurrentTargetY_mm_d
 .bss.Nav_TargetX_mm_d
                0x0000000024000238        0x8 ./Core/Src/Navigation.o
                0x0000000024000238                Nav_TargetX_mm_d
 .bss.Nav_TargetY_mm_d
                0x0000000024000240        0x8 ./Core/Src/Navigation.o
                0x0000000024000240                Nav_TargetY_mm_d
 .bss.Nav_TargetArrivingAngle_deg_d
                0x0000000024000248        0x8 ./Core/Src/Navigation.o
                0x0000000024000248                Nav_TargetArrivingAngle_deg_d
 .bss.Nav_Test_enter_2
                0x0000000024000250        0x4 ./Core/Src/Navigation.o
                0x0000000024000250                Nav_Test_enter_2
 *fill*         0x0000000024000254        0x4 
 .bss.Nav_TargetDistance_mm_d
                0x0000000024000258        0x8 ./Core/Src/Navigation.o
                0x0000000024000258                Nav_TargetDistance_mm_d
 .bss.Nav_RemainingDistance_mm_d
                0x0000000024000260        0x8 ./Core/Src/Navigation.o
                0x0000000024000260                Nav_RemainingDistance_mm_d
 .bss.Nav_CurrentTargetDistance_mm_d
                0x0000000024000268        0x8 ./Core/Src/Navigation.o
                0x0000000024000268                Nav_CurrentTargetDistance_mm_d
 .bss.Nav_PrevTargetDistance_mm_d
                0x0000000024000270        0x8 ./Core/Src/Navigation.o
                0x0000000024000270                Nav_PrevTargetDistance_mm_d
 .bss.Nav_TargetAngle_deg_d
                0x0000000024000278        0x8 ./Core/Src/Navigation.o
                0x0000000024000278                Nav_TargetAngle_deg_d
 .bss.Nav_CurrentTargetAngle_deg_d
                0x0000000024000280        0x8 ./Core/Src/Navigation.o
                0x0000000024000280                Nav_CurrentTargetAngle_deg_d
 .bss.Nav_PrevTargetAngle_deg_d
                0x0000000024000288        0x8 ./Core/Src/Navigation.o
                0x0000000024000288                Nav_PrevTargetAngle_deg_d
 .bss.Nav_TargetLinearVelocity_d
                0x0000000024000290        0x8 ./Core/Src/Navigation.o
                0x0000000024000290                Nav_TargetLinearVelocity_d
 .bss.Nav_TargetAngularVelocity_d
                0x0000000024000298        0x8 ./Core/Src/Navigation.o
                0x0000000024000298                Nav_TargetAngularVelocity_d
 .bss.Nav_ReferenceAngularVelocity_d
                0x00000000240002a0        0x8 ./Core/Src/Navigation.o
                0x00000000240002a0                Nav_ReferenceAngularVelocity_d
 .bss.Nav_MeasuredVelocity_mm_d
                0x00000000240002a8        0x8 ./Core/Src/Navigation.o
                0x00000000240002a8                Nav_MeasuredVelocity_mm_d
 .bss.Nav_MeasuredAngularVelocity_rad_d
                0x00000000240002b0        0x8 ./Core/Src/Navigation.o
                0x00000000240002b0                Nav_MeasuredAngularVelocity_rad_d
 .bss.Nav_MeasuredAngularVelocity_deg_d
                0x00000000240002b8        0x8 ./Core/Src/Navigation.o
                0x00000000240002b8                Nav_MeasuredAngularVelocity_deg_d
 .bss.Nav_ReferenceLinearVelocity_d
                0x00000000240002c0        0x8 ./Core/Src/Navigation.o
                0x00000000240002c0                Nav_ReferenceLinearVelocity_d
 .bss.Nav_DistanceError_d
                0x00000000240002c8        0x8 ./Core/Src/Navigation.o
                0x00000000240002c8                Nav_DistanceError_d
 .bss.Nav_SumDistanceError_d
                0x00000000240002d0        0x8 ./Core/Src/Navigation.o
                0x00000000240002d0                Nav_SumDistanceError_d
 .bss.Nav_PID_DistanceOutput_d
                0x00000000240002d8        0x8 ./Core/Src/Navigation.o
                0x00000000240002d8                Nav_PID_DistanceOutput_d
 .bss.Nav_AngleError_d
                0x00000000240002e0        0x8 ./Core/Src/Navigation.o
                0x00000000240002e0                Nav_AngleError_d
 .bss.Nav_SumAngleError_d
                0x00000000240002e8        0x8 ./Core/Src/Navigation.o
                0x00000000240002e8                Nav_SumAngleError_d
 .bss.Nav_PID_AngleOutput_d
                0x00000000240002f0        0x8 ./Core/Src/Navigation.o
                0x00000000240002f0                Nav_PID_AngleOutput_d
 .bss.Nav_RightMotorCommand_i32
                0x00000000240002f8        0x4 ./Core/Src/Navigation.o
                0x00000000240002f8                Nav_RightMotorCommand_i32
 .bss.Nav_LeftMotorCommand_i32
                0x00000000240002fc        0x4 ./Core/Src/Navigation.o
                0x00000000240002fc                Nav_LeftMotorCommand_i32
 .bss.MONITOR_RightMotorCommand_i32
                0x0000000024000300        0x4 ./Core/Src/Navigation.o
                0x0000000024000300                MONITOR_RightMotorCommand_i32
 .bss.MONITOR_LeftMotorCommand_i32
                0x0000000024000304        0x4 ./Core/Src/Navigation.o
                0x0000000024000304                MONITOR_LeftMotorCommand_i32
 .bss.Nav_Acc_d
                0x0000000024000308        0x8 ./Core/Src/Navigation.o
                0x0000000024000308                Nav_Acc_d
 .bss.Nav_MaxVelocity_d
                0x0000000024000310        0x8 ./Core/Src/Navigation.o
                0x0000000024000310                Nav_MaxVelocity_d
 .bss.Nav_AngularAcc_d
                0x0000000024000318        0x8 ./Core/Src/Navigation.o
                0x0000000024000318                Nav_AngularAcc_d
 .bss.Nav_MaxAngularVelocity_d
                0x0000000024000320        0x8 ./Core/Src/Navigation.o
                0x0000000024000320                Nav_MaxAngularVelocity_d
 .bss.Nav_CurrentSample_u32
                0x0000000024000328        0x4 ./Core/Src/Navigation.o
                0x0000000024000328                Nav_CurrentSample_u32
 .bss.Nav_AccelerationSamples_u32
                0x000000002400032c        0x4 ./Core/Src/Navigation.o
                0x000000002400032c                Nav_AccelerationSamples_u32
 .bss.Nav_Counter_u32
                0x0000000024000330        0x4 ./Core/Src/Navigation.o
                0x0000000024000330                Nav_Counter_u32
 .bss.htim1     0x0000000024000334       0x4c ./Core/Src/main.o
                0x0000000024000334                htim1
 .bss.htim2     0x0000000024000380       0x4c ./Core/Src/main.o
                0x0000000024000380                htim2
 .bss.htim5     0x00000000240003cc       0x4c ./Core/Src/main.o
                0x00000000240003cc                htim5
 .bss.htim6     0x0000000024000418       0x4c ./Core/Src/main.o
                0x0000000024000418                htim6
 .bss.uwTick    0x0000000024000464        0x4 ./Drivers/STM32H7xx_HAL_Driver/stm32h7xx_hal.o
                0x0000000024000464                uwTick
 *(COMMON)
                0x0000000024000468                . = ALIGN (0x4)
                0x0000000024000468                _ebss = .
                0x0000000024000468                __bss_end__ = _ebss

._user_heap_stack
                0x0000000024000468      0x600 load address 0x00000000080098c8
                0x0000000024000468                . = ALIGN (0x8)
                [!provide]                        PROVIDE (end = .)
                0x0000000024000468                PROVIDE (_end = .)
                0x0000000024000668                . = (. + _Min_Heap_Size)
 *fill*         0x0000000024000468      0x200 
                0x0000000024000a68                . = (. + _Min_Stack_Size)
 *fill*         0x0000000024000668      0x400 
                0x0000000024000a68                . = ALIGN (0x8)

/DISCARD/
 libc.a(*)
 libm.a(*)
 libgcc.a(*)

.ARM.attributes
                0x0000000000000000       0x2e
 *(.ARM.attributes)
 .ARM.attributes
                0x0000000000000000       0x1e c:/st/stm32cubeide_1.6.1/stm32cubeide/plugins/com.st.stm32cube.ide.mcu.externaltools.gnu-tools-for-stm32.10.3-2021.10.win32_1.0.200.202301161003/tools/bin/../lib/gcc/arm-none-eabi/10.3.1/thumb/v7e-m+dp/hard/crti.o
 .ARM.attributes
                0x000000000000001e       0x32 c:/st/stm32cubeide_1.6.1/stm32cubeide/plugins/com.st.stm32cube.ide.mcu.externaltools.gnu-tools-for-stm32.10.3-2021.10.win32_1.0.200.202301161003/tools/bin/../lib/gcc/arm-none-eabi/10.3.1/thumb/v7e-m+dp/hard/crtbegin.o
 .ARM.attributes
                0x0000000000000050       0x32 ./Common/Src/system_stm32h7xx_dualcore_boot_cm4_cm7.o
 .ARM.attributes
                0x0000000000000082       0x32 ./Core/Src/NavRoutineFunctions.o
 .ARM.attributes
                0x00000000000000b4       0x32 ./Core/Src/NavStateMachines.o
 .ARM.attributes
                0x00000000000000e6       0x32 ./Core/Src/Navigation.o
 .ARM.attributes
                0x0000000000000118       0x32 ./Core/Src/main.o
 .ARM.attributes
                0x000000000000014a       0x32 ./Core/Src/ringbuff.o
 .ARM.attributes
                0x000000000000017c       0x32 ./Core/Src/stm32h7xx_hal_msp.o
 .ARM.attributes
                0x00000000000001ae       0x32 ./Core/Src/stm32h7xx_it.o
 .ARM.attributes
                0x00000000000001e0       0x21 ./Core/Startup/startup_stm32h745zitx.o
 .ARM.attributes
                0x0000000000000201       0x32 ./Drivers/STM32H7xx_HAL_Driver/stm32h7xx_hal.o
 .ARM.attributes
                0x0000000000000233       0x32 ./Drivers/STM32H7xx_HAL_Driver/stm32h7xx_hal_cortex.o
 .ARM.attributes
                0x0000000000000265       0x32 ./Drivers/STM32H7xx_HAL_Driver/stm32h7xx_hal_gpio.o
 .ARM.attributes
                0x0000000000000297       0x32 ./Drivers/STM32H7xx_HAL_Driver/stm32h7xx_hal_hsem.o
 .ARM.attributes
                0x00000000000002c9       0x32 ./Drivers/STM32H7xx_HAL_Driver/stm32h7xx_hal_pwr_ex.o
 .ARM.attributes
                0x00000000000002fb       0x32 ./Drivers/STM32H7xx_HAL_Driver/stm32h7xx_hal_rcc.o
 .ARM.attributes
                0x000000000000032d       0x32 ./Drivers/STM32H7xx_HAL_Driver/stm32h7xx_hal_rcc_ex.o
 .ARM.attributes
                0x000000000000035f       0x32 ./Drivers/STM32H7xx_HAL_Driver/stm32h7xx_hal_tim.o
 .ARM.attributes
                0x0000000000000391       0x32 ./Drivers/STM32H7xx_HAL_Driver/stm32h7xx_hal_tim_ex.o
 .ARM.attributes
                0x00000000000003c3       0x32 c:/st/stm32cubeide_1.6.1/stm32cubeide/plugins/com.st.stm32cube.ide.mcu.externaltools.gnu-tools-for-stm32.10.3-2021.10.win32_1.0.200.202301161003/tools/bin/../lib/gcc/arm-none-eabi/10.3.1/../../../../arm-none-eabi/lib/thumb/v7e-m+dp/hard\libc_nano.a(lib_a-errno.o)
 .ARM.attributes
                0x00000000000003f5       0x32 c:/st/stm32cubeide_1.6.1/stm32cubeide/plugins/com.st.stm32cube.ide.mcu.externaltools.gnu-tools-for-stm32.10.3-2021.10.win32_1.0.200.202301161003/tools/bin/../lib/gcc/arm-none-eabi/10.3.1/../../../../arm-none-eabi/lib/thumb/v7e-m+dp/hard\libc_nano.a(lib_a-impure.o)
 .ARM.attributes
                0x0000000000000427       0x32 c:/st/stm32cubeide_1.6.1/stm32cubeide/plugins/com.st.stm32cube.ide.mcu.externaltools.gnu-tools-for-stm32.10.3-2021.10.win32_1.0.200.202301161003/tools/bin/../lib/gcc/arm-none-eabi/10.3.1/../../../../arm-none-eabi/lib/thumb/v7e-m+dp/hard\libc_nano.a(lib_a-init.o)
 .ARM.attributes
                0x0000000000000459       0x32 c:/st/stm32cubeide_1.6.1/stm32cubeide/plugins/com.st.stm32cube.ide.mcu.externaltools.gnu-tools-for-stm32.10.3-2021.10.win32_1.0.200.202301161003/tools/bin/../lib/gcc/arm-none-eabi/10.3.1/../../../../arm-none-eabi/lib/thumb/v7e-m+dp/hard\libc_nano.a(lib_a-memset.o)
 .ARM.attributes
                0x000000000000048b       0x32 c:/st/stm32cubeide_1.6.1/stm32cubeide/plugins/com.st.stm32cube.ide.mcu.externaltools.gnu-tools-for-stm32.10.3-2021.10.win32_1.0.200.202301161003/tools/bin/../lib/gcc/arm-none-eabi/10.3.1/../../../../arm-none-eabi/lib/thumb/v7e-m+dp/hard\libm.a(lib_a-pow.o)
 .ARM.attributes
                0x00000000000004bd       0x32 c:/st/stm32cubeide_1.6.1/stm32cubeide/plugins/com.st.stm32cube.ide.mcu.externaltools.gnu-tools-for-stm32.10.3-2021.10.win32_1.0.200.202301161003/tools/bin/../lib/gcc/arm-none-eabi/10.3.1/../../../../arm-none-eabi/lib/thumb/v7e-m+dp/hard\libm.a(lib_a-pow_log_data.o)
 .ARM.attributes
                0x00000000000004ef       0x32 c:/st/stm32cubeide_1.6.1/stm32cubeide/plugins/com.st.stm32cube.ide.mcu.externaltools.gnu-tools-for-stm32.10.3-2021.10.win32_1.0.200.202301161003/tools/bin/../lib/gcc/arm-none-eabi/10.3.1/../../../../arm-none-eabi/lib/thumb/v7e-m+dp/hard\libm.a(lib_a-s_cos.o)
 .ARM.attributes
                0x0000000000000521       0x32 c:/st/stm32cubeide_1.6.1/stm32cubeide/plugins/com.st.stm32cube.ide.mcu.externaltools.gnu-tools-for-stm32.10.3-2021.10.win32_1.0.200.202301161003/tools/bin/../lib/gcc/arm-none-eabi/10.3.1/../../../../arm-none-eabi/lib/thumb/v7e-m+dp/hard\libm.a(lib_a-s_sin.o)
 .ARM.attributes
                0x0000000000000553       0x32 c:/st/stm32cubeide_1.6.1/stm32cubeide/plugins/com.st.stm32cube.ide.mcu.externaltools.gnu-tools-for-stm32.10.3-2021.10.win32_1.0.200.202301161003/tools/bin/../lib/gcc/arm-none-eabi/10.3.1/../../../../arm-none-eabi/lib/thumb/v7e-m+dp/hard\libm.a(lib_a-w_atan2.o)
 .ARM.attributes
                0x0000000000000585       0x32 c:/st/stm32cubeide_1.6.1/stm32cubeide/plugins/com.st.stm32cube.ide.mcu.externaltools.gnu-tools-for-stm32.10.3-2021.10.win32_1.0.200.202301161003/tools/bin/../lib/gcc/arm-none-eabi/10.3.1/../../../../arm-none-eabi/lib/thumb/v7e-m+dp/hard\libm.a(lib_a-w_sqrt.o)
 .ARM.attributes
                0x00000000000005b7       0x32 c:/st/stm32cubeide_1.6.1/stm32cubeide/plugins/com.st.stm32cube.ide.mcu.externaltools.gnu-tools-for-stm32.10.3-2021.10.win32_1.0.200.202301161003/tools/bin/../lib/gcc/arm-none-eabi/10.3.1/../../../../arm-none-eabi/lib/thumb/v7e-m+dp/hard\libm.a(lib_a-e_atan2.o)
 .ARM.attributes
                0x00000000000005e9       0x32 c:/st/stm32cubeide_1.6.1/stm32cubeide/plugins/com.st.stm32cube.ide.mcu.externaltools.gnu-tools-for-stm32.10.3-2021.10.win32_1.0.200.202301161003/tools/bin/../lib/gcc/arm-none-eabi/10.3.1/../../../../arm-none-eabi/lib/thumb/v7e-m+dp/hard\libm.a(lib_a-e_rem_pio2.o)
 .ARM.attributes
                0x000000000000061b       0x32 c:/st/stm32cubeide_1.6.1/stm32cubeide/plugins/com.st.stm32cube.ide.mcu.externaltools.gnu-tools-for-stm32.10.3-2021.10.win32_1.0.200.202301161003/tools/bin/../lib/gcc/arm-none-eabi/10.3.1/../../../../arm-none-eabi/lib/thumb/v7e-m+dp/hard\libm.a(lib_a-e_sqrt.o)
 .ARM.attributes
                0x000000000000064d       0x32 c:/st/stm32cubeide_1.6.1/stm32cubeide/plugins/com.st.stm32cube.ide.mcu.externaltools.gnu-tools-for-stm32.10.3-2021.10.win32_1.0.200.202301161003/tools/bin/../lib/gcc/arm-none-eabi/10.3.1/../../../../arm-none-eabi/lib/thumb/v7e-m+dp/hard\libm.a(lib_a-exp_data.o)
 .ARM.attributes
                0x000000000000067f       0x32 c:/st/stm32cubeide_1.6.1/stm32cubeide/plugins/com.st.stm32cube.ide.mcu.externaltools.gnu-tools-for-stm32.10.3-2021.10.win32_1.0.200.202301161003/tools/bin/../lib/gcc/arm-none-eabi/10.3.1/../../../../arm-none-eabi/lib/thumb/v7e-m+dp/hard\libm.a(lib_a-k_cos.o)
 .ARM.attributes
                0x00000000000006b1       0x32 c:/st/stm32cubeide_1.6.1/stm32cubeide/plugins/com.st.stm32cube.ide.mcu.externaltools.gnu-tools-for-stm32.10.3-2021.10.win32_1.0.200.202301161003/tools/bin/../lib/gcc/arm-none-eabi/10.3.1/../../../../arm-none-eabi/lib/thumb/v7e-m+dp/hard\libm.a(lib_a-k_rem_pio2.o)
 .ARM.attributes
                0x00000000000006e3       0x32 c:/st/stm32cubeide_1.6.1/stm32cubeide/plugins/com.st.stm32cube.ide.mcu.externaltools.gnu-tools-for-stm32.10.3-2021.10.win32_1.0.200.202301161003/tools/bin/../lib/gcc/arm-none-eabi/10.3.1/../../../../arm-none-eabi/lib/thumb/v7e-m+dp/hard\libm.a(lib_a-k_sin.o)
 .ARM.attributes
                0x0000000000000715       0x32 c:/st/stm32cubeide_1.6.1/stm32cubeide/plugins/com.st.stm32cube.ide.mcu.externaltools.gnu-tools-for-stm32.10.3-2021.10.win32_1.0.200.202301161003/tools/bin/../lib/gcc/arm-none-eabi/10.3.1/../../../../arm-none-eabi/lib/thumb/v7e-m+dp/hard\libm.a(lib_a-math_err.o)
 .ARM.attributes
                0x0000000000000747       0x32 c:/st/stm32cubeide_1.6.1/stm32cubeide/plugins/com.st.stm32cube.ide.mcu.externaltools.gnu-tools-for-stm32.10.3-2021.10.win32_1.0.200.202301161003/tools/bin/../lib/gcc/arm-none-eabi/10.3.1/../../../../arm-none-eabi/lib/thumb/v7e-m+dp/hard\libm.a(lib_a-s_atan.o)
 .ARM.attributes
                0x0000000000000779       0x32 c:/st/stm32cubeide_1.6.1/stm32cubeide/plugins/com.st.stm32cube.ide.mcu.externaltools.gnu-tools-for-stm32.10.3-2021.10.win32_1.0.200.202301161003/tools/bin/../lib/gcc/arm-none-eabi/10.3.1/../../../../arm-none-eabi/lib/thumb/v7e-m+dp/hard\libm.a(lib_a-s_fabs.o)
 .ARM.attributes
                0x00000000000007ab       0x32 c:/st/stm32cubeide_1.6.1/stm32cubeide/plugins/com.st.stm32cube.ide.mcu.externaltools.gnu-tools-for-stm32.10.3-2021.10.win32_1.0.200.202301161003/tools/bin/../lib/gcc/arm-none-eabi/10.3.1/../../../../arm-none-eabi/lib/thumb/v7e-m+dp/hard\libm.a(lib_a-s_floor.o)
 .ARM.attributes
                0x00000000000007dd       0x32 c:/st/stm32cubeide_1.6.1/stm32cubeide/plugins/com.st.stm32cube.ide.mcu.externaltools.gnu-tools-for-stm32.10.3-2021.10.win32_1.0.200.202301161003/tools/bin/../lib/gcc/arm-none-eabi/10.3.1/../../../../arm-none-eabi/lib/thumb/v7e-m+dp/hard\libm.a(lib_a-s_scalbn.o)
 .ARM.attributes
                0x000000000000080f       0x1e c:/st/stm32cubeide_1.6.1/stm32cubeide/plugins/com.st.stm32cube.ide.mcu.externaltools.gnu-tools-for-stm32.10.3-2021.10.win32_1.0.200.202301161003/tools/bin/../lib/gcc/arm-none-eabi/10.3.1/thumb/v7e-m+dp/hard/crtn.o
OUTPUT(Euro_Navigation_CM7.elf elf32-littlearm)
LOAD linker stubs
LOAD c:/st/stm32cubeide_1.6.1/stm32cubeide/plugins/com.st.stm32cube.ide.mcu.externaltools.gnu-tools-for-stm32.10.3-2021.10.win32_1.0.200.202301161003/tools/bin/../lib/gcc/arm-none-eabi/10.3.1/../../../../arm-none-eabi/lib/thumb/v7e-m+dp/hard\libc.a
LOAD c:/st/stm32cubeide_1.6.1/stm32cubeide/plugins/com.st.stm32cube.ide.mcu.externaltools.gnu-tools-for-stm32.10.3-2021.10.win32_1.0.200.202301161003/tools/bin/../lib/gcc/arm-none-eabi/10.3.1/../../../../arm-none-eabi/lib/thumb/v7e-m+dp/hard\libm.a
LOAD c:/st/stm32cubeide_1.6.1/stm32cubeide/plugins/com.st.stm32cube.ide.mcu.externaltools.gnu-tools-for-stm32.10.3-2021.10.win32_1.0.200.202301161003/tools/bin/../lib/gcc/arm-none-eabi/10.3.1/thumb/v7e-m+dp/hard\libgcc.a

.debug_info     0x0000000000000000    0x11ecb
 .debug_info    0x0000000000000000      0xdca ./Common/Src/system_stm32h7xx_dualcore_boot_cm4_cm7.o
 .debug_info    0x0000000000000dca      0x4fb ./Core/Src/NavRoutineFunctions.o
 .debug_info    0x00000000000012c5      0x774 ./Core/Src/NavStateMachines.o
 .debug_info    0x0000000000001a39      0xd5c ./Core/Src/Navigation.o
 .debug_info    0x0000000000002795     0x1cef ./Core/Src/main.o
 .debug_info    0x0000000000004484      0x6a5 ./Core/Src/ringbuff.o
 .debug_info    0x0000000000004b29     0x129d ./Core/Src/stm32h7xx_hal_msp.o
 .debug_info    0x0000000000005dc6      0x865 ./Core/Src/stm32h7xx_it.o
 .debug_info    0x000000000000662b       0x22 ./Core/Startup/startup_stm32h745zitx.o
 .debug_info    0x000000000000664d     0x1826 ./Drivers/STM32H7xx_HAL_Driver/stm32h7xx_hal.o
 .debug_info    0x0000000000007e73     0x118b ./Drivers/STM32H7xx_HAL_Driver/stm32h7xx_hal_cortex.o
 .debug_info    0x0000000000008ffe      0xde0 ./Drivers/STM32H7xx_HAL_Driver/stm32h7xx_hal_gpio.o
 .debug_info    0x0000000000009dde      0x3fd ./Drivers/STM32H7xx_HAL_Driver/stm32h7xx_hal_hsem.o
 .debug_info    0x000000000000a1db     0x12c2 ./Drivers/STM32H7xx_HAL_Driver/stm32h7xx_hal_pwr_ex.o
 .debug_info    0x000000000000b49d      0xf48 ./Drivers/STM32H7xx_HAL_Driver/stm32h7xx_hal_rcc.o
 .debug_info    0x000000000000c3e5     0x13b9 ./Drivers/STM32H7xx_HAL_Driver/stm32h7xx_hal_rcc_ex.o
 .debug_info    0x000000000000d79e     0x2e05 ./Drivers/STM32H7xx_HAL_Driver/stm32h7xx_hal_tim.o
 .debug_info    0x00000000000105a3     0x1928 ./Drivers/STM32H7xx_HAL_Driver/stm32h7xx_hal_tim_ex.o

.debug_abbrev   0x0000000000000000     0x23f6
 .debug_abbrev  0x0000000000000000      0x147 ./Common/Src/system_stm32h7xx_dualcore_boot_cm4_cm7.o
 .debug_abbrev  0x0000000000000147       0xfc ./Core/Src/NavRoutineFunctions.o
 .debug_abbrev  0x0000000000000243      0x143 ./Core/Src/NavStateMachines.o
 .debug_abbrev  0x0000000000000386      0x15b ./Core/Src/Navigation.o
 .debug_abbrev  0x00000000000004e1      0x363 ./Core/Src/main.o
 .debug_abbrev  0x0000000000000844      0x229 ./Core/Src/ringbuff.o
 .debug_abbrev  0x0000000000000a6d      0x1e5 ./Core/Src/stm32h7xx_hal_msp.o
 .debug_abbrev  0x0000000000000c52      0x184 ./Core/Src/stm32h7xx_it.o
 .debug_abbrev  0x0000000000000dd6       0x12 ./Core/Startup/startup_stm32h745zitx.o
 .debug_abbrev  0x0000000000000de8      0x289 ./Drivers/STM32H7xx_HAL_Driver/stm32h7xx_hal.o
 .debug_abbrev  0x0000000000001071      0x329 ./Drivers/STM32H7xx_HAL_Driver/stm32h7xx_hal_cortex.o
 .debug_abbrev  0x000000000000139a      0x1ec ./Drivers/STM32H7xx_HAL_Driver/stm32h7xx_hal_gpio.o
 .debug_abbrev  0x0000000000001586      0x1d0 ./Drivers/STM32H7xx_HAL_Driver/stm32h7xx_hal_hsem.o
 .debug_abbrev  0x0000000000001756      0x2bc ./Drivers/STM32H7xx_HAL_Driver/stm32h7xx_hal_pwr_ex.o
 .debug_abbrev  0x0000000000001a12      0x2b8 ./Drivers/STM32H7xx_HAL_Driver/stm32h7xx_hal_rcc.o
 .debug_abbrev  0x0000000000001cca      0x25c ./Drivers/STM32H7xx_HAL_Driver/stm32h7xx_hal_rcc_ex.o
 .debug_abbrev  0x0000000000001f26      0x264 ./Drivers/STM32H7xx_HAL_Driver/stm32h7xx_hal_tim.o
 .debug_abbrev  0x000000000000218a      0x26c ./Drivers/STM32H7xx_HAL_Driver/stm32h7xx_hal_tim_ex.o

.debug_aranges  0x0000000000000000      0xf50
 .debug_aranges
                0x0000000000000000       0x28 ./Common/Src/system_stm32h7xx_dualcore_boot_cm4_cm7.o
 .debug_aranges
                0x0000000000000028       0x48 ./Core/Src/NavRoutineFunctions.o
 .debug_aranges
                0x0000000000000070       0x30 ./Core/Src/NavStateMachines.o
 .debug_aranges
                0x00000000000000a0       0x78 ./Core/Src/Navigation.o
 .debug_aranges
                0x0000000000000118       0x80 ./Core/Src/main.o
 .debug_aranges
                0x0000000000000198       0x98 ./Core/Src/ringbuff.o
 .debug_aranges
                0x0000000000000230       0x48 ./Core/Src/stm32h7xx_hal_msp.o
 .debug_aranges
                0x0000000000000278       0x68 ./Core/Src/stm32h7xx_it.o
 .debug_aranges
                0x00000000000002e0       0x28 ./Core/Startup/startup_stm32h745zitx.o
 .debug_aranges
                0x0000000000000308      0x200 ./Drivers/STM32H7xx_HAL_Driver/stm32h7xx_hal.o
 .debug_aranges
                0x0000000000000508      0x120 ./Drivers/STM32H7xx_HAL_Driver/stm32h7xx_hal_cortex.o
 .debug_aranges
                0x0000000000000628       0x58 ./Drivers/STM32H7xx_HAL_Driver/stm32h7xx_hal_gpio.o
 .debug_aranges
                0x0000000000000680       0x70 ./Drivers/STM32H7xx_HAL_Driver/stm32h7xx_hal_hsem.o
 .debug_aranges
                0x00000000000006f0      0x170 ./Drivers/STM32H7xx_HAL_Driver/stm32h7xx_hal_pwr_ex.o
 .debug_aranges
                0x0000000000000860       0x88 ./Drivers/STM32H7xx_HAL_Driver/stm32h7xx_hal_rcc.o
 .debug_aranges
                0x00000000000008e8      0x100 ./Drivers/STM32H7xx_HAL_Driver/stm32h7xx_hal_rcc_ex.o
 .debug_aranges
                0x00000000000009e8      0x3e0 ./Drivers/STM32H7xx_HAL_Driver/stm32h7xx_hal_tim.o
 .debug_aranges
                0x0000000000000dc8      0x188 ./Drivers/STM32H7xx_HAL_Driver/stm32h7xx_hal_tim_ex.o

.debug_ranges   0x0000000000000000      0xe38
 .debug_ranges  0x0000000000000000       0x18 ./Common/Src/system_stm32h7xx_dualcore_boot_cm4_cm7.o
 .debug_ranges  0x0000000000000018       0x38 ./Core/Src/NavRoutineFunctions.o
 .debug_ranges  0x0000000000000050       0x20 ./Core/Src/NavStateMachines.o
 .debug_ranges  0x0000000000000070       0x68 ./Core/Src/Navigation.o
 .debug_ranges  0x00000000000000d8       0x70 ./Core/Src/main.o
 .debug_ranges  0x0000000000000148       0x88 ./Core/Src/ringbuff.o
 .debug_ranges  0x00000000000001d0       0x38 ./Core/Src/stm32h7xx_hal_msp.o
 .debug_ranges  0x0000000000000208       0x58 ./Core/Src/stm32h7xx_it.o
 .debug_ranges  0x0000000000000260       0x20 ./Core/Startup/startup_stm32h745zitx.o
 .debug_ranges  0x0000000000000280      0x1f0 ./Drivers/STM32H7xx_HAL_Driver/stm32h7xx_hal.o
 .debug_ranges  0x0000000000000470      0x110 ./Drivers/STM32H7xx_HAL_Driver/stm32h7xx_hal_cortex.o
 .debug_ranges  0x0000000000000580       0x48 ./Drivers/STM32H7xx_HAL_Driver/stm32h7xx_hal_gpio.o
 .debug_ranges  0x00000000000005c8       0x60 ./Drivers/STM32H7xx_HAL_Driver/stm32h7xx_hal_hsem.o
 .debug_ranges  0x0000000000000628      0x160 ./Drivers/STM32H7xx_HAL_Driver/stm32h7xx_hal_pwr_ex.o
 .debug_ranges  0x0000000000000788       0x78 ./Drivers/STM32H7xx_HAL_Driver/stm32h7xx_hal_rcc.o
 .debug_ranges  0x0000000000000800       0xf0 ./Drivers/STM32H7xx_HAL_Driver/stm32h7xx_hal_rcc_ex.o
 .debug_ranges  0x00000000000008f0      0x3d0 ./Drivers/STM32H7xx_HAL_Driver/stm32h7xx_hal_tim.o
 .debug_ranges  0x0000000000000cc0      0x178 ./Drivers/STM32H7xx_HAL_Driver/stm32h7xx_hal_tim_ex.o

.debug_macro    0x0000000000000000    0x399c5
 .debug_macro   0x0000000000000000      0x294 ./Common/Src/system_stm32h7xx_dualcore_boot_cm4_cm7.o
 .debug_macro   0x0000000000000294      0xa96 ./Common/Src/system_stm32h7xx_dualcore_boot_cm4_cm7.o
 .debug_macro   0x0000000000000d2a       0x2e ./Common/Src/system_stm32h7xx_dualcore_boot_cm4_cm7.o
 .debug_macro   0x0000000000000d58       0x49 ./Common/Src/system_stm32h7xx_dualcore_boot_cm4_cm7.o
 .debug_macro   0x0000000000000da1       0x22 ./Common/Src/system_stm32h7xx_dualcore_boot_cm4_cm7.o
 .debug_macro   0x0000000000000dc3       0x8e ./Common/Src/system_stm32h7xx_dualcore_boot_cm4_cm7.o
 .debug_macro   0x0000000000000e51       0x51 ./Common/Src/system_stm32h7xx_dualcore_boot_cm4_cm7.o
 .debug_macro   0x0000000000000ea2      0x103 ./Common/Src/system_stm32h7xx_dualcore_boot_cm4_cm7.o
 .debug_macro   0x0000000000000fa5       0x6a ./Common/Src/system_stm32h7xx_dualcore_boot_cm4_cm7.o
 .debug_macro   0x000000000000100f      0x1df ./Common/Src/system_stm32h7xx_dualcore_boot_cm4_cm7.o
 .debug_macro   0x00000000000011ee       0x1c ./Common/Src/system_stm32h7xx_dualcore_boot_cm4_cm7.o
 .debug_macro   0x000000000000120a       0x22 ./Common/Src/system_stm32h7xx_dualcore_boot_cm4_cm7.o
 .debug_macro   0x000000000000122c       0xfb ./Common/Src/system_stm32h7xx_dualcore_boot_cm4_cm7.o
 .debug_macro   0x0000000000001327     0x1305 ./Common/Src/system_stm32h7xx_dualcore_boot_cm4_cm7.o
 .debug_macro   0x000000000000262c      0x11f ./Common/Src/system_stm32h7xx_dualcore_boot_cm4_cm7.o
 .debug_macro   0x000000000000274b       0x27 ./Common/Src/system_stm32h7xx_dualcore_boot_cm4_cm7.o
 .debug_macro   0x0000000000002772    0x26d4a ./Common/Src/system_stm32h7xx_dualcore_boot_cm4_cm7.o
 .debug_macro   0x00000000000294bc       0x6d ./Common/Src/system_stm32h7xx_dualcore_boot_cm4_cm7.o
 .debug_macro   0x0000000000029529      0x232 ./Common/Src/system_stm32h7xx_dualcore_boot_cm4_cm7.o
 .debug_macro   0x000000000002975b     0x3d5d ./Common/Src/system_stm32h7xx_dualcore_boot_cm4_cm7.o
 .debug_macro   0x000000000002d4b8      0x174 ./Common/Src/system_stm32h7xx_dualcore_boot_cm4_cm7.o
 .debug_macro   0x000000000002d62c       0x52 ./Common/Src/system_stm32h7xx_dualcore_boot_cm4_cm7.o
 .debug_macro   0x000000000002d67e       0x1d ./Common/Src/system_stm32h7xx_dualcore_boot_cm4_cm7.o
 .debug_macro   0x000000000002d69b       0x3c ./Common/Src/system_stm32h7xx_dualcore_boot_cm4_cm7.o
 .debug_macro   0x000000000002d6d7       0x34 ./Common/Src/system_stm32h7xx_dualcore_boot_cm4_cm7.o
 .debug_macro   0x000000000002d70b       0x16 ./Common/Src/system_stm32h7xx_dualcore_boot_cm4_cm7.o
 .debug_macro   0x000000000002d721       0x43 ./Common/Src/system_stm32h7xx_dualcore_boot_cm4_cm7.o
 .debug_macro   0x000000000002d764       0x34 ./Common/Src/system_stm32h7xx_dualcore_boot_cm4_cm7.o
 .debug_macro   0x000000000002d798       0x10 ./Common/Src/system_stm32h7xx_dualcore_boot_cm4_cm7.o
 .debug_macro   0x000000000002d7a8       0x58 ./Common/Src/system_stm32h7xx_dualcore_boot_cm4_cm7.o
 .debug_macro   0x000000000002d800       0x71 ./Common/Src/system_stm32h7xx_dualcore_boot_cm4_cm7.o
 .debug_macro   0x000000000002d871       0x1c ./Common/Src/system_stm32h7xx_dualcore_boot_cm4_cm7.o
 .debug_macro   0x000000000002d88d      0x12a ./Common/Src/system_stm32h7xx_dualcore_boot_cm4_cm7.o
 .debug_macro   0x000000000002d9b7      0x341 ./Common/Src/system_stm32h7xx_dualcore_boot_cm4_cm7.o
 .debug_macro   0x000000000002dcf8      0x19b ./Common/Src/system_stm32h7xx_dualcore_boot_cm4_cm7.o
 .debug_macro   0x000000000002de93       0x5d ./Common/Src/system_stm32h7xx_dualcore_boot_cm4_cm7.o
 .debug_macro   0x000000000002def0     0x3a9d ./Common/Src/system_stm32h7xx_dualcore_boot_cm4_cm7.o
 .debug_macro   0x000000000003198d     0x1072 ./Common/Src/system_stm32h7xx_dualcore_boot_cm4_cm7.o
 .debug_macro   0x00000000000329ff      0x154 ./Common/Src/system_stm32h7xx_dualcore_boot_cm4_cm7.o
 .debug_macro   0x0000000000032b53      0x130 ./Common/Src/system_stm32h7xx_dualcore_boot_cm4_cm7.o
 .debug_macro   0x0000000000032c83      0x3be ./Common/Src/system_stm32h7xx_dualcore_boot_cm4_cm7.o
 .debug_macro   0x0000000000033041       0xac ./Common/Src/system_stm32h7xx_dualcore_boot_cm4_cm7.o
 .debug_macro   0x00000000000330ed      0x72d ./Common/Src/system_stm32h7xx_dualcore_boot_cm4_cm7.o
 .debug_macro   0x000000000003381a      0x228 ./Common/Src/system_stm32h7xx_dualcore_boot_cm4_cm7.o
 .debug_macro   0x0000000000033a42       0x66 ./Common/Src/system_stm32h7xx_dualcore_boot_cm4_cm7.o
 .debug_macro   0x0000000000033aa8      0x3bb ./Common/Src/system_stm32h7xx_dualcore_boot_cm4_cm7.o
 .debug_macro   0x0000000000033e63      0x407 ./Common/Src/system_stm32h7xx_dualcore_boot_cm4_cm7.o
 .debug_macro   0x000000000003426a      0x27c ./Common/Src/system_stm32h7xx_dualcore_boot_cm4_cm7.o
 .debug_macro   0x00000000000344e6      0x3ca ./Common/Src/system_stm32h7xx_dualcore_boot_cm4_cm7.o
 .debug_macro   0x00000000000348b0      0x4a2 ./Common/Src/system_stm32h7xx_dualcore_boot_cm4_cm7.o
 .debug_macro   0x0000000000034d52       0x51 ./Common/Src/system_stm32h7xx_dualcore_boot_cm4_cm7.o
 .debug_macro   0x0000000000034da3       0x4a ./Common/Src/system_stm32h7xx_dualcore_boot_cm4_cm7.o
 .debug_macro   0x0000000000034ded      0x22c ./Common/Src/system_stm32h7xx_dualcore_boot_cm4_cm7.o
 .debug_macro   0x0000000000035019       0x67 ./Common/Src/system_stm32h7xx_dualcore_boot_cm4_cm7.o
 .debug_macro   0x0000000000035080       0xa5 ./Common/Src/system_stm32h7xx_dualcore_boot_cm4_cm7.o
 .debug_macro   0x0000000000035125      0x218 ./Common/Src/system_stm32h7xx_dualcore_boot_cm4_cm7.o
 .debug_macro   0x000000000003533d      0x2ea ./Common/Src/system_stm32h7xx_dualcore_boot_cm4_cm7.o
 .debug_macro   0x0000000000035627       0x35 ./Common/Src/system_stm32h7xx_dualcore_boot_cm4_cm7.o
 .debug_macro   0x000000000003565c      0xaf3 ./Common/Src/system_stm32h7xx_dualcore_boot_cm4_cm7.o
 .debug_macro   0x000000000003614f      0x29f ./Common/Src/system_stm32h7xx_dualcore_boot_cm4_cm7.o
 .debug_macro   0x00000000000363ee      0x798 ./Common/Src/system_stm32h7xx_dualcore_boot_cm4_cm7.o